Microchip MPLAB XC8 Compiler V1.41 ()

Linker command line:

-W-3 --edf=C:\Program Files (x86)\Microchip\xc8\v1.41\dat\en_msgs.txt -cs \
  -h+dist/default/debug\PWM.debug.sym \
  --cmf=dist/default/debug\PWM.debug.cmf -z -Q16F1574 \
  -oC:\Users\METEOR\AppData\Local\Temp\sfu8.2 \
  -Mdist/default/debug/PWM.debug.map -E1 -ver=XC8 -ASTACK=0212Ch-0218bh \
  -pstack=STACK -ACODE=00h-07FFhx2 -ASTRCODE=00h-0FFFh -ASTRING=00h-0FFhx16 \
  -ACONST=00h-0FFhx16 -AENTRY=00h-0FFhx16 -ACOMMON=070h-07Fh \
  -ABANK0=020h-06Fh -ABANK1=0A0h-0EFh -ABANK2=0120h-016Fh \
  -ABANK3=01A0h-01EFh -ABANK4=0220h-026Fh -ABANK5=02A0h-02EFh \
  -ABANK6=0320h-032Fh -ABIGRAM=02000h-021EFh \
  -ARAM=020h-06Fh,0A0h-0EFh,0120h-016Fh,01A0h-01EFh,0220h-026Fh,02A0h-02EFh,0320h-032Fh \
  -AABS1=020h-07Fh,0A0h-0EFh,0120h-016Fh,01A0h-01EFh,0220h-026Fh,02A0h-02EFh,0320h-032Fh \
  -ASFR0=00h-01Fh -ASFR1=080h-09Fh -ASFR2=0100h-011Fh -ASFR3=0180h-019Fh \
  -ASFR4=0200h-021Fh -ASFR5=0280h-029Fh -ASFR6=0300h-031Fh \
  -ASFR7=0380h-03EFh -ASFR8=0400h-046Fh -ASFR9=0480h-04EFh \
  -ASFR10=0500h-056Fh -ASFR11=0580h-05EFh -ASFR12=0600h-066Fh \
  -ASFR13=0680h-06EFh -ASFR14=0700h-076Fh -ASFR15=0780h-07EFh \
  -ASFR16=0800h-086Fh -ASFR17=0880h-08EFh -ASFR18=0900h-096Fh \
  -ASFR19=0980h-09EFh -ASFR20=0A00h-0A6Fh -ASFR21=0A80h-0AEFh \
  -ASFR22=0B00h-0B6Fh -ASFR23=0B80h-0BEFh -ASFR24=0C00h-0C6Fh \
  -ASFR25=0C80h-0CEFh -ASFR26=0D00h-0D6Fh -ASFR27=0D80h-0DEFh \
  -ASFR28=0E00h-0E6Fh -ASFR29=0E80h-0EEFh -ASFR30=0F00h-0F6Fh \
  -ASFR31=0F80h-0FEFh -preset_vec=00h,intentry=04h,init,end_init \
  -ppowerup=CODE -pcinit=CODE -pfunctab=CODE -ACONFIG=08007h-08008h \
  -pconfig=CONFIG -DCONFIG=2 -AIDLOC=08000h-08003h -pidloc=IDLOC -DIDLOC=2 \
  -DCODE=2 -DSTRCODE=2 -DSTRING=2 -DCONST=2 -DENTRY=2 -k \
  C:\Users\METEOR\AppData\Local\Temp\sfu8.obj \
  dist/default/debug\PWM.debug.obj 

Object code version is 3.11

Machine type is 16F1574



                Name                               Link     Load   Length Selector   Space Scale
C:\Users\METEOR\AppData\Local\Temp\sfu8.obj
                end_init                             13       13        2        8       0
                reset_vec                             0        0        3        0       0
                config                             8007     8007        2    1000E       0
dist/default/debug\PWM.debug.obj
                cinit                                15       15      7B7        8       0
                intentry                              4        4        F        8       0
                text30                              AF5      AF5        A     15EA       0
                swtext1                             9D2      9D2        C     13A4       0
                text29                              B7E      B7E       DE     16FC       0
                text27                              B0B      B0B       73     1616       0
                text3                               C5C      C5C      3A4     18B8       0
                cstackBANK0                          20       20       4D       20       1
                cstackCOMMON                         70       70        6       70       1
                cstackBANK3                         1D4      1D4        8      1A0       1
                clrtext                             AFF      AFF        C     15FE       0
                bssBANK3                            1A0      1A0       34      1A0       1
                dataBANK2                           164      164        8      120       1
                bssBANK2                            120      120       44      120       1
                dataBANK1                            E8       E8        5       A0       1
                bssBANK1                             A0       A0       48       A0       1
                bssCOMMON                            76       76        4       70       1
                nvBANK1                              ED       ED        2       A0       1
                stringtext                          7CC      7CC      206      F98       0

TOTAL           Name                               Link     Load   Length     Space
        CLASS   STACK          

        CLASS   CODE           
                end_init                             13       13        2         0
                cinit                                15       15      7B7         0
                intentry                              4        4        F         0
                reset_vec                             0        0        3         0
                text30                              AF5      AF5        A         0
                text29                              B7E      B7E       DE         0
                text27                              B0B      B0B       73         0
                text3                               C5C      C5C      3A4         0
                clrtext                             AFF      AFF        C         0

        CLASS   STRCODE        
                stringtext                          7CC      7CC      206         0

        CLASS   STRING         

        CLASS   CONST          
                swtext1                             9D2      9D2        C         0

        CLASS   ENTRY          

        CLASS   COMMON         
                cstackCOMMON                         70       70        6         1
                bssCOMMON                            76       76        4         1

        CLASS   BANK0          
                cstackBANK0                          20       20       4D         1

        CLASS   BANK1          
                dataBANK1                            E8       E8        5         1
                bssBANK1                             A0       A0       48         1
                nvBANK1                              ED       ED        2         1

        CLASS   BANK2          
                dataBANK2                           164      164        8         1
                bssBANK2                            120      120       44         1

        CLASS   BANK3          
                cstackBANK3                         1D4      1D4        8         1
                bssBANK3                            1A0      1A0       34         1

        CLASS   BANK4          

        CLASS   BANK5          

        CLASS   BANK6          

        CLASS   BIGRAM         

        CLASS   RAM            

        CLASS   ABS1           
                abs_s1                               7E       7E        2         1
                abs_s1                              26C      26C        4         1
                abs_s1                              2A0      2A0       50         1
                abs_s1                              320      320       10         1
                abs_s1                             218C     218C        0         1

        CLASS   SFR0           

        CLASS   SFR1           

        CLASS   SFR2           

        CLASS   SFR3           

        CLASS   SFR4           

        CLASS   SFR5           

        CLASS   SFR6           

        CLASS   SFR7           

        CLASS   SFR8           

        CLASS   SFR9           

        CLASS   SFR10          

        CLASS   SFR11          

        CLASS   SFR12          

        CLASS   SFR13          

        CLASS   SFR14          

        CLASS   SFR15          

        CLASS   SFR16          

        CLASS   SFR17          

        CLASS   SFR18          

        CLASS   SFR19          

        CLASS   SFR20          

        CLASS   SFR21          

        CLASS   SFR22          

        CLASS   SFR23          

        CLASS   SFR24          

        CLASS   SFR25          

        CLASS   SFR26          

        CLASS   SFR27          

        CLASS   SFR28          

        CLASS   SFR29          

        CLASS   SFR30          

        CLASS   SFR31          

        CLASS   CONFIG         
                config                             8007     8007        2         0

        CLASS   IDLOC          

        CLASS   BANK31         

        CLASS   BANK30         

        CLASS   BANK29         

        CLASS   BANK28         

        CLASS   BANK27         

        CLASS   BANK26         

        CLASS   BANK25         

        CLASS   BANK24         

        CLASS   BANK23         

        CLASS   BANK22         

        CLASS   BANK21         

        CLASS   BANK20         

        CLASS   BANK19         

        CLASS   BANK18         

        CLASS   BANK17         

        CLASS   BANK16         

        CLASS   BANK15         

        CLASS   BANK14         

        CLASS   BANK13         

        CLASS   BANK12         

        CLASS   BANK11         

        CLASS   BANK10         

        CLASS   BANK9          

        CLASS   BANK8          

        CLASS   BANK7          

        CLASS   EEDATA         



SEGMENTS        Name                           Load    Length   Top    Selector   Space  Class     Delta

                reset_vec                      000000  000003  000003         0       0  CODE        2
                intentry                       000004  0007C8  0007CC         8       0  CODE        2
                cstackBANK0                    000020  00004D  00006D        20       1  BANK0       1
                cstackCOMMON                   000070  00000A  00007A        70       1  COMMON      1
                bssBANK1                       0000A0  00004F  0000EF        A0       1  BANK1       1
                bssBANK2                       000120  00004C  00016C       120       1  BANK2       1
                bssBANK3                       0001A0  00003C  0001DC       1A0       1  BANK3       1
                stringtext                     0007CC  000206  0009D2       F98       0  STRCODE     2
                swtext1                        0009D2  00000C  0009DE      13A4       0  CONST       2
                text30                         000AF5  00000A  000AFF      15EA       0  CODE        2
                clrtext                        000AFF  00000C  000B0B      15FE       0  CODE        2
                text27                         000B0B  000073  000B7E      1616       0  CODE        2
                text29                         000B7E  0000DE  000C5C      16FC       0  CODE        2
                text3                          000C5C  0003A4  001000      18B8       0  CODE        2
                config                         008007  000002  008009     1000E       0  CONFIG      2


UNUSED ADDRESS RANGES

        Name                Unused          Largest block    Delta
        BANK0            0006D-0006F               3           1
        BANK1            000EF-000EF               1           1
        BANK2            0016C-0016F               4           1
        BANK3            001DC-001EF              14           1
        BANK4            00220-0026B              4C           1
        BIGRAM           02000-021EF             1F0           1
        CODE             00003-00003               1           2
                         009DE-00AF4             117
        COMMON           0007A-0007D               4           1
        CONST            00003-00003               1           2
                         009DE-00AF4              22
        ENTRY            00003-00003               1           2
                         009DE-00AF4              22
        IDLOC            08000-08003               4           2
        RAM              0006D-0006F               3           1
                         000EF-000EF               1
                         0016C-0016F               4
                         001DC-001EF              14
                         00220-0026B              4C
        SFR0             00000-0001F              20           1
        SFR1             00080-0009F              20           1
        SFR10            00500-0056F              70           1
        SFR11            00580-005EF              70           1
        SFR12            00600-0066F              70           1
        SFR13            00680-006EF              70           1
        SFR14            00700-0076F              70           1
        SFR15            00780-007EF              70           1
        SFR16            00800-0086F              70           1
        SFR17            00880-008EF              70           1
        SFR18            00900-0096F              70           1
        SFR19            00980-009EF              70           1
        SFR2             00100-0011F              20           1
        SFR20            00A00-00A6F              70           1
        SFR21            00A80-00AEF              70           1
        SFR22            00B00-00B6F              70           1
        SFR23            00B80-00BEF              70           1
        SFR24            00C00-00C6F              70           1
        SFR25            00C80-00CEF              70           1
        SFR26            00D00-00D6F              70           1
        SFR27            00D80-00DEF              70           1
        SFR28            00E00-00E6F              70           1
        SFR29            00E80-00EEF              70           1
        SFR3             00180-0019F              20           1
        SFR30            00F00-00F6F              70           1
        SFR31            00F80-00FEF              70           1
        SFR4             00200-0021F              20           1
        SFR5             00280-0029F              20           1
        SFR6             00300-0031F              20           1
        SFR7             00380-003EF              70           1
        SFR8             00400-0046F              70           1
        SFR9             00480-004EF              70           1
        STACK            0212C-0218B              60           1
        STRCODE          00003-00003               1           2
                         009DE-00AF4             117
        STRING           00003-00003               1           2
                         009DE-00AF4              22

                                  Symbol Table

?_RDM_get_checkSum            cstackBANK0  00020
?___awtoft                    cstackBANK0  00028
?___ftadd                     cstackBANK0  0004A
?___ftdiv                     cstackBANK0  0003B
?___ftmul                     cstackBANK0  0002C
?___ftpack                    cstackBANK0  00020
?___ftsub                     cstackBANK0  00056
?___fttol                     cstackBANK0  0005C
?___lbtoft                    cstackBANK0  00028
?___lwtoft                    cstackBANK0  00028
DMX_init@Addr                 cstackCOMMON 00074
DMX_interrput@RxDat           cstackCOMMON 00072
DMX_loop@Addr                 cstackBANK0  0006C
PL10                          cinit        00617
PL100                         cinit        0070E
PL102                         text27       00B78
PL104                         cinit        00714
PL106                         text29       00C57
PL108                         cinit        00718
PL110                         text3        00FFB
PL12                          text3        00E3D
PL14                          cinit        0062E
PL16                          cinit        00637
PL18                          cinit        0063D
PL2                           cinit        005C0
PL20                          cinit        00646
PL22                          cinit        0064D
PL24                          cinit        00654
PL26                          cinit        00663
PL28                          cinit        0066B
PL30                          text3        00E53
PL32                          cinit        00670
PL34                          text3        00E61
PL36                          cinit        0067D
PL38                          cinit        0068A
PL4                           cinit        005D6
PL40                          text3        00FE8
PL42                          text3        00F27
PL44                          cinit        00697
PL46                          text3        00E6E
PL48                          cinit        0069E
PL50                          cinit        006A7
PL52                          cinit        006AD
PL54                          cinit        006B5
PL56                          cinit        006BC
PL58                          text3        00E77
PL6                           cinit        005F3
PL60                          cinit        006C2
PL62                          cinit        006C9
PL64                          text3        00FF4
PL66                          text3        00E7D
PL68                          text3        00F32
PL70                          cinit        006D0
PL72                          cinit        006D7
PL74                          text3        00E84
PL76                          cinit        006DD
PL78                          cinit        007BF
PL8                           cinit        00610
PL80                          text3        00E8A
PL82                          cinit        006E2
PL84                          cinit        006E8
PL86                          cinit        006EF
PL88                          text3        00E91
PL90                          cinit        006F6
PL92                          cinit        006FC
PL94                          text3        00E98
PL96                          cinit        00702
PL98                          cinit        00708
RDM_get_checkSum@Data         cstackBANK0  00020
RDM_get_checkSum@len          cstackBANK0  00038
_ADCON0                       (abs)        0009D
_ADCON1                       (abs)        0009E
_ADC_Data                     bssBANK1     000D9
_ADC_Flags                    bssBANK1     000D8
_ADC_init                     cinit        000A8
_ADC_interrupt                text30       00AF5
_ADC_loop                     cinit        000B4
_ADIE                         (abs)        0048E
_ADIF                         (abs)        0008E
_ADRESH                       (abs)        0009C
_ANSA2                        (abs)        00C62
_ANSA4                        (abs)        00C64
_ANSC0                        (abs)        00C70
_ANSC1                        (abs)        00C71
_ANSC2                        (abs)        00C72
_ANSC3                        (abs)        00C73
_BAUDCON                      (abs)        0019F
_BRGH                         (abs)        00CF2
_CurrentPWM                   bssBANK2     00140
_DISCOVERY_RDM_Data           bssBANK3     001BC
_DMXPeriod                    dataBANK1    000EC
_DMXPeriodConst               bssBANK1     000E1
_DMXSign                      bssBANK1     000BF
_DMXStepConst                 bssBANK1     000E0
_DMX_Address                  nvBANK1      000ED
_DMX_CurrentBright            bssBANK1     000AC
_DMX_Flags                    bssCOMMON    00076
_DMX_Repeat                   dataBANK2    00164
_DMX_SpaceBright              bssBANK3     001A0
_DMX_TargetBright             bssBANK1     000A0
_DMX_difference               bssBANK1     000C3
_DMX_init                     cinit        000DB
_DMX_interrput                text29       00B7E
_DMX_loop                     cinit        0014C
_DMX_loop$1439                cstackBANK0  00069
_DMX_sumRepeat                dataBANK1    000E8
_FERR                         (abs)        00CEA
_GO_nDONE                     (abs)        004E9
_INTCON                       (abs)        0000B
_LATC3                        (abs)        00873
_LATC4                        (abs)        00874
_OSCCON                       (abs)        00099
_OSCTUNE                      (abs)        00098
_PD                           (abs)        0218C
_PDCount                      bssCOMMON    00079
_PD_Flag                      bssBANK1     000CA
_PD_ID                        bssBANK1     000CC
_PD_Manu                      bssBANK1     000CE
_PEIE                         (abs)        0005E
_PR2                          (abs)        0001B
_PWM                          stringtext   007CC
_PWM1CLKCON                   (abs)        00D9E
_PWM1CON                      (abs)        00D9B
_PWM1DC                       (abs)        00D93
_PWM1DCH                      (abs)        00D94
_PWM1DCL                      (abs)        00D93
_PWM1LDCON                    (abs)        00D9F
_PWM1PHH                      (abs)        00D92
_PWM1PHL                      (abs)        00D91
_PWM1PRH                      (abs)        00D96
_PWM1PRL                      (abs)        00D95
_PWM2CLKCON                   (abs)        00DAE
_PWM2CON                      (abs)        00DAB
_PWM2DC                       (abs)        00DA3
_PWM2DCH                      (abs)        00DA4
_PWM2DCL                      (abs)        00DA3
_PWM2LDCON                    (abs)        00DAF
_PWM2PHH                      (abs)        00DA2
_PWM2PHL                      (abs)        00DA1
_PWM2PRH                      (abs)        00DA6
_PWM2PRL                      (abs)        00DA5
_PWM3CLKCON                   (abs)        00DBE
_PWM3CON                      (abs)        00DBB
_PWM3DC                       (abs)        00DB3
_PWM3DCH                      (abs)        00DB4
_PWM3DCL                      (abs)        00DB3
_PWM3LDCON                    (abs)        00DBF
_PWM3PHH                      (abs)        00DB2
_PWM3PHL                      (abs)        00DB1
_PWM3PRH                      (abs)        00DB6
_PWM3PRL                      (abs)        00DB5
_PWM4CLKCON                   (abs)        00DCE
_PWM4CON                      (abs)        00DCB
_PWM4DC                       (abs)        00DC3
_PWM4DCH                      (abs)        00DC4
_PWM4DCL                      (abs)        00DC3
_PWM4LDCON                    (abs)        00DCF
_PWM4PHH                      (abs)        00DC2
_PWM4PHL                      (abs)        00DC1
_PWM4PRH                      (abs)        00DC6
_PWM4PRL                      (abs)        00DC5
_PWMDCHptr                    bssBANK3     001B4
_PWMDCLptr                    bssBANK2     00138
_PWMLDCONptr                  bssBANK3     001AC
_PackCount                    bssCOMMON    00078
_RA2PPS                       (abs)        00E92
_RA5                          (abs)        00065
_RC0PPS                       (abs)        00EA0
_RC1PPS                       (abs)        00EA1
_RC2PPS                       (abs)        00EA2
_RC4PPS                       (abs)        00EA4
_RCIE                         (abs)        0048D
_RCIF                         (abs)        0008D
_RCREG                        (abs)        00199
_RCSTA                        (abs)        0019D
_RDM_GET_CC                   text3        00DB1
_RDM_SET_CC                   text3        00E24
_RDM_TXSTART                  text3        00CCE
_RDM_discovery_CC             text3        00C5C
_RDM_get_checkSum             text3        00D83
_RDM_init                     text3        00F38
_RDM_rx_loop                  text3        00D1C
_RDM_tx_TimerBreak            text3        00D0C
_RDM_tx_interrupt             text3        00E9D
_RXPPS                        (abs)        00E15
_RX_RDM_Data                  bssBANK2     00120
_RxAddrCount                  bssBANK1     000D6
_RxData                       bssBANK1     000E4
_RxDataPtr                    bssBANK1     000E3
_RxState                      bssBANK1     000E2
_RxTimer                      bssBANK1     000D4
_SPBRGH                       (abs)        0019C
_SPBRGL                       (abs)        0019B
_SPEN                         (abs)        00CEF
_SYNC                         (abs)        00CF4
_T1CON                        (abs)        00018
_TMR1                         (abs)        00016
_TMR1IE                       (abs)        00488
_TMR1IF                       (abs)        00088
_TRISA2                       (abs)        00462
_TRISA4                       (abs)        00464
_TRISC0                       (abs)        00470
_TRISC1                       (abs)        00471
_TRISC2                       (abs)        00472
_TRISC3                       (abs)        00473
_TRISC4                       (abs)        00474
_TRISC5                       (abs)        00475
_TX9                          (abs)        00CF6
_TX9D                         (abs)        00CF0
_TXEN                         (abs)        00CF5
_TXIE                         (abs)        0048C
_TXIF                         (abs)        0008C
_TXREG                        (abs)        0019A
_TX_PDCount                   bssBANK1     000DB
_TX_PD_Flag                   bssBANK1     000C8
_TX_RDM_Data                  bssBANK2     0014C
_TX_RDM_Response_Set          text3        00CED
_Timer                        bssBANK1     000B8
_TimerState                   bssBANK1     000DA
_TxByte                       bssBANK1     000DD
_TxCount                      bssBANK1     000D0
_TxState                      bssBANK1     000DC
_UID                          stringtext   009CC
__CFG_BOREN$OFF               (abs)        00000
__CFG_CLKOUTEN$OFF            (abs)        00000
__CFG_CP$OFF                  (abs)        00000
__CFG_FOSC$INTOSC             (abs)        00000
__CFG_LPBOREN$OFF             (abs)        00000
__CFG_LVP$OFF                 (abs)        00000
__CFG_MCLRE$ON                (abs)        00000
__CFG_PLLEN$ON                (abs)        00000
__CFG_PPS1WAY$OFF             (abs)        00000
__CFG_PWRTE$OFF               (abs)        00000
__CFG_STVREN$ON               (abs)        00000
__CFG_WDTE$OFF                (abs)        00000
__CFG_WRT$OFF                 (abs)        00000
__Habs1                       abs1         00000
__Hbank0                      bank0        00000
__Hbank1                      bank1        00000
__Hbank10                     bank10       00000
__Hbank11                     bank11       00000
__Hbank12                     bank12       00000
__Hbank13                     bank13       00000
__Hbank14                     bank14       00000
__Hbank15                     bank15       00000
__Hbank16                     bank16       00000
__Hbank17                     bank17       00000
__Hbank18                     bank18       00000
__Hbank19                     bank19       00000
__Hbank2                      bank2        00000
__Hbank20                     bank20       00000
__Hbank21                     bank21       00000
__Hbank22                     bank22       00000
__Hbank23                     bank23       00000
__Hbank24                     bank24       00000
__Hbank25                     bank25       00000
__Hbank26                     bank26       00000
__Hbank27                     bank27       00000
__Hbank28                     bank28       00000
__Hbank29                     bank29       00000
__Hbank3                      bank3        00000
__Hbank30                     bank30       00000
__Hbank31                     bank31       00000
__Hbank4                      bank4        00000
__Hbank5                      bank5        00000
__Hbank6                      bank6        00000
__Hbank7                      bank7        00000
__Hbank8                      bank8        00000
__Hbank9                      bank9        00000
__Hbigram                     bigram       00000
__HbssBANK1                   bssBANK1     00000
__HbssBANK2                   bssBANK2     00000
__HbssBANK3                   bssBANK3     00000
__HbssCOMMON                  bssCOMMON    00000
__Hcinit                      cinit        007CC
__Hclrtext                    clrtext      00000
__Hcode                       code         00000
__Hcommon                     common       00000
__Hconfig                     config       08009
__HcstackBANK0                cstackBANK0  00000
__HcstackBANK3                cstackBANK3  00000
__HcstackCOMMON               cstackCOMMON 00000
__HdataBANK1                  dataBANK1    00000
__HdataBANK2                  dataBANK2    00000
__Heeprom_data                eeprom_data  00000
__Hend_init                   end_init     00015
__Hfunctab                    functab      00000
__HidataBANK1                 idataBANK1   00000
__HidataBANK2                 idataBANK2   00000
__Hidloc                      idloc        00000
__Hinit                       init         00013
__Hintentry                   intentry     00013
__Hmaintext                   maintext     00000
__HnvBANK1                    nvBANK1      00000
__Hpa_nodes0                  pa_nodes0    00000
__Hpowerup                    powerup      00000
__Hram                        ram          00000
__Hreset_vec                  reset_vec    00003
__Hsfr0                       sfr0         00000
__Hsfr1                       sfr1         00000
__Hsfr10                      sfr10        00000
__Hsfr11                      sfr11        00000
__Hsfr12                      sfr12        00000
__Hsfr13                      sfr13        00000
__Hsfr14                      sfr14        00000
__Hsfr15                      sfr15        00000
__Hsfr16                      sfr16        00000
__Hsfr17                      sfr17        00000
__Hsfr18                      sfr18        00000
__Hsfr19                      sfr19        00000
__Hsfr2                       sfr2         00000
__Hsfr20                      sfr20        00000
__Hsfr21                      sfr21        00000
__Hsfr22                      sfr22        00000
__Hsfr23                      sfr23        00000
__Hsfr24                      sfr24        00000
__Hsfr25                      sfr25        00000
__Hsfr26                      sfr26        00000
__Hsfr27                      sfr27        00000
__Hsfr28                      sfr28        00000
__Hsfr29                      sfr29        00000
__Hsfr3                       sfr3         00000
__Hsfr30                      sfr30        00000
__Hsfr31                      sfr31        00000
__Hsfr4                       sfr4         00000
__Hsfr5                       sfr5         00000
__Hsfr6                       sfr6         00000
__Hsfr7                       sfr7         00000
__Hsfr8                       sfr8         00000
__Hsfr9                       sfr9         00000
__Hspace_0                    (abs)        08009
__Hspace_1                    (abs)        001DC
__Hspace_2                    (abs)        00000
__Hspace_3                    (abs)        00000
__Hstack                      stack        00000
__Hstrings                    strings      00000
__Hstringtext                 stringtext   00000
__Htext                       text         00000
__Labs1                       abs1         00000
__Lbank0                      bank0        00000
__Lbank1                      bank1        00000
__Lbank10                     bank10       00000
__Lbank11                     bank11       00000
__Lbank12                     bank12       00000
__Lbank13                     bank13       00000
__Lbank14                     bank14       00000
__Lbank15                     bank15       00000
__Lbank16                     bank16       00000
__Lbank17                     bank17       00000
__Lbank18                     bank18       00000
__Lbank19                     bank19       00000
__Lbank2                      bank2        00000
__Lbank20                     bank20       00000
__Lbank21                     bank21       00000
__Lbank22                     bank22       00000
__Lbank23                     bank23       00000
__Lbank24                     bank24       00000
__Lbank25                     bank25       00000
__Lbank26                     bank26       00000
__Lbank27                     bank27       00000
__Lbank28                     bank28       00000
__Lbank29                     bank29       00000
__Lbank3                      bank3        00000
__Lbank30                     bank30       00000
__Lbank31                     bank31       00000
__Lbank4                      bank4        00000
__Lbank5                      bank5        00000
__Lbank6                      bank6        00000
__Lbank7                      bank7        00000
__Lbank8                      bank8        00000
__Lbank9                      bank9        00000
__Lbigram                     bigram       00000
__LbssBANK1                   bssBANK1     00000
__LbssBANK2                   bssBANK2     00000
__LbssBANK3                   bssBANK3     00000
__LbssCOMMON                  bssCOMMON    00000
__Lcinit                      cinit        00015
__Lclrtext                    clrtext      00000
__Lcode                       code         00000
__Lcommon                     common       00000
__Lconfig                     config       08007
__LcstackBANK0                cstackBANK0  00000
__LcstackBANK3                cstackBANK3  00000
__LcstackCOMMON               cstackCOMMON 00000
__LdataBANK1                  dataBANK1    00000
__LdataBANK2                  dataBANK2    00000
__Leeprom_data                eeprom_data  00000
__Lend_init                   end_init     00013
__Lfunctab                    functab      00000
__LidataBANK1                 idataBANK1   00000
__LidataBANK2                 idataBANK2   00000
__Lidloc                      idloc        00000
__Linit                       init         00013
__Lintentry                   intentry     00004
__Lmaintext                   maintext     00000
__LnvBANK1                    nvBANK1      00000
__Lpa_nodes0                  pa_nodes0    00000
__Lpowerup                    powerup      00000
__Lram                        ram          00000
__Lreset_vec                  reset_vec    00000
__Lsfr0                       sfr0         00000
__Lsfr1                       sfr1         00000
__Lsfr10                      sfr10        00000
__Lsfr11                      sfr11        00000
__Lsfr12                      sfr12        00000
__Lsfr13                      sfr13        00000
__Lsfr14                      sfr14        00000
__Lsfr15                      sfr15        00000
__Lsfr16                      sfr16        00000
__Lsfr17                      sfr17        00000
__Lsfr18                      sfr18        00000
__Lsfr19                      sfr19        00000
__Lsfr2                       sfr2         00000
__Lsfr20                      sfr20        00000
__Lsfr21                      sfr21        00000
__Lsfr22                      sfr22        00000
__Lsfr23                      sfr23        00000
__Lsfr24                      sfr24        00000
__Lsfr25                      sfr25        00000
__Lsfr26                      sfr26        00000
__Lsfr27                      sfr27        00000
__Lsfr28                      sfr28        00000
__Lsfr29                      sfr29        00000
__Lsfr3                       sfr3         00000
__Lsfr30                      sfr30        00000
__Lsfr31                      sfr31        00000
__Lsfr4                       sfr4         00000
__Lsfr5                       sfr5         00000
__Lsfr6                       sfr6         00000
__Lsfr7                       sfr7         00000
__Lsfr8                       sfr8         00000
__Lsfr9                       sfr9         00000
__Lspace_0                    (abs)        00000
__Lspace_1                    (abs)        00000
__Lspace_2                    (abs)        00000
__Lspace_3                    (abs)        00000
__Lstack                      stack        00000
__Lstrings                    strings      00000
__Lstringtext                 stringtext   00000
__Ltext                       text         00000
__S0                          (abs)        08009
__S1                          (abs)        001DC
__S2                          (abs)        00000
___awtoft                     cinit        005A5
___awtoft@c                   cstackBANK0  00028
___awtoft@sign                cstackCOMMON 00074
___bmul                       text3        00FDB
___bmul@multiplicand          cstackCOMMON 00074
___bmul@multiplier            cstackBANK0  00021
___bmul@product               cstackBANK0  00020
___ftadd                      cinit        0049B
___ftadd@exp1                 cstackBANK0  00055
___ftadd@exp2                 cstackBANK0  00054
___ftadd@f1                   cstackBANK0  0004A
___ftadd@f2                   cstackBANK0  0004D
___ftadd@sign                 cstackBANK0  00053
___ftdiv                      cinit        00413
___ftdiv@cntr                 cstackBANK0  00044
___ftdiv@exp                  cstackBANK0  00048
___ftdiv@f1                   cstackBANK0  0003E
___ftdiv@f2                   cstackBANK0  0003B
___ftdiv@f3                   cstackBANK0  00045
___ftdiv@sign                 cstackBANK0  00049
___ftge                       cinit        0046F
___ftge@ff1                   cstackBANK0  0002C
___ftge@ff2                   cstackBANK0  0002F
___ftmul                      cinit        00549
___ftmul@cntr                 cstackBANK0  00039
___ftmul@exp                  cstackBANK0  00035
___ftmul@f1                   cstackBANK0  0002C
___ftmul@f2                   cstackBANK0  0002F
___ftmul@f3_as_product        cstackBANK0  00036
___ftmul@sign                 cstackBANK0  0003A
___ftpack                     cinit        0072C
___ftpack@arg                 cstackBANK0  00020
___ftpack@exp                 cstackBANK0  00023
___ftpack@sign                cstackBANK0  00024
___ftsub                      cinit        003F8
___ftsub@f1                   cstackBANK0  00059
___ftsub@f2                   cstackBANK0  00056
___fttol                      cinit        0076A
___fttol@exp1                 cstackBANK0  00068
___fttol@f1                   cstackBANK0  0005C
___fttol@lval                 cstackBANK0  00064
___fttol@sign1                cstackBANK0  00063
___int_sp                     stack        00000
___latbits                    (abs)        00001
___lbtoft                     cinit        003E8
___lbtoft@c                   cstackCOMMON 00074
___lwtoft                     cinit        0071C
___lwtoft@c                   cstackBANK0  00028
___sp                         stack        00000
__end_ofPL10                  cinit        0062E
__end_ofPL100                 cinit        00714
__end_ofPL102                 text27       00B7E
__end_ofPL104                 cinit        00718
__end_ofPL106                 text29       00C5C
__end_ofPL108                 cinit        0071C
__end_ofPL110                 text3        01000
__end_ofPL12                  text3        00E53
__end_ofPL14                  cinit        00637
__end_ofPL16                  cinit        0063D
__end_ofPL18                  cinit        00646
__end_ofPL2                   cinit        005D6
__end_ofPL20                  cinit        0064D
__end_ofPL22                  cinit        00654
__end_ofPL24                  cinit        00663
__end_ofPL26                  cinit        0066B
__end_ofPL28                  cinit        00670
__end_ofPL30                  text3        00E61
__end_ofPL32                  cinit        0067D
__end_ofPL34                  text3        00E6E
__end_ofPL36                  cinit        0068A
__end_ofPL38                  cinit        00697
__end_ofPL4                   cinit        005F3
__end_ofPL40                  text3        00FF4
__end_ofPL42                  text3        00F32
__end_ofPL44                  cinit        0069E
__end_ofPL46                  text3        00E77
__end_ofPL48                  cinit        006A7
__end_ofPL50                  cinit        006AD
__end_ofPL52                  cinit        006B5
__end_ofPL54                  cinit        006BC
__end_ofPL56                  cinit        006C2
__end_ofPL58                  text3        00E7D
__end_ofPL6                   cinit        00610
__end_ofPL60                  cinit        006C9
__end_ofPL62                  cinit        006D0
__end_ofPL64                  text3        00FFB
__end_ofPL66                  text3        00E84
__end_ofPL68                  text3        00F38
__end_ofPL70                  cinit        006D7
__end_ofPL72                  cinit        006DD
__end_ofPL74                  text3        00E8A
__end_ofPL76                  cinit        006E2
__end_ofPL78                  cinit        007C6
__end_ofPL8                   cinit        00617
__end_ofPL80                  text3        00E91
__end_ofPL82                  cinit        006E8
__end_ofPL84                  cinit        006EF
__end_ofPL86                  cinit        006F6
__end_ofPL88                  text3        00E98
__end_ofPL90                  cinit        006FC
__end_ofPL92                  cinit        00702
__end_ofPL94                  text3        00E9D
__end_ofPL96                  cinit        00708
__end_ofPL98                  cinit        0070E
__end_of_ADC_init             cinit        000B4
__end_of_ADC_interrupt        text30       00AFF
__end_of_ADC_loop             cinit        000DB
__end_of_DMX_init             cinit        0014C
__end_of_DMX_interrput        text29       00C57
__end_of_DMX_loop             cinit        003E8
__end_of_PWM                  stringtext   009CC
__end_of_RDM_GET_CC           text3        00E24
__end_of_RDM_SET_CC           text3        00E3D
__end_of_RDM_TXSTART          text3        00CED
__end_of_RDM_discovery_CC     text3        00CCE
__end_of_RDM_get_checkSum     text3        00DB1
__end_of_RDM_init             text3        00FDB
__end_of_RDM_rx_loop          text3        00D83
__end_of_RDM_tx_TimerBreak    text3        00D1C
__end_of_RDM_tx_interrupt     text3        00F27
__end_of_TX_RDM_Response_Set  text3        00D0C
__end_of_UID                  stringtext   009D2
__end_of___awtoft             cinit        005C0
__end_of___bmul               text3        00FE8
__end_of___ftadd              cinit        00549
__end_of___ftdiv              cinit        0046F
__end_of___ftge               cinit        0049B
__end_of___ftmul              cinit        005A5
__end_of___ftpack             cinit        0076A
__end_of___ftsub              cinit        00413
__end_of___fttol              cinit        007BF
__end_of___lbtoft             cinit        003F8
__end_of___lwtoft             cinit        0072C
__end_of__initialization      cinit        00053
__end_of_isr                  intentry     00013
__end_of_main                 cinit        000A8
__end_of_timer1_init          cinit        007CC
__end_of_timer1_interrupt     text27       00B78
__initialization              cinit        00015
__pbssBANK1                   bssBANK1     000A0
__pbssBANK2                   bssBANK2     00120
__pbssBANK3                   bssBANK3     001A0
__pbssBIGRAM                  (abs)        0218C
__pbssCOMMON                  bssCOMMON    00076
__pcstackBANK0                cstackBANK0  00020
__pcstackBANK3                cstackBANK3  001D4
__pcstackCOMMON               cstackCOMMON 00070
__pdataBANK1                  dataBANK1    000E8
__pdataBANK2                  dataBANK2    00164
__pidataBANK1                 idataBANK1   00000
__pidataBANK2                 idataBANK2   00000
__pintentry                   intentry     00004
__pmaintext                   cinit        00056
__pnvBANK1                    nvBANK1      000ED
__pstringtext                 stringtext   007CC
__pswtext1                    swtext1      009D2
__ptext1                      cinit        007C6
__ptext10                     text3        00F38
__ptext11                     text3        00FDB
__ptext12                     cinit        0014C
__ptext13                     cinit        0071C
__ptext14                     cinit        003E8
__ptext15                     cinit        0076A
__ptext16                     cinit        003F8
__ptext17                     cinit        0049B
__ptext18                     cinit        00549
__ptext19                     cinit        0046F
__ptext2                      text3        00D1C
__ptext20                     cinit        00413
__ptext21                     cinit        005A5
__ptext22                     cinit        0072C
__ptext23                     cinit        000DB
__ptext24                     cinit        000B4
__ptext25                     cinit        000A8
__ptext27                     text27       00B0B
__ptext28                     text3        00E9D
__ptext29                     text29       00B7E
__ptext3                      text3        00C5C
__ptext30                     text30       00AF5
__ptext4                      text3        00E24
__ptext5                      text3        00DB1
__ptext6                      text3        00CCE
__ptext7                      text3        00CED
__ptext8                      text3        00D0C
__ptext9                      text3        00D83
__size_of_ADC_init            (abs)        00000
__size_of_ADC_interrupt       (abs)        00000
__size_of_ADC_loop            (abs)        00000
__size_of_DMX_init            (abs)        00000
__size_of_DMX_interrput       (abs)        00000
__size_of_DMX_loop            (abs)        00000
__size_of_RDM_GET_CC          (abs)        00000
__size_of_RDM_SET_CC          (abs)        00000
__size_of_RDM_TXSTART         (abs)        00000
__size_of_RDM_discovery_CC    (abs)        00000
__size_of_RDM_get_checkSum    (abs)        00000
__size_of_RDM_init            (abs)        00000
__size_of_RDM_rx_loop         (abs)        00000
__size_of_RDM_tx_TimerBreak   (abs)        00000
__size_of_RDM_tx_interrupt    (abs)        00000
__size_of_TX_RDM_Response_Set (abs)        00000
__size_of___awtoft            (abs)        00000
__size_of___bmul              (abs)        00000
__size_of___ftadd             (abs)        00000
__size_of___ftdiv             (abs)        00000
__size_of___ftge              (abs)        00000
__size_of___ftmul             (abs)        00000
__size_of___ftpack            (abs)        00000
__size_of___ftsub             (abs)        00000
__size_of___fttol             (abs)        00000
__size_of___lbtoft            (abs)        00000
__size_of___lwtoft            (abs)        00000
__size_of_isr                 (abs)        00000
__size_of_main                (abs)        00000
__size_of_timer1_init         (abs)        00000
__size_of_timer1_interrupt    (abs)        00000
_checkSum                     bssBANK1     000C6
_i                            bssBANK1     000D2
_isr                          intentry     00004
_main                         cinit        00056
_preRxData                    bssBANK2     00148
_rxdata                       bssBANK1     000DF
_send                         bssBANK1     000DE
_timer1_init                  cinit        007C6
_timer1_interrupt             text27       00B0B
btemp                         (abs)        0007E
clear_ram0                    clrtext      00AFF
end_of_initialization         cinit        00053
int$flags                     (abs)        0007E
intlevel0                     functab      00000
intlevel1                     functab      00000
intlevel2                     functab      00000
intlevel3                     functab      00000
intlevel4                     functab      00000
intlevel5                     functab      00000
reset_vec                     reset_vec    00000
stackhi                       (abs)        0218B
stacklo                       (abs)        0212C
start                         init         00013
start_initialization          cinit        00015
wtemp0                        (abs)        0007E


FUNCTION INFORMATION:

 *************** function _main *****************
 Defined at:
		line 24 in file "main.c"
 Parameters:    Size  Location     Type
		None
 Auto vars:     Size  Location     Type
		None
 Return value:  Size  Location     Type
                  1    wreg      void 
 Registers used:
		wreg, fsr0l, fsr0h, fsr1l, fsr1h, status,2, status,0, pclath, cstack
 Tracked objects:
		On entry : 
		On exit  : 
		Unchanged: 
 Data sizes:     COMMON   BANK0   BANK1   BANK2   BANK3   BANK4   BANK5   BANK6
      Params:         0       0       0       0       0       0       0       0
      Locals:         0       0       0       0       0       0       0       0
      Temps:          0       0       0       0       0       0       0       0
      Totals:         0       0       0       0       0       0       0       0
Total ram usage:        0 bytes
 Hardware stack levels required when called:    6
 This function calls:
		_ADC_init
		_ADC_loop
		_DMX_init
		_DMX_loop
		_RDM_init
		_RDM_rx_loop
		_timer1_init
 This function is called by:
		Startup code after reset
 This function uses a non-reentrant model


 *************** function _timer1_init *****************
 Defined at:
		line 15 in file "Timer.c"
 Parameters:    Size  Location     Type
		None
 Auto vars:     Size  Location     Type
		None
 Return value:  Size  Location     Type
                  2  106[None  ] int 
 Registers used:
		wreg
 Tracked objects:
		On entry : 
		On exit  : 
		Unchanged: 
 Data sizes:     COMMON   BANK0   BANK1   BANK2   BANK3   BANK4   BANK5   BANK6
      Params:         0       0       0       0       0       0       0       0
      Locals:         0       0       0       0       0       0       0       0
      Temps:          0       0       0       0       0       0       0       0
      Totals:         0       0       0       0       0       0       0       0
Total ram usage:        0 bytes
 Hardware stack levels used:    1
 Hardware stack levels required when called:    2
 This function calls:
		Nothing
 This function is called by:
		_main
 This function uses a non-reentrant model


 *************** function _RDM_rx_loop *****************
 Defined at:
		line 96 in file "RDM.c"
 Parameters:    Size  Location     Type
		None
 Auto vars:     Size  Location     Type
		None
 Return value:  Size  Location     Type
                  2  114[None  ] int 
 Registers used:
		wreg, fsr0l, fsr0h, fsr1l, fsr1h, status,2, status,0, pclath, cstack
 Tracked objects:
		On entry : 
		On exit  : 
		Unchanged: 
 Data sizes:     COMMON   BANK0   BANK1   BANK2   BANK3   BANK4   BANK5   BANK6
      Params:         0       0       0       0       0       0       0       0
      Locals:         0       0       0       0       0       0       0       0
      Temps:          1       0       0       0       0       0       0       0
      Totals:         1       0       0       0       0       0       0       0
Total ram usage:        1 bytes
 Hardware stack levels used:    1
 Hardware stack levels required when called:    5
 This function calls:
		_RDM_GET_CC
		_RDM_SET_CC
		_RDM_discovery_CC
		_RDM_get_checkSum
 This function is called by:
		_main
 This function uses a non-reentrant model


 *************** function _RDM_discovery_CC *****************
 Defined at:
		line 56 in file "RDM_Read.c"
 Parameters:    Size  Location     Type
		None
 Auto vars:     Size  Location     Type
		None
 Return value:  Size  Location     Type
                  1    wreg      void 
 Registers used:
		wreg, fsr0l, fsr0h, fsr1l, fsr1h, status,2, status,0, pclath, cstack
 Tracked objects:
		On entry : 
		On exit  : 
		Unchanged: 
 Data sizes:     COMMON   BANK0   BANK1   BANK2   BANK3   BANK4   BANK5   BANK6
      Params:         0       0       0       0       0       0       0       0
      Locals:         0       0       0       0       0       0       0       0
      Temps:          0       4       0       0       0       0       0       0
      Totals:         0       4       0       0       0       0       0       0
Total ram usage:        4 bytes
 Hardware stack levels used:    1
 Hardware stack levels required when called:    4
 This function calls:
		_RDM_TXSTART
 This function is called by:
		_RDM_rx_loop
 This function uses a non-reentrant model


 *************** function _RDM_SET_CC *****************
 Defined at:
		line 43 in file "RDM_Read.c"
 Parameters:    Size  Location     Type
		None
 Auto vars:     Size  Location     Type
		None
 Return value:  Size  Location     Type
                  1    wreg      void 
 Registers used:
		wreg, fsr0l, fsr0h, fsr1l, fsr1h, status,2, status,0, pclath, cstack
 Tracked objects:
		On entry : 
		On exit  : 
		Unchanged: 
 Data sizes:     COMMON   BANK0   BANK1   BANK2   BANK3   BANK4   BANK5   BANK6
      Params:         0       0       0       0       0       0       0       0
      Locals:         0       0       0       0       0       0       0       0
      Temps:          0       0       0       0       0       0       0       0
      Totals:         0       0       0       0       0       0       0       0
Total ram usage:        0 bytes
 Hardware stack levels used:    1
 Hardware stack levels required when called:    4
 This function calls:
		_RDM_TXSTART
 This function is called by:
		_RDM_rx_loop
 This function uses a non-reentrant model


 *************** function _RDM_GET_CC *****************
 Defined at:
		line 15 in file "RDM_Read.c"
 Parameters:    Size  Location     Type
		None
 Auto vars:     Size  Location     Type
		None
 Return value:  Size  Location     Type
                  1    wreg      void 
 Registers used:
		wreg, fsr0l, fsr0h, fsr1l, fsr1h, status,2, status,0, pclath, cstack
 Tracked objects:
		On entry : 
		On exit  : 
		Unchanged: 
 Data sizes:     COMMON   BANK0   BANK1   BANK2   BANK3   BANK4   BANK5   BANK6
      Params:         0       0       0       0       0       0       0       0
      Locals:         0       0       0       0       0       0       0       0
      Temps:          0       2       0       0       0       0       0       0
      Totals:         0       2       0       0       0       0       0       0
Total ram usage:        2 bytes
 Hardware stack levels used:    1
 Hardware stack levels required when called:    4
 This function calls:
		_RDM_TXSTART
 This function is called by:
		_RDM_rx_loop
 This function uses a non-reentrant model


 *************** function _RDM_TXSTART *****************
 Defined at:
		line 107 in file "RDM_Read.c"
 Parameters:    Size  Location     Type
		None
 Auto vars:     Size  Location     Type
		None
 Return value:  Size  Location     Type
                  1    wreg      void 
 Registers used:
		wreg, fsr0l, fsr0h, fsr1l, fsr1h, status,2, status,0, pclath, cstack
 Tracked objects:
		On entry : 
		On exit  : 
		Unchanged: 
 Data sizes:     COMMON   BANK0   BANK1   BANK2   BANK3   BANK4   BANK5   BANK6
      Params:         0       0       0       0       0       0       0       0
      Locals:         0       0       0       0       0       0       0       0
      Temps:          1       0       0       0       0       0       0       0
      Totals:         1       0       0       0       0       0       0       0
Total ram usage:        1 bytes
 Hardware stack levels used:    1
 Hardware stack levels required when called:    3
 This function calls:
		_RDM_get_checkSum
		_RDM_tx_TimerBreak
		_TX_RDM_Response_Set
 This function is called by:
		_RDM_GET_CC
		_RDM_SET_CC
		_RDM_discovery_CC
 This function uses a non-reentrant model


 *************** function _TX_RDM_Response_Set *****************
 Defined at:
		line 115 in file "RDM_Read.c"
 Parameters:    Size  Location     Type
		None
 Auto vars:     Size  Location     Type
		None
 Return value:  Size  Location     Type
                  1    wreg      void 
 Registers used:
		wreg, fsr1l, fsr1h, status,2, status,0
 Tracked objects:
		On entry : 
		On exit  : 
		Unchanged: 
 Data sizes:     COMMON   BANK0   BANK1   BANK2   BANK3   BANK4   BANK5   BANK6
      Params:         0       0       0       0       0       0       0       0
      Locals:         0       0       0       0       0       0       0       0
      Temps:          0       0       0       0       0       0       0       0
      Totals:         0       0       0       0       0       0       0       0
Total ram usage:        0 bytes
 Hardware stack levels used:    1
 Hardware stack levels required when called:    2
 This function calls:
		Nothing
 This function is called by:
		_RDM_TXSTART
 This function uses a non-reentrant model


 *************** function _RDM_tx_TimerBreak *****************
 Defined at:
		line 197 in file "RDM.c"
 Parameters:    Size  Location     Type
		None
 Auto vars:     Size  Location     Type
		None
 Return value:  Size  Location     Type
                  1    wreg      void 
 Registers used:
		wreg
 Tracked objects:
		On entry : 
		On exit  : 
		Unchanged: 
 Data sizes:     COMMON   BANK0   BANK1   BANK2   BANK3   BANK4   BANK5   BANK6
      Params:         0       0       0       0       0       0       0       0
      Locals:         0       0       0       0       0       0       0       0
      Temps:          0       0       0       0       0       0       0       0
      Totals:         0       0       0       0       0       0       0       0
Total ram usage:        0 bytes
 Hardware stack levels used:    1
 Hardware stack levels required when called:    2
 This function calls:
		Nothing
 This function is called by:
		_RDM_TXSTART
 This function uses a non-reentrant model


 *************** function _RDM_get_checkSum *****************
 Defined at:
		line 126 in file "RDM_Read.c"
 Parameters:    Size  Location     Type
  Data           24    0[BANK0 ] struct .
  len             1   24[BANK0 ] unsigned char 
 Auto vars:     Size  Location     Type
		None
 Return value:  Size  Location     Type
                  2    0[BANK0 ] unsigned int 
 Registers used:
		wreg, fsr1l, fsr1h, status,2, status,0
 Tracked objects:
		On entry : 
		On exit  : 
		Unchanged: 
 Data sizes:     COMMON   BANK0   BANK1   BANK2   BANK3   BANK4   BANK5   BANK6
      Params:         0      25       0       0       0       0       0       0
      Locals:         0       0       0       0       0       0       0       0
      Temps:          0       0       0       0       0       0       0       0
      Totals:         0      25       0       0       0       0       0       0
Total ram usage:       25 bytes
 Hardware stack levels used:    1
 Hardware stack levels required when called:    2
 This function calls:
		Nothing
 This function is called by:
		_RDM_rx_loop
		_RDM_TXSTART
 This function uses a non-reentrant model


 *************** function _RDM_init *****************
 Defined at:
		line 16 in file "RDM.c"
 Parameters:    Size  Location     Type
		None
 Auto vars:     Size  Location     Type
		None
 Return value:  Size  Location     Type
                  2  108[None  ] int 
 Registers used:
		wreg, fsr0l, fsr0h, fsr1l, fsr1h, status,2, status,0, pclath, cstack
 Tracked objects:
		On entry : 
		On exit  : 
		Unchanged: 
 Data sizes:     COMMON   BANK0   BANK1   BANK2   BANK3   BANK4   BANK5   BANK6
      Params:         0       0       0       0       0       0       0       0
      Locals:         0       0       0       0       0       0       0       0
      Temps:          0       2       0       0       0       0       0       0
      Totals:         0       2       0       0       0       0       0       0
Total ram usage:        2 bytes
 Hardware stack levels used:    1
 Hardware stack levels required when called:    3
 This function calls:
		___bmul
 This function is called by:
		_main
 This function uses a non-reentrant model


 *************** function ___bmul *****************
 Defined at:
		line 4 in file "C:\Program Files (x86)\Microchip\xc8\v1.41\sources\common\Umul8.c"
 Parameters:    Size  Location     Type
  multiplier      1    wreg     unsigned char 
  multiplicand    1    4[COMMON] unsigned char 
 Auto vars:     Size  Location     Type
  multiplier      1    1[BANK0 ] unsigned char 
  product         1    0[BANK0 ] unsigned char 
 Return value:  Size  Location     Type
                  1    wreg      unsigned char 
 Registers used:
		wreg, status,2, status,0
 Tracked objects:
		On entry : 
		On exit  : 
		Unchanged: 
 Data sizes:     COMMON   BANK0   BANK1   BANK2   BANK3   BANK4   BANK5   BANK6
      Params:         1       0       0       0       0       0       0       0
      Locals:         0       2       0       0       0       0       0       0
      Temps:          0       0       0       0       0       0       0       0
      Totals:         1       2       0       0       0       0       0       0
Total ram usage:        3 bytes
 Hardware stack levels used:    1
 Hardware stack levels required when called:    2
 This function calls:
		Nothing
 This function is called by:
		_RDM_init
 This function uses a non-reentrant model


 *************** function _DMX_loop *****************
 Defined at:
		line 59 in file "DMX.c"
 Parameters:    Size  Location     Type
		None
 Auto vars:     Size  Location     Type
  Addr            1   76[BANK0 ] unsigned char 
 Return value:  Size  Location     Type
                  1    wreg      void 
 Registers used:
		wreg, fsr0l, fsr0h, fsr1l, fsr1h, status,2, status,0, pclath, cstack
 Tracked objects:
		On entry : 
		On exit  : 
		Unchanged: 
 Data sizes:     COMMON   BANK0   BANK1   BANK2   BANK3   BANK4   BANK5   BANK6
      Params:         0       0       0       0       0       0       0       0
      Locals:         0       4       0       0       0       0       0       0
      Temps:          0       0       0       0       8       0       0       0
      Totals:         0       4       0       0       8       0       0       0
Total ram usage:       12 bytes
 Hardware stack levels used:    1
 Hardware stack levels required when called:    5
 This function calls:
		___awtoft
		___ftadd
		___ftdiv
		___ftge
		___ftmul
		___ftsub
		___fttol
		___lbtoft
		___lwtoft
 This function is called by:
		_main
 This function uses a non-reentrant model


 *************** function ___lwtoft *****************
 Defined at:
		line 28 in file "C:\Program Files (x86)\Microchip\xc8\v1.41\sources\common\lwtoft.c"
 Parameters:    Size  Location     Type
  c               2    8[BANK0 ] unsigned int 
 Auto vars:     Size  Location     Type
		None
 Return value:  Size  Location     Type
                  3    8[BANK0 ] float 
 Registers used:
		wreg, status,2, status,0, pclath, cstack
 Tracked objects:
		On entry : 
		On exit  : 
		Unchanged: 
 Data sizes:     COMMON   BANK0   BANK1   BANK2   BANK3   BANK4   BANK5   BANK6
      Params:         0       3       0       0       0       0       0       0
      Locals:         0       0       0       0       0       0       0       0
      Temps:          0       0       0       0       0       0       0       0
      Totals:         0       3       0       0       0       0       0       0
Total ram usage:        3 bytes
 Hardware stack levels used:    1
 Hardware stack levels required when called:    3
 This function calls:
		___ftpack
 This function is called by:
		_DMX_loop
 This function uses a non-reentrant model


 *************** function ___lbtoft *****************
 Defined at:
		line 27 in file "C:\Program Files (x86)\Microchip\xc8\v1.41\sources\common\lbtoft.c"
 Parameters:    Size  Location     Type
  c               1    wreg     unsigned char 
 Auto vars:     Size  Location     Type
  c               1    4[COMMON] unsigned char 
 Return value:  Size  Location     Type
                  3    8[BANK0 ] float 
 Registers used:
		wreg, status,2, status,0, pclath, cstack
 Tracked objects:
		On entry : 
		On exit  : 
		Unchanged: 
 Data sizes:     COMMON   BANK0   BANK1   BANK2   BANK3   BANK4   BANK5   BANK6
      Params:         0       4       0       0       0       0       0       0
      Locals:         1       0       0       0       0       0       0       0
      Temps:          0       0       0       0       0       0       0       0
      Totals:         1       4       0       0       0       0       0       0
Total ram usage:        5 bytes
 Hardware stack levels used:    1
 Hardware stack levels required when called:    3
 This function calls:
		___ftpack
 This function is called by:
		_DMX_loop
 This function uses a non-reentrant model


 *************** function ___fttol *****************
 Defined at:
		line 44 in file "C:\Program Files (x86)\Microchip\xc8\v1.41\sources\common\fttol.c"
 Parameters:    Size  Location     Type
  f1              3   60[BANK0 ] float 
 Auto vars:     Size  Location     Type
  lval            4   68[BANK0 ] unsigned long 
  exp1            1   72[BANK0 ] unsigned char 
  sign1           1   67[BANK0 ] unsigned char 
 Return value:  Size  Location     Type
                  4   60[BANK0 ] long 
 Registers used:
		wreg, status,2, status,0
 Tracked objects:
		On entry : 
		On exit  : 
		Unchanged: 
 Data sizes:     COMMON   BANK0   BANK1   BANK2   BANK3   BANK4   BANK5   BANK6
      Params:         0       4       0       0       0       0       0       0
      Locals:         0       6       0       0       0       0       0       0
      Temps:          0       3       0       0       0       0       0       0
      Totals:         0      13       0       0       0       0       0       0
Total ram usage:       13 bytes
 Hardware stack levels used:    1
 Hardware stack levels required when called:    2
 This function calls:
		Nothing
 This function is called by:
		_DMX_loop
 This function uses a non-reentrant model


 *************** function ___ftsub *****************
 Defined at:
		line 18 in file "C:\Program Files (x86)\Microchip\xc8\v1.41\sources\common\ftsub.c"
 Parameters:    Size  Location     Type
  f2              3   54[BANK0 ] float 
  f1              3   57[BANK0 ] float 
 Auto vars:     Size  Location     Type
		None
 Return value:  Size  Location     Type
                  3   54[BANK0 ] float 
 Registers used:
		wreg, status,2, status,0, pclath, cstack
 Tracked objects:
		On entry : 
		On exit  : 
		Unchanged: 
 Data sizes:     COMMON   BANK0   BANK1   BANK2   BANK3   BANK4   BANK5   BANK6
      Params:         0       6       0       0       0       0       0       0
      Locals:         0       0       0       0       0       0       0       0
      Temps:          0       0       0       0       0       0       0       0
      Totals:         0       6       0       0       0       0       0       0
Total ram usage:        6 bytes
 Hardware stack levels used:    1
 Hardware stack levels required when called:    4
 This function calls:
		___ftadd
 This function is called by:
		_DMX_loop
 This function uses a non-reentrant model


 *************** function ___ftadd *****************
 Defined at:
		line 86 in file "C:\Program Files (x86)\Microchip\xc8\v1.41\sources\common\ftadd.c"
 Parameters:    Size  Location     Type
  f1              3   42[BANK0 ] float 
  f2              3   45[BANK0 ] float 
 Auto vars:     Size  Location     Type
  exp1            1   53[BANK0 ] unsigned char 
  exp2            1   52[BANK0 ] unsigned char 
  sign            1   51[BANK0 ] unsigned char 
 Return value:  Size  Location     Type
                  3   42[BANK0 ] float 
 Registers used:
		wreg, status,2, status,0, pclath, cstack
 Tracked objects:
		On entry : 
		On exit  : 
		Unchanged: 
 Data sizes:     COMMON   BANK0   BANK1   BANK2   BANK3   BANK4   BANK5   BANK6
      Params:         0       6       0       0       0       0       0       0
      Locals:         0       3       0       0       0       0       0       0
      Temps:          0       3       0       0       0       0       0       0
      Totals:         0      12       0       0       0       0       0       0
Total ram usage:       12 bytes
 Hardware stack levels used:    1
 Hardware stack levels required when called:    3
 This function calls:
		___ftpack
 This function is called by:
		_DMX_loop
		___ftsub
 This function uses a non-reentrant model


 *************** function ___ftmul *****************
 Defined at:
		line 62 in file "C:\Program Files (x86)\Microchip\xc8\v1.41\sources\common\ftmul.c"
 Parameters:    Size  Location     Type
  f1              3   12[BANK0 ] float 
  f2              3   15[BANK0 ] float 
 Auto vars:     Size  Location     Type
  f3_as_produc    3   22[BANK0 ] unsigned um
  sign            1   26[BANK0 ] unsigned char 
  cntr            1   25[BANK0 ] unsigned char 
  exp             1   21[BANK0 ] unsigned char 
 Return value:  Size  Location     Type
                  3   12[BANK0 ] float 
 Registers used:
		wreg, status,2, status,0, pclath, cstack
 Tracked objects:
		On entry : 
		On exit  : 
		Unchanged: 
 Data sizes:     COMMON   BANK0   BANK1   BANK2   BANK3   BANK4   BANK5   BANK6
      Params:         0       6       0       0       0       0       0       0
      Locals:         0       6       0       0       0       0       0       0
      Temps:          0       3       0       0       0       0       0       0
      Totals:         0      15       0       0       0       0       0       0
Total ram usage:       15 bytes
 Hardware stack levels used:    1
 Hardware stack levels required when called:    3
 This function calls:
		___ftpack
 This function is called by:
		_DMX_loop
 This function uses a non-reentrant model


 *************** function ___ftge *****************
 Defined at:
		line 4 in file "C:\Program Files (x86)\Microchip\xc8\v1.41\sources\common\ftge.c"
 Parameters:    Size  Location     Type
  ff1             3   12[BANK0 ] float 
  ff2             3   15[BANK0 ] float 
 Auto vars:     Size  Location     Type
		None
 Return value:  Size  Location     Type
		None               void
 Registers used:
		wreg, status,2, status,0
 Tracked objects:
		On entry : 
		On exit  : 
		Unchanged: 
 Data sizes:     COMMON   BANK0   BANK1   BANK2   BANK3   BANK4   BANK5   BANK6
      Params:         0       6       0       0       0       0       0       0
      Locals:         0       0       0       0       0       0       0       0
      Temps:          0       0       0       0       0       0       0       0
      Totals:         0       6       0       0       0       0       0       0
Total ram usage:        6 bytes
 Hardware stack levels used:    1
 Hardware stack levels required when called:    2
 This function calls:
		Nothing
 This function is called by:
		_DMX_loop
 This function uses a non-reentrant model


 *************** function ___ftdiv *****************
 Defined at:
		line 56 in file "C:\Program Files (x86)\Microchip\xc8\v1.41\sources\common\ftdiv.c"
 Parameters:    Size  Location     Type
  f2              3   27[BANK0 ] float 
  f1              3   30[BANK0 ] float 
 Auto vars:     Size  Location     Type
  f3              3   37[BANK0 ] float 
  sign            1   41[BANK0 ] unsigned char 
  exp             1   40[BANK0 ] unsigned char 
  cntr            1   36[BANK0 ] unsigned char 
 Return value:  Size  Location     Type
                  3   27[BANK0 ] float 
 Registers used:
		wreg, status,2, status,0, pclath, cstack
 Tracked objects:
		On entry : 
		On exit  : 
		Unchanged: 
 Data sizes:     COMMON   BANK0   BANK1   BANK2   BANK3   BANK4   BANK5   BANK6
      Params:         0       6       0       0       0       0       0       0
      Locals:         0       6       0       0       0       0       0       0
      Temps:          0       3       0       0       0       0       0       0
      Totals:         0      15       0       0       0       0       0       0
Total ram usage:       15 bytes
 Hardware stack levels used:    1
 Hardware stack levels required when called:    3
 This function calls:
		___ftpack
 This function is called by:
		_DMX_loop
 This function uses a non-reentrant model


 *************** function ___awtoft *****************
 Defined at:
		line 32 in file "C:\Program Files (x86)\Microchip\xc8\v1.41\sources\common\awtoft.c"
 Parameters:    Size  Location     Type
  c               2    8[BANK0 ] int 
 Auto vars:     Size  Location     Type
  sign            1    4[COMMON] unsigned char 
 Return value:  Size  Location     Type
                  3    8[BANK0 ] float 
 Registers used:
		wreg, status,2, status,0, pclath, cstack
 Tracked objects:
		On entry : 
		On exit  : 
		Unchanged: 
 Data sizes:     COMMON   BANK0   BANK1   BANK2   BANK3   BANK4   BANK5   BANK6
      Params:         0       3       0       0       0       0       0       0
      Locals:         1       0       0       0       0       0       0       0
      Temps:          0       0       0       0       0       0       0       0
      Totals:         1       3       0       0       0       0       0       0
Total ram usage:        4 bytes
 Hardware stack levels used:    1
 Hardware stack levels required when called:    3
 This function calls:
		___ftpack
 This function is called by:
		_DMX_loop
 This function uses a non-reentrant model


 *************** function ___ftpack *****************
 Defined at:
		line 62 in file "C:\Program Files (x86)\Microchip\xc8\v1.41\sources\common\float.c"
 Parameters:    Size  Location     Type
  arg             3    0[BANK0 ] unsigned um
  exp             1    3[BANK0 ] unsigned char 
  sign            1    4[BANK0 ] unsigned char 
 Auto vars:     Size  Location     Type
		None
 Return value:  Size  Location     Type
                  3    0[BANK0 ] float 
 Registers used:
		wreg, status,2, status,0
 Tracked objects:
		On entry : 
		On exit  : 
		Unchanged: 
 Data sizes:     COMMON   BANK0   BANK1   BANK2   BANK3   BANK4   BANK5   BANK6
      Params:         0       5       0       0       0       0       0       0
      Locals:         0       0       0       0       0       0       0       0
      Temps:          0       3       0       0       0       0       0       0
      Totals:         0       8       0       0       0       0       0       0
Total ram usage:        8 bytes
 Hardware stack levels used:    1
 Hardware stack levels required when called:    2
 This function calls:
		Nothing
 This function is called by:
		___awtoft
		___ftadd
		___ftdiv
		___ftmul
		___lbtoft
		___lwtoft
 This function uses a non-reentrant model


 *************** function _DMX_init *****************
 Defined at:
		line 17 in file "DMX.c"
 Parameters:    Size  Location     Type
		None
 Auto vars:     Size  Location     Type
  Addr            1    4[COMMON] unsigned char 
 Return value:  Size  Location     Type
                  1    wreg      void 
 Registers used:
		wreg, fsr0l, fsr0h, fsr1l, fsr1h, status,2, status,0
 Tracked objects:
		On entry : 
		On exit  : 
		Unchanged: 
 Data sizes:     COMMON   BANK0   BANK1   BANK2   BANK3   BANK4   BANK5   BANK6
      Params:         0       0       0       0       0       0       0       0
      Locals:         1       0       0       0       0       0       0       0
      Temps:          0       3       0       0       0       0       0       0
      Totals:         1       3       0       0       0       0       0       0
Total ram usage:        4 bytes
 Hardware stack levels used:    1
 Hardware stack levels required when called:    2
 This function calls:
		Nothing
 This function is called by:
		_main
 This function uses a non-reentrant model


 *************** function _ADC_loop *****************
 Defined at:
		line 32 in file "ADC.c"
 Parameters:    Size  Location     Type
		None
 Auto vars:     Size  Location     Type
		None
 Return value:  Size  Location     Type
                  2  112[None  ] int 
 Registers used:
		wreg, fsr0l, fsr0h, status,2, status,0, pclath
 Tracked objects:
		On entry : 
		On exit  : 
		Unchanged: 
 Data sizes:     COMMON   BANK0   BANK1   BANK2   BANK3   BANK4   BANK5   BANK6
      Params:         0       0       0       0       0       0       0       0
      Locals:         0       0       0       0       0       0       0       0
      Temps:          2       0       0       0       0       0       0       0
      Totals:         2       0       0       0       0       0       0       0
Total ram usage:        2 bytes
 Hardware stack levels used:    1
 Hardware stack levels required when called:    2
 This function calls:
		Nothing
 This function is called by:
		_main
 This function uses a non-reentrant model


 *************** function _ADC_init *****************
 Defined at:
		line 14 in file "ADC.c"
 Parameters:    Size  Location     Type
		None
 Auto vars:     Size  Location     Type
		None
 Return value:  Size  Location     Type
                  2  104[None  ] int 
 Registers used:
		wreg
 Tracked objects:
		On entry : 
		On exit  : 
		Unchanged: 
 Data sizes:     COMMON   BANK0   BANK1   BANK2   BANK3   BANK4   BANK5   BANK6
      Params:         0       0       0       0       0       0       0       0
      Locals:         0       0       0       0       0       0       0       0
      Temps:          0       0       0       0       0       0       0       0
      Totals:         0       0       0       0       0       0       0       0
Total ram usage:        0 bytes
 Hardware stack levels used:    1
 Hardware stack levels required when called:    2
 This function calls:
		Nothing
 This function is called by:
		_main
 This function uses a non-reentrant model


 *************** function _isr *****************
 Defined at:
		line 78 in file "main.c"
 Parameters:    Size  Location     Type
		None
 Auto vars:     Size  Location     Type
		None
 Return value:  Size  Location     Type
                  1    wreg      void 
 Registers used:
		wreg, fsr0l, fsr0h, fsr1l, fsr1h, status,2, status,0, pclath, cstack
 Tracked objects:
		On entry : 
		On exit  : 
		Unchanged: 
 Data sizes:     COMMON   BANK0   BANK1   BANK2   BANK3   BANK4   BANK5   BANK6
      Params:         0       0       0       0       0       0       0       0
      Locals:         0       0       0       0       0       0       0       0
      Temps:          0       0       0       0       0       0       0       0
      Totals:         0       0       0       0       0       0       0       0
Total ram usage:        0 bytes
 Hardware stack levels used:    1
 Hardware stack levels required when called:    1
 This function calls:
		_ADC_interrupt
		_DMX_interrput
		_RDM_tx_interrupt
		_timer1_interrupt
 This function is called by:
		Interrupt level 1
 This function uses a non-reentrant model


 *************** function _timer1_interrupt *****************
 Defined at:
		line 21 in file "Timer.c"
 Parameters:    Size  Location     Type
		None
 Auto vars:     Size  Location     Type
		None
 Return value:  Size  Location     Type
                  2  120[None  ] int 
 Registers used:
		wreg, fsr0l, fsr0h, status,2, status,0
 Tracked objects:
		On entry : 
		On exit  : 
		Unchanged: 
 Data sizes:     COMMON   BANK0   BANK1   BANK2   BANK3   BANK4   BANK5   BANK6
      Params:         0       0       0       0       0       0       0       0
      Locals:         0       0       0       0       0       0       0       0
      Temps:          1       0       0       0       0       0       0       0
      Totals:         1       0       0       0       0       0       0       0
Total ram usage:        1 bytes
 Hardware stack levels used:    1
 This function calls:
		Nothing
 This function is called by:
		_isr
 This function uses a non-reentrant model


 *************** function _RDM_tx_interrupt *****************
 Defined at:
		line 125 in file "RDM.c"
 Parameters:    Size  Location     Type
		None
 Auto vars:     Size  Location     Type
		None
 Return value:  Size  Location     Type
                  2  122[None  ] int 
 Registers used:
		wreg, fsr0l, fsr0h, fsr1l, fsr1h, status,2, status,0
 Tracked objects:
		On entry : 
		On exit  : 
		Unchanged: 
 Data sizes:     COMMON   BANK0   BANK1   BANK2   BANK3   BANK4   BANK5   BANK6
      Params:         0       0       0       0       0       0       0       0
      Locals:         0       0       0       0       0       0       0       0
      Temps:          4       0       0       0       0       0       0       0
      Totals:         4       0       0       0       0       0       0       0
Total ram usage:        4 bytes
 Hardware stack levels used:    1
 This function calls:
		Nothing
 This function is called by:
		_isr
 This function uses a non-reentrant model


 *************** function _DMX_interrput *****************
 Defined at:
		line 186 in file "DMX.c"
 Parameters:    Size  Location     Type
		None
 Auto vars:     Size  Location     Type
  RxDat           1    2[COMMON] volatile unsigned char 
 Return value:  Size  Location     Type
                  2  118[None  ] int 
 Registers used:
		wreg, fsr0l, fsr0h, fsr1l, fsr1h, status,2, status,0
 Tracked objects:
		On entry : 
		On exit  : 
		Unchanged: 
 Data sizes:     COMMON   BANK0   BANK1   BANK2   BANK3   BANK4   BANK5   BANK6
      Params:         0       0       0       0       0       0       0       0
      Locals:         1       0       0       0       0       0       0       0
      Temps:          2       0       0       0       0       0       0       0
      Totals:         3       0       0       0       0       0       0       0
Total ram usage:        3 bytes
 Hardware stack levels used:    1
 This function calls:
		Nothing
 This function is called by:
		_isr
 This function uses a non-reentrant model


 *************** function _ADC_interrupt *****************
 Defined at:
		line 43 in file "ADC.c"
 Parameters:    Size  Location     Type
		None
 Auto vars:     Size  Location     Type
		None
 Return value:  Size  Location     Type
                  2  116[None  ] int 
 Registers used:
		wreg
 Tracked objects:
		On entry : 
		On exit  : 
		Unchanged: 
 Data sizes:     COMMON   BANK0   BANK1   BANK2   BANK3   BANK4   BANK5   BANK6
      Params:         0       0       0       0       0       0       0       0
      Locals:         0       0       0       0       0       0       0       0
      Temps:          0       0       0       0       0       0       0       0
      Totals:         0       0       0       0       0       0       0       0
Total ram usage:        0 bytes
 Hardware stack levels used:    1
 This function calls:
		Nothing
 This function is called by:
		_isr
 This function uses a non-reentrant model



MODULE INFORMATION

Module		Function		Class		Link	Load	Size
RDM_Read.c
		_RDM_discovery_CC		CODE           	0C5C	0000	115
		_RDM_get_checkSum		CODE           	0D83	0000	47
		_RDM_GET_CC    		CODE           	0DB1	0000	116
		_TX_RDM_Response_Set		CODE           	0CED	0000	32
		_RDM_SET_CC    		CODE           	0E24	0000	26
		_RDM_TXSTART   		CODE           	0CCE	0000	32

RDM_Read.c estimated size: 368

DMX.c
		_DMX_interrput 		CODE           	0B7E	0000	218
		_DMX_loop      		CODE           	014C	0000	669
		_DMX_init      		CODE           	00DB	0000	114

DMX.c estimated size: 1001

Timer.c
		_timer1_init   		CODE           	07C6	0000	7
		_timer1_interrupt		CODE           	0B0B	0000	110

Timer.c estimated size: 117

C:\Program Files (x86)\Microchip\xc8\v1.41\sources\common\Umul8.c
		___bmul        		CODE           	0FDB	0000	14

C:\Program Files (x86)\Microchip\xc8\v1.41\sources\common\Umul8.c estimated size: 14

C:\Program Files (x86)\Microchip\xc8\v1.41\sources\common\fttol.c
		___fttol       		CODE           	076A	0000	86

C:\Program Files (x86)\Microchip\xc8\v1.41\sources\common\fttol.c estimated size: 86

RDM.c
		_RDM_init      		CODE           	0F38	0000	164
		_RDM_rx_loop   		CODE           	0D1C	0000	104
		_RDM_tx_TimerBreak		CODE           	0D0C	0000	17
		_RDM_tx_interrupt		CODE           	0E9D	0000	139

RDM.c estimated size: 424

C:\Program Files (x86)\Microchip\xc8\v1.41\sources\common\ftadd.c
		___ftadd       		CODE           	049B	0000	175

C:\Program Files (x86)\Microchip\xc8\v1.41\sources\common\ftadd.c estimated size: 175

C:\Program Files (x86)\Microchip\xc8\v1.41\sources\common\ftge.c
		___ftge        		CODE           	046F	0000	45

C:\Program Files (x86)\Microchip\xc8\v1.41\sources\common\ftge.c estimated size: 45

C:\Program Files (x86)\Microchip\xc8\v1.41\sources\common\ftsub.c
		___ftsub       		CODE           	03F8	0000	28

C:\Program Files (x86)\Microchip\xc8\v1.41\sources\common\ftsub.c estimated size: 28

C:\Program Files (x86)\Microchip\xc8\v1.41\sources\common\float.c
		___ftpack      		CODE           	072C	0000	63

C:\Program Files (x86)\Microchip\xc8\v1.41\sources\common\float.c estimated size: 63

shared
		PL12           		CODE           	0E3D	0000	23
		PL50           		CODE           	06A7	0000	7
		PL8            		CODE           	0610	0000	8
		PL22           		CODE           	064D	0000	8
		PL60           		CODE           	06C2	0000	8
		PL100          		CODE           	070E	0000	7
		PL32           		CODE           	0670	0000	14
		PL70           		CODE           	06D0	0000	8
		PL42           		CODE           	0F27	0000	12
		PL80           		CODE           	0E8A	0000	8
		PL110          		CODE           	0FFB	0000	6
		PL14           		CODE           	062E	0000	10
		PL52           		CODE           	06AD	0000	9
		PL90           		CODE           	06F6	0000	7
		_PWM           		STRCODE        	07CC	0000	513
		PL24           		CODE           	0654	0000	16
		PL62           		CODE           	06C9	0000	8
		PL34           		CODE           	0E61	0000	14
		PL72           		CODE           	06D7	0000	7
		PL44           		CODE           	0697	0000	8
		PL82           		CODE           	06E2	0000	7
		PL16           		CODE           	0637	0000	7
		PL54           		CODE           	06B5	0000	8
		PL92           		CODE           	06FC	0000	7
		PL26           		CODE           	0663	0000	9
		PL64           		CODE           	0FF4	0000	8
		PL102          		CODE           	0B78	0000	7
		PL36           		CODE           	067D	0000	14
		PL74           		CODE           	0E84	0000	7
		PL46           		CODE           	0E6E	0000	10
		PL84           		CODE           	06E8	0000	8
		PL18           		CODE           	063D	0000	10
		PL56           		CODE           	06BC	0000	7
		PL94           		CODE           	0E98	0000	6
		PL28           		CODE           	066B	0000	6
		PL66           		CODE           	0E7D	0000	8
		PL38           		CODE           	068A	0000	14
		PL76           		CODE           	06DD	0000	6
		PL48           		CODE           	069E	0000	10
		PL86           		CODE           	06EF	0000	8
		PL58           		CODE           	0E77	0000	7
		PL96           		CODE           	0702	0000	7
		PL68           		CODE           	0F32	0000	7
		PL104          		CODE           	0714	0000	5
		PL78           		CODE           	07BF	0000	8
		PL88           		CODE           	0E91	0000	8
		PL98           		CODE           	0708	0000	7
		_UID           		STRCODE        	09CC	0000	7
		__initialization		CODE           	0015	0000	63
		PL106          		CODE           	0C57	0000	6
		PL108          		CODE           	0718	0000	5
		PL2            		CODE           	05C0	0000	23
		PL10           		CODE           	0617	0000	24
		PL4            		CODE           	05D6	0000	30
		PL20           		CODE           	0646	0000	8
		PL30           		CODE           	0E53	0000	15
		PL6            		CODE           	05F3	0000	30
		PL40           		CODE           	0FE8	0000	13

shared estimated size: 1141

ADC.c
		_ADC_interrupt 		CODE           	0AF5	0000	11
		_ADC_loop      		CODE           	00B4	0000	40
		_ADC_init      		CODE           	00A8	0000	13

ADC.c estimated size: 64

C:\Program Files (x86)\Microchip\xc8\v1.41\sources\common\awtoft.c
		___awtoft      		CODE           	05A5	0000	28

C:\Program Files (x86)\Microchip\xc8\v1.41\sources\common\awtoft.c estimated size: 28

C:\Program Files (x86)\Microchip\xc8\v1.41\sources\common\lbtoft.c
		___lbtoft      		CODE           	03E8	0000	17

C:\Program Files (x86)\Microchip\xc8\v1.41\sources\common\lbtoft.c estimated size: 17

C:\Program Files (x86)\Microchip\xc8\v1.41\sources\common\ftmul.c
		___ftmul       		CODE           	0549	0000	93

C:\Program Files (x86)\Microchip\xc8\v1.41\sources\common\ftmul.c estimated size: 93

C:\Program Files (x86)\Microchip\xc8\v1.41\sources\common\lwtoft.c
		___lwtoft      		CODE           	071C	0000	17

C:\Program Files (x86)\Microchip\xc8\v1.41\sources\common\lwtoft.c estimated size: 17

main.c
		_main          		CODE           	0056	0000	83
		_isr           		CODE           	0004	0000	16

main.c estimated size: 99

C:\Program Files (x86)\Microchip\xc8\v1.41\sources\common\ftdiv.c
		___ftdiv       		CODE           	0413	0000	93

C:\Program Files (x86)\Microchip\xc8\v1.41\sources\common\ftdiv.c estimated size: 93

