Microchip MPLAB XC8 Compiler V1.41 ()

Linker command line:

-W-3 --edf=C:\Program Files (x86)\Microchip\xc8\v1.41\dat\en_msgs.txt -cs \
  -h+dist/default/debug\PWM_DAVID_14bit.debug.sym \
  --cmf=dist/default/debug\PWM_DAVID_14bit.debug.cmf -z -Q16F1574 \
  -oC:\Users\METEOR\AppData\Local\Temp\sehc.2 \
  -Mdist/default/debug/PWM_DAVID_14bit.debug.map -E1 -ver=XC8 \
  -ASTACK=02128h-0218bh -pstack=STACK -ACODE=00h-07FFhx2 \
  -ASTRCODE=00h-0FFFh -ASTRING=00h-0FFhx16 -ACONST=00h-0FFhx16 \
  -AENTRY=00h-0FFhx16 -ACOMMON=070h-07Fh -ABANK0=020h-06Fh \
  -ABANK1=0A0h-0EFh -ABANK2=0120h-016Fh -ABANK3=01A0h-01EFh \
  -ABANK4=0220h-026Fh -ABANK5=02A0h-02EFh -ABANK6=0320h-032Fh \
  -ABIGRAM=02000h-021EFh \
  -ARAM=020h-06Fh,0A0h-0EFh,0120h-016Fh,01A0h-01EFh,0220h-026Fh,02A0h-02EFh,0320h-032Fh \
  -AABS1=020h-07Fh,0A0h-0EFh,0120h-016Fh,01A0h-01EFh,0220h-026Fh,02A0h-02EFh,0320h-032Fh \
  -ASFR0=00h-01Fh -ASFR1=080h-09Fh -ASFR2=0100h-011Fh -ASFR3=0180h-019Fh \
  -ASFR4=0200h-021Fh -ASFR5=0280h-029Fh -ASFR6=0300h-031Fh \
  -ASFR7=0380h-03EFh -ASFR8=0400h-046Fh -ASFR9=0480h-04EFh \
  -ASFR10=0500h-056Fh -ASFR11=0580h-05EFh -ASFR12=0600h-066Fh \
  -ASFR13=0680h-06EFh -ASFR14=0700h-076Fh -ASFR15=0780h-07EFh \
  -ASFR16=0800h-086Fh -ASFR17=0880h-08EFh -ASFR18=0900h-096Fh \
  -ASFR19=0980h-09EFh -ASFR20=0A00h-0A6Fh -ASFR21=0A80h-0AEFh \
  -ASFR22=0B00h-0B6Fh -ASFR23=0B80h-0BEFh -ASFR24=0C00h-0C6Fh \
  -ASFR25=0C80h-0CEFh -ASFR26=0D00h-0D6Fh -ASFR27=0D80h-0DEFh \
  -ASFR28=0E00h-0E6Fh -ASFR29=0E80h-0EEFh -ASFR30=0F00h-0F6Fh \
  -ASFR31=0F80h-0FEFh -preset_vec=00h,intentry=04h,init,end_init \
  -ppowerup=CODE -pcinit=CODE -pfunctab=CODE -ACONFIG=08007h-08008h \
  -pconfig=CONFIG -DCONFIG=2 -AIDLOC=08000h-08003h -pidloc=IDLOC -DIDLOC=2 \
  -DCODE=2 -DSTRCODE=2 -DSTRING=2 -DCONST=2 -DENTRY=2 -k \
  C:\Users\METEOR\AppData\Local\Temp\sehc.obj \
  dist/default/debug\PWM_DAVID_14bit.debug.obj 

Object code version is 3.11

Machine type is 16F1574



                Name                               Link     Load   Length Selector   Space Scale
C:\Users\METEOR\AppData\Local\Temp\sehc.obj
                end_init                             13       13        2        8       0
                reset_vec                             0        0        3        0       0
                config                             8007     8007        2    1000E       0
dist/default/debug\PWM_DAVID_14bit.debug.obj
                cinit                                15       15      718        8       0
                intentry                              4        4        F        8       0
                text30                              A58      A58        A     14B0       0
                swtext1                             933      933        C     1266       0
                text29                              A6E      A6E       E3     14DC       0
                text23                              B51      B51      1D9     16A2       0
                text3                               D2A      D2A      2D6     1A54       0
                cstackBANK0                          20       20       4A       20       1
                cstackCOMMON                         70       70        6       70       1
                cstackBANK1                          E4       E4        8       A0       1
                cstackBANK3                         1D4      1D4        4      1A0       1
                clrtext                             A62      A62        C     14C4       0
                bssBANK3                            1A0      1A0       34      1A0       1
                dataBANK2                           166      166        8      120       1
                bssBANK2                            120      120       46      120       1
                dataBANK1                            EC       EC        4       A0       1
                bssBANK1                             A0       A0       44       A0       1
                bssBANK0                             6A       6A        3       20       1
                dataCOMMON                           7B       7B        1       70       1
                bssCOMMON                            76       76        5       70       1
                nvBANK2                             16E      16E        1      120       1
                stringtext                          72D      72D      206      E5A       0

TOTAL           Name                               Link     Load   Length     Space
        CLASS   STACK          

        CLASS   CODE           
                end_init                             13       13        2         0
                cinit                                15       15      718         0
                intentry                              4        4        F         0
                reset_vec                             0        0        3         0
                text30                              A58      A58        A         0
                text29                              A6E      A6E       E3         0
                text23                              B51      B51      1D9         0
                text3                               D2A      D2A      2D6         0
                clrtext                             A62      A62        C         0

        CLASS   STRCODE        
                stringtext                          72D      72D      206         0

        CLASS   STRING         

        CLASS   CONST          
                swtext1                             933      933        C         0

        CLASS   ENTRY          

        CLASS   COMMON         
                cstackCOMMON                         70       70        6         1
                dataCOMMON                           7B       7B        1         1
                bssCOMMON                            76       76        5         1

        CLASS   BANK0          
                cstackBANK0                          20       20       4A         1
                bssBANK0                             6A       6A        3         1

        CLASS   BANK1          
                cstackBANK1                          E4       E4        8         1
                dataBANK1                            EC       EC        4         1
                bssBANK1                             A0       A0       44         1

        CLASS   BANK2          
                dataBANK2                           166      166        8         1
                bssBANK2                            120      120       46         1
                nvBANK2                             16E      16E        1         1

        CLASS   BANK3          
                cstackBANK3                         1D4      1D4        4         1
                bssBANK3                            1A0      1A0       34         1

        CLASS   BANK4          

        CLASS   BANK5          

        CLASS   BANK6          

        CLASS   BIGRAM         

        CLASS   RAM            

        CLASS   ABS1           
                abs_s1                               7E       7E        2         1
                abs_s1                              26C      26C        4         1
                abs_s1                              2A0      2A0       50         1
                abs_s1                              320      320       10         1
                abs_s1                             218C     218C        0         1

        CLASS   SFR0           

        CLASS   SFR1           

        CLASS   SFR2           

        CLASS   SFR3           

        CLASS   SFR4           

        CLASS   SFR5           

        CLASS   SFR6           

        CLASS   SFR7           

        CLASS   SFR8           

        CLASS   SFR9           

        CLASS   SFR10          

        CLASS   SFR11          

        CLASS   SFR12          

        CLASS   SFR13          

        CLASS   SFR14          

        CLASS   SFR15          

        CLASS   SFR16          

        CLASS   SFR17          

        CLASS   SFR18          

        CLASS   SFR19          

        CLASS   SFR20          

        CLASS   SFR21          

        CLASS   SFR22          

        CLASS   SFR23          

        CLASS   SFR24          

        CLASS   SFR25          

        CLASS   SFR26          

        CLASS   SFR27          

        CLASS   SFR28          

        CLASS   SFR29          

        CLASS   SFR30          

        CLASS   SFR31          

        CLASS   CONFIG         
                config                             8007     8007        2         0

        CLASS   IDLOC          

        CLASS   BANK31         

        CLASS   BANK30         

        CLASS   BANK29         

        CLASS   BANK28         

        CLASS   BANK27         

        CLASS   BANK26         

        CLASS   BANK25         

        CLASS   BANK24         

        CLASS   BANK23         

        CLASS   BANK22         

        CLASS   BANK21         

        CLASS   BANK20         

        CLASS   BANK19         

        CLASS   BANK18         

        CLASS   BANK17         

        CLASS   BANK16         

        CLASS   BANK15         

        CLASS   BANK14         

        CLASS   BANK13         

        CLASS   BANK12         

        CLASS   BANK11         

        CLASS   BANK10         

        CLASS   BANK9          

        CLASS   BANK8          

        CLASS   BANK7          

        CLASS   EEDATA         



SEGMENTS        Name                           Load    Length   Top    Selector   Space  Class     Delta

                reset_vec                      000000  000003  000003         0       0  CODE        2
                intentry                       000004  000729  00072D         8       0  CODE        2
                cstackBANK0                    000020  00004D  00006D        20       1  BANK0       1
                cstackCOMMON                   000070  00000C  00007C        70       1  COMMON      1
                bssBANK1                       0000A0  000050  0000F0        A0       1  BANK1       1
                bssBANK2                       000120  00004F  00016F       120       1  BANK2       1
                bssBANK3                       0001A0  000038  0001D8       1A0       1  BANK3       1
                stringtext                     00072D  000206  000933       E5A       0  STRCODE     2
                swtext1                        000933  00000C  00093F      1266       0  CONST       2
                text30                         000A58  00000A  000A62      14B0       0  CODE        2
                clrtext                        000A62  00000C  000A6E      14C4       0  CODE        2
                text29                         000A6E  0000E3  000B51      14DC       0  CODE        2
                text23                         000B51  0001D9  000D2A      16A2       0  CODE        2
                text3                          000D2A  0002D6  001000      1A54       0  CODE        2
                config                         008007  000002  008009     1000E       0  CONFIG      2


UNUSED ADDRESS RANGES

        Name                Unused          Largest block    Delta
        BANK0            0006D-0006F               3           1
        BANK2            0016F-0016F               1           1
        BANK3            001D8-001EF              18           1
        BANK4            00220-0026B              4C           1
        BIGRAM           02000-021EF             1F0           1
        CODE             00003-00003               1           2
                         0093F-00A57             119
        COMMON           0007C-0007D               2           1
        CONST            00003-00003               1           2
                         0093F-00A57              C1
        ENTRY            00003-00003               1           2
                         0093F-00A57              C1
        IDLOC            08000-08003               4           2
        RAM              0006D-0006F               3           1
                         0016F-0016F               1
                         001D8-001EF              18
                         00220-0026B              4C
        SFR0             00000-0001F              20           1
        SFR1             00080-0009F              20           1
        SFR10            00500-0056F              70           1
        SFR11            00580-005EF              70           1
        SFR12            00600-0066F              70           1
        SFR13            00680-006EF              70           1
        SFR14            00700-0076F              70           1
        SFR15            00780-007EF              70           1
        SFR16            00800-0086F              70           1
        SFR17            00880-008EF              70           1
        SFR18            00900-0096F              70           1
        SFR19            00980-009EF              70           1
        SFR2             00100-0011F              20           1
        SFR20            00A00-00A6F              70           1
        SFR21            00A80-00AEF              70           1
        SFR22            00B00-00B6F              70           1
        SFR23            00B80-00BEF              70           1
        SFR24            00C00-00C6F              70           1
        SFR25            00C80-00CEF              70           1
        SFR26            00D00-00D6F              70           1
        SFR27            00D80-00DEF              70           1
        SFR28            00E00-00E6F              70           1
        SFR29            00E80-00EEF              70           1
        SFR3             00180-0019F              20           1
        SFR30            00F00-00F6F              70           1
        SFR31            00F80-00FEF              70           1
        SFR4             00200-0021F              20           1
        SFR5             00280-0029F              20           1
        SFR6             00300-0031F              20           1
        SFR7             00380-003EF              70           1
        SFR8             00400-0046F              70           1
        SFR9             00480-004EF              70           1
        STACK            02128-0218B              64           1
        STRCODE          00003-00003               1           2
                         0093F-00A57             119
        STRING           00003-00003               1           2
                         0093F-00A57              C1

                                  Symbol Table

?_RDM_get_checkSum            cstackBANK0  00020
?___awtoft                    cstackBANK0  00028
?___ftadd                     cstackBANK0  0004B
?___ftdiv                     cstackBANK0  0003C
?___ftmul                     cstackBANK0  0002D
?___ftpack                    cstackBANK0  00020
?___ftsub                     cstackBANK0  00057
?___fttol                     cstackBANK0  0005D
?___lbtoft                    cstackBANK0  00028
?___lwtoft                    cstackBANK0  00028
DMX_init@Addr                 cstackCOMMON 00073
DMX_interrput@RxDat           cstackCOMMON 00072
DMX_loop@Addr                 cstackBANK3  001D7
PL10                          cinit        005F5
PL100                         cinit        0070C
PL102                         text23       00D1F
PL104                         text23       00D25
PL106                         cinit        00712
PL108                         cinit        00717
PL110                         cinit        0071B
PL12                          cinit        00603
PL14                          cinit        00620
PL16                          text3        00F15
PL18                          cinit        00637
PL2                           cinit        005C4
PL20                          cinit        0063F
PL22                          cinit        00647
PL24                          cinit        00657
PL26                          cinit        0065D
PL28                          cinit        00665
PL30                          cinit        00674
PL32                          text3        00F2B
PL34                          cinit        0067A
PL36                          text3        00F39
PL38                          text23       00CFE
PL4                           cinit        005DE
PL40                          cinit        00687
PL42                          text3        00FEE
PL44                          cinit        0068D
PL46                          cinit        00698
PL48                          cinit        0069F
PL50                          cinit        006A7
PL52                          cinit        006B0
PL54                          cinit        006B7
PL56                          text3        00F46
PL58                          cinit        006C0
PL6                           cinit        005E4
PL60                          cinit        006C9
PL62                          text23       00D0A
PL64                          text3        00F4F
PL66                          cinit        006D1
PL68                          text3        00F55
PL70                          cinit        006D8
PL72                          text23       00D12
PL74                          cinit        006DE
PL76                          text3        00F5C
PL78                          cinit        006E5
PL8                           cinit        005EE
PL80                          cinit        006EC
PL82                          text3        00FF9
PL84                          cinit        006F3
PL86                          text29       00B4A
PL88                          cinit        006FA
PL90                          text3        00F63
PL92                          cinit        00700
PL94                          text23       00D19
PL96                          text3        00F69
PL98                          cinit        00706
RDM_get_checkSum@Data         cstackBANK0  00020
RDM_get_checkSum@len          cstackBANK0  00038
_ADCON0                       (abs)        0009D
_ADCON1                       (abs)        0009E
_ADC_Data                     bssCOMMON    00078
_ADC_Flags                    bssBANK1     000D6
_ADC_init                     text23       00BD9
_ADC_interrupt                text30       00A58
_ADC_loop                     cinit        000AC
_ADIE                         (abs)        0048E
_ADIF                         (abs)        0008E
_ADRESH                       (abs)        0009C
_ANSA2                        (abs)        00C62
_ANSA4                        (abs)        00C64
_ANSC0                        (abs)        00C70
_ANSC1                        (abs)        00C71
_ANSC2                        (abs)        00C72
_ANSC3                        (abs)        00C73
_BAUDCON                      (abs)        0019F
_BRGH                         (abs)        00CF2
_CurrentPWM                   bssBANK2     00140
_DISCOVERY_RDM_Data           bssBANK3     001BC
_DMXPeriod                    dataCOMMON   0007B
_DMXPeriodConst               bssBANK1     000DD
_DMXPeriodDimming             bssBANK1     000DC
_DMXSign                      bssBANK1     000BF
_DMXStepConst                 bssBANK1     000DB
_DMX_Address                  bssCOMMON    00076
_DMX_CurrentBright            bssBANK1     000AC
_DMX_Flags                    bssBANK0     0006A
_DMX_Repeat                   dataBANK2    00166
_DMX_SpaceBright              bssBANK3     001A0
_DMX_TargetBright             bssBANK1     000A0
_DMX_difference               bssBANK1     000C3
_DMX_init                     text23       00BE5
_DMX_interrput                text29       00A6E
_DMX_loop                     cinit        000D4
_DMX_loop$1446                cstackBANK3  001D4
_DMX_sumRepeat                dataBANK1    000EC
_FERR                         (abs)        00CEA
_GO_nDONE                     (abs)        004E9
_INTCON                       (abs)        0000B
_LATC3                        (abs)        00873
_LATC4                        (abs)        00874
_OSCCON                       (abs)        00099
_OSCTUNE                      (abs)        00098
_PD                           (abs)        0218C
_PDCount                      bssCOMMON    0007A
_PD_Flag                      bssBANK1     000CA
_PD_ID                        bssBANK1     000CC
_PD_Manu                      bssBANK1     000CE
_PEIE                         (abs)        0005E
_PR2                          (abs)        0001B
_PWM                          stringtext   0072D
_PWM1CLKCON                   (abs)        00D9E
_PWM1CON                      (abs)        00D9B
_PWM1DCH                      (abs)        00D94
_PWM1DCL                      (abs)        00D93
_PWM1LDCON                    (abs)        00D9F
_PWM1PHH                      (abs)        00D92
_PWM1PHL                      (abs)        00D91
_PWM1PRH                      (abs)        00D96
_PWM1PRL                      (abs)        00D95
_PWM2CLKCON                   (abs)        00DAE
_PWM2CON                      (abs)        00DAB
_PWM2DCH                      (abs)        00DA4
_PWM2DCL                      (abs)        00DA3
_PWM2LDCON                    (abs)        00DAF
_PWM2PHH                      (abs)        00DA2
_PWM2PHL                      (abs)        00DA1
_PWM2PRH                      (abs)        00DA6
_PWM2PRL                      (abs)        00DA5
_PWM3CLKCON                   (abs)        00DBE
_PWM3CON                      (abs)        00DBB
_PWM3DCH                      (abs)        00DB4
_PWM3DCL                      (abs)        00DB3
_PWM3LDCON                    (abs)        00DBF
_PWM3PHH                      (abs)        00DB2
_PWM3PHL                      (abs)        00DB1
_PWM3PRH                      (abs)        00DB6
_PWM3PRL                      (abs)        00DB5
_PWM4CLKCON                   (abs)        00DCE
_PWM4CON                      (abs)        00DCB
_PWM4DCH                      (abs)        00DC4
_PWM4DCL                      (abs)        00DC3
_PWM4LDCON                    (abs)        00DCF
_PWM4PHH                      (abs)        00DC2
_PWM4PHL                      (abs)        00DC1
_PWM4PRH                      (abs)        00DC6
_PWM4PRL                      (abs)        00DC5
_PWMDCHptr                    bssBANK3     001B4
_PWMDCLptr                    bssBANK2     00138
_PWMLDCONptr                  bssBANK3     001AC
_PackCount                    bssCOMMON    00079
_RA2                          (abs)        00062
_RA2PPS                       (abs)        00E92
_RA5                          (abs)        00065
_RC0                          (abs)        00070
_RC0PPS                       (abs)        00EA0
_RC1                          (abs)        00071
_RC1PPS                       (abs)        00EA1
_RC2                          (abs)        00072
_RC2PPS                       (abs)        00EA2
_RC4PPS                       (abs)        00EA4
_RCIE                         (abs)        0048D
_RCIF                         (abs)        0008D
_RCREG                        (abs)        00199
_RCSTA                        (abs)        0019D
_RDM_GET_CC                   text3        00E88
_RDM_SET_CC                   text3        00EFE
_RDM_TXSTART                  text3        00DA1
_RDM_discovery_CC             text3        00D2A
_RDM_get_checkSum             text3        00E57
_RDM_init                     text23       00C54
_RDM_rx_loop                  text3        00DEE
_RDM_tx_TimerBreak            text3        00DDF
_RDM_tx_interrupt             text3        00F6F
_RXPPS                        (abs)        00E15
_RX_RDM_Data                  bssBANK2     00120
_RxAddrCount                  bssBANK1     000D4
_RxData                       bssBANK1     000E0
_RxDataPtr                    bssBANK1     000DF
_RxState                      bssBANK1     000DE
_RxTimer                      bssBANK1     000D2
_SPBRGH                       (abs)        0019C
_SPBRGL                       (abs)        0019B
_SPEN                         (abs)        00CEF
_SYNC                         (abs)        00CF4
_T1CON                        (abs)        00018
_T2CON                        (abs)        0001C
_TMR1                         (abs)        00016
_TMR1IE                       (abs)        00488
_TMR1IF                       (abs)        00088
_TRISA2                       (abs)        00462
_TRISA4                       (abs)        00464
_TRISC0                       (abs)        00470
_TRISC1                       (abs)        00471
_TRISC2                       (abs)        00472
_TRISC3                       (abs)        00473
_TRISC4                       (abs)        00474
_TRISC5                       (abs)        00475
_TX9                          (abs)        00CF6
_TX9D                         (abs)        00CF0
_TXEN                         (abs)        00CF5
_TXIE                         (abs)        0048C
_TXIF                         (abs)        0008C
_TXREG                        (abs)        0019A
_TX_PDCount                   bssBANK1     000D8
_TX_PD_Flag                   bssBANK1     000C8
_TX_RDM_Data                  bssBANK2     0014E
_TX_RDM_Response_Set          text3        00DC0
_Timer                        bssBANK1     000B8
_TimerState                   nvBANK2      0016E
_Timer_DelayCount             bssBANK1     000D7
_TxByte                       bssBANK1     000DA
_TxCount                      bssBANK1     000D0
_TxState                      bssBANK1     000D9
_UID                          stringtext   0092D
__CFG_BOREN$OFF               (abs)        00000
__CFG_CLKOUTEN$OFF            (abs)        00000
__CFG_CP$OFF                  (abs)        00000
__CFG_FOSC$INTOSC             (abs)        00000
__CFG_LPBOREN$OFF             (abs)        00000
__CFG_LVP$OFF                 (abs)        00000
__CFG_MCLRE$ON                (abs)        00000
__CFG_PLLEN$ON                (abs)        00000
__CFG_PPS1WAY$OFF             (abs)        00000
__CFG_PWRTE$OFF               (abs)        00000
__CFG_STVREN$ON               (abs)        00000
__CFG_WDTE$OFF                (abs)        00000
__CFG_WRT$OFF                 (abs)        00000
__Habs1                       abs1         00000
__Hbank0                      bank0        00000
__Hbank1                      bank1        00000
__Hbank10                     bank10       00000
__Hbank11                     bank11       00000
__Hbank12                     bank12       00000
__Hbank13                     bank13       00000
__Hbank14                     bank14       00000
__Hbank15                     bank15       00000
__Hbank16                     bank16       00000
__Hbank17                     bank17       00000
__Hbank18                     bank18       00000
__Hbank19                     bank19       00000
__Hbank2                      bank2        00000
__Hbank20                     bank20       00000
__Hbank21                     bank21       00000
__Hbank22                     bank22       00000
__Hbank23                     bank23       00000
__Hbank24                     bank24       00000
__Hbank25                     bank25       00000
__Hbank26                     bank26       00000
__Hbank27                     bank27       00000
__Hbank28                     bank28       00000
__Hbank29                     bank29       00000
__Hbank3                      bank3        00000
__Hbank30                     bank30       00000
__Hbank31                     bank31       00000
__Hbank4                      bank4        00000
__Hbank5                      bank5        00000
__Hbank6                      bank6        00000
__Hbank7                      bank7        00000
__Hbank8                      bank8        00000
__Hbank9                      bank9        00000
__Hbigram                     bigram       00000
__HbssBANK0                   bssBANK0     00000
__HbssBANK1                   bssBANK1     00000
__HbssBANK2                   bssBANK2     00000
__HbssBANK3                   bssBANK3     00000
__HbssCOMMON                  bssCOMMON    00000
__Hcinit                      cinit        0072D
__Hclrtext                    clrtext      00000
__Hcode                       code         00000
__Hcommon                     common       00000
__Hconfig                     config       08009
__HcstackBANK0                cstackBANK0  00000
__HcstackBANK1                cstackBANK1  00000
__HcstackBANK3                cstackBANK3  00000
__HcstackCOMMON               cstackCOMMON 00000
__HdataBANK1                  dataBANK1    00000
__HdataBANK2                  dataBANK2    00000
__HdataCOMMON                 dataCOMMON   00000
__Heeprom_data                eeprom_data  00000
__Hend_init                   end_init     00015
__Hfunctab                    functab      00000
__HidataBANK1                 idataBANK1   00000
__HidataBANK2                 idataBANK2   00000
__HidataCOMMON                idataCOMMON  00000
__Hidloc                      idloc        00000
__Hinit                       init         00013
__Hintentry                   intentry     00013
__Hmaintext                   maintext     00000
__HnvBANK2                    nvBANK2      00000
__Hpa_nodes0                  pa_nodes0    00000
__Hpowerup                    powerup      00000
__Hram                        ram          00000
__Hreset_vec                  reset_vec    00003
__Hsfr0                       sfr0         00000
__Hsfr1                       sfr1         00000
__Hsfr10                      sfr10        00000
__Hsfr11                      sfr11        00000
__Hsfr12                      sfr12        00000
__Hsfr13                      sfr13        00000
__Hsfr14                      sfr14        00000
__Hsfr15                      sfr15        00000
__Hsfr16                      sfr16        00000
__Hsfr17                      sfr17        00000
__Hsfr18                      sfr18        00000
__Hsfr19                      sfr19        00000
__Hsfr2                       sfr2         00000
__Hsfr20                      sfr20        00000
__Hsfr21                      sfr21        00000
__Hsfr22                      sfr22        00000
__Hsfr23                      sfr23        00000
__Hsfr24                      sfr24        00000
__Hsfr25                      sfr25        00000
__Hsfr26                      sfr26        00000
__Hsfr27                      sfr27        00000
__Hsfr28                      sfr28        00000
__Hsfr29                      sfr29        00000
__Hsfr3                       sfr3         00000
__Hsfr30                      sfr30        00000
__Hsfr31                      sfr31        00000
__Hsfr4                       sfr4         00000
__Hsfr5                       sfr5         00000
__Hsfr6                       sfr6         00000
__Hsfr7                       sfr7         00000
__Hsfr8                       sfr8         00000
__Hsfr9                       sfr9         00000
__Hspace_0                    (abs)        08009
__Hspace_1                    (abs)        001D8
__Hspace_2                    (abs)        00000
__Hspace_3                    (abs)        00000
__Hstack                      stack        00000
__Hstrings                    strings      00000
__Hstringtext                 stringtext   00000
__Htext                       text         00000
__Labs1                       abs1         00000
__Lbank0                      bank0        00000
__Lbank1                      bank1        00000
__Lbank10                     bank10       00000
__Lbank11                     bank11       00000
__Lbank12                     bank12       00000
__Lbank13                     bank13       00000
__Lbank14                     bank14       00000
__Lbank15                     bank15       00000
__Lbank16                     bank16       00000
__Lbank17                     bank17       00000
__Lbank18                     bank18       00000
__Lbank19                     bank19       00000
__Lbank2                      bank2        00000
__Lbank20                     bank20       00000
__Lbank21                     bank21       00000
__Lbank22                     bank22       00000
__Lbank23                     bank23       00000
__Lbank24                     bank24       00000
__Lbank25                     bank25       00000
__Lbank26                     bank26       00000
__Lbank27                     bank27       00000
__Lbank28                     bank28       00000
__Lbank29                     bank29       00000
__Lbank3                      bank3        00000
__Lbank30                     bank30       00000
__Lbank31                     bank31       00000
__Lbank4                      bank4        00000
__Lbank5                      bank5        00000
__Lbank6                      bank6        00000
__Lbank7                      bank7        00000
__Lbank8                      bank8        00000
__Lbank9                      bank9        00000
__Lbigram                     bigram       00000
__LbssBANK0                   bssBANK0     00000
__LbssBANK1                   bssBANK1     00000
__LbssBANK2                   bssBANK2     00000
__LbssBANK3                   bssBANK3     00000
__LbssCOMMON                  bssCOMMON    00000
__Lcinit                      cinit        00015
__Lclrtext                    clrtext      00000
__Lcode                       code         00000
__Lcommon                     common       00000
__Lconfig                     config       08007
__LcstackBANK0                cstackBANK0  00000
__LcstackBANK1                cstackBANK1  00000
__LcstackBANK3                cstackBANK3  00000
__LcstackCOMMON               cstackCOMMON 00000
__LdataBANK1                  dataBANK1    00000
__LdataBANK2                  dataBANK2    00000
__LdataCOMMON                 dataCOMMON   00000
__Leeprom_data                eeprom_data  00000
__Lend_init                   end_init     00013
__Lfunctab                    functab      00000
__LidataBANK1                 idataBANK1   00000
__LidataBANK2                 idataBANK2   00000
__LidataCOMMON                idataCOMMON  00000
__Lidloc                      idloc        00000
__Linit                       init         00013
__Lintentry                   intentry     00004
__Lmaintext                   maintext     00000
__LnvBANK2                    nvBANK2      00000
__Lpa_nodes0                  pa_nodes0    00000
__Lpowerup                    powerup      00000
__Lram                        ram          00000
__Lreset_vec                  reset_vec    00000
__Lsfr0                       sfr0         00000
__Lsfr1                       sfr1         00000
__Lsfr10                      sfr10        00000
__Lsfr11                      sfr11        00000
__Lsfr12                      sfr12        00000
__Lsfr13                      sfr13        00000
__Lsfr14                      sfr14        00000
__Lsfr15                      sfr15        00000
__Lsfr16                      sfr16        00000
__Lsfr17                      sfr17        00000
__Lsfr18                      sfr18        00000
__Lsfr19                      sfr19        00000
__Lsfr2                       sfr2         00000
__Lsfr20                      sfr20        00000
__Lsfr21                      sfr21        00000
__Lsfr22                      sfr22        00000
__Lsfr23                      sfr23        00000
__Lsfr24                      sfr24        00000
__Lsfr25                      sfr25        00000
__Lsfr26                      sfr26        00000
__Lsfr27                      sfr27        00000
__Lsfr28                      sfr28        00000
__Lsfr29                      sfr29        00000
__Lsfr3                       sfr3         00000
__Lsfr30                      sfr30        00000
__Lsfr31                      sfr31        00000
__Lsfr4                       sfr4         00000
__Lsfr5                       sfr5         00000
__Lsfr6                       sfr6         00000
__Lsfr7                       sfr7         00000
__Lsfr8                       sfr8         00000
__Lsfr9                       sfr9         00000
__Lspace_0                    (abs)        00000
__Lspace_1                    (abs)        00000
__Lspace_2                    (abs)        00000
__Lspace_3                    (abs)        00000
__Lstack                      stack        00000
__Lstrings                    strings      00000
__Lstringtext                 stringtext   00000
__Ltext                       text         00000
__S0                          (abs)        08009
__S1                          (abs)        001D8
__S2                          (abs)        00000
___awtoft                     cinit        00544
___awtoft@c                   cstackBANK0  00028
___awtoft@sign                cstackBANK0  0002B
___bmul                       text23       00CF2
___bmul@multiplicand          cstackCOMMON 00070
___bmul@multiplier            cstackCOMMON 00072
___bmul@product               cstackCOMMON 00071
___ftadd                      cinit        003FC
___ftadd@exp1                 cstackBANK0  00056
___ftadd@exp2                 cstackBANK0  00055
___ftadd@f1                   cstackBANK0  0004B
___ftadd@f2                   cstackBANK0  0004E
___ftadd@sign                 cstackBANK0  00054
___ftdiv                      cinit        00374
___ftdiv@cntr                 cstackBANK0  00045
___ftdiv@exp                  cstackBANK0  00049
___ftdiv@f1                   cstackBANK0  0003F
___ftdiv@f2                   cstackBANK0  0003C
___ftdiv@f3                   cstackBANK0  00046
___ftdiv@sign                 cstackBANK0  0004A
___ftge                       cinit        003D0
___ftge@ff1                   cstackBANK0  0002D
___ftge@ff2                   cstackBANK0  00030
___ftmul                      cinit        004AA
___ftmul@cntr                 cstackBANK0  0003A
___ftmul@exp                  cstackBANK0  00036
___ftmul@f1                   cstackBANK0  0002D
___ftmul@f2                   cstackBANK0  00030
___ftmul@f3_as_product        cstackBANK0  00037
___ftmul@sign                 cstackBANK0  0003B
___ftpack                     cinit        00506
___ftpack@arg                 cstackBANK0  00020
___ftpack@exp                 cstackBANK0  00023
___ftpack@sign                cstackBANK0  00024
___ftsub                      cinit        00359
___ftsub@f1                   cstackBANK0  0005A
___ftsub@f2                   cstackBANK0  00057
___fttol                      cinit        0055F
___fttol@exp1                 cstackBANK0  00069
___fttol@f1                   cstackBANK0  0005D
___fttol@lval                 cstackBANK0  00065
___fttol@sign1                cstackBANK0  00064
___int_sp                     stack        00000
___latbits                    (abs)        00001
___lbtoft                     cinit        00349
___lbtoft@c                   cstackBANK0  0002C
___lwtoft                     cinit        005B4
___lwtoft@c                   cstackBANK0  00028
___sp                         stack        00000
__end_ofPL10                  cinit        00603
__end_ofPL100                 cinit        00712
__end_ofPL102                 text23       00D25
__end_ofPL104                 text23       00D2A
__end_ofPL106                 cinit        00717
__end_ofPL108                 cinit        0071B
__end_ofPL110                 cinit        0071F
__end_ofPL12                  cinit        00620
__end_ofPL14                  cinit        00637
__end_ofPL16                  text3        00F2B
__end_ofPL18                  cinit        0063F
__end_ofPL2                   cinit        005DE
__end_ofPL20                  cinit        00647
__end_ofPL22                  cinit        00657
__end_ofPL24                  cinit        0065D
__end_ofPL26                  cinit        00665
__end_ofPL28                  cinit        00674
__end_ofPL30                  cinit        0067A
__end_ofPL32                  text3        00F39
__end_ofPL34                  cinit        00687
__end_ofPL36                  text3        00F46
__end_ofPL38                  text23       00D0A
__end_ofPL4                   cinit        005E4
__end_ofPL40                  cinit        0068D
__end_ofPL42                  text3        00FF9
__end_ofPL44                  cinit        00698
__end_ofPL46                  cinit        0069F
__end_ofPL48                  cinit        006A7
__end_ofPL50                  cinit        006B0
__end_ofPL52                  cinit        006B7
__end_ofPL54                  cinit        006C0
__end_ofPL56                  text3        00F4F
__end_ofPL58                  cinit        006C9
__end_ofPL6                   cinit        005EE
__end_ofPL60                  cinit        006D1
__end_ofPL62                  text23       00D12
__end_ofPL64                  text3        00F55
__end_ofPL66                  cinit        006D8
__end_ofPL68                  text3        00F5C
__end_ofPL70                  cinit        006DE
__end_ofPL72                  text23       00D19
__end_ofPL74                  cinit        006E5
__end_ofPL76                  text3        00F63
__end_ofPL78                  cinit        006EC
__end_ofPL8                   cinit        005F5
__end_ofPL80                  cinit        006F3
__end_ofPL82                  text3        01000
__end_ofPL84                  cinit        006FA
__end_ofPL86                  text29       00B51
__end_ofPL88                  cinit        00700
__end_ofPL90                  text3        00F69
__end_ofPL92                  cinit        00706
__end_ofPL94                  text23       00D1F
__end_ofPL96                  text3        00F6F
__end_ofPL98                  cinit        0070C
__end_of_ADC_init             text23       00BE5
__end_of_ADC_interrupt        text30       00A62
__end_of_ADC_loop             cinit        000D4
__end_of_DMX_init             text23       00C54
__end_of_DMX_interrput        text29       00B4A
__end_of_DMX_loop             cinit        00349
__end_of_PWM                  stringtext   0092D
__end_of_RDM_GET_CC           text3        00EFE
__end_of_RDM_SET_CC           text3        00F15
__end_of_RDM_TXSTART          text3        00DC0
__end_of_RDM_discovery_CC     text3        00DA1
__end_of_RDM_get_checkSum     text3        00E88
__end_of_RDM_init             text23       00CF2
__end_of_RDM_rx_loop          text3        00E57
__end_of_RDM_tx_TimerBreak    text3        00DEE
__end_of_RDM_tx_interrupt     text3        00FEE
__end_of_TX_RDM_Response_Set  text3        00DDF
__end_of_UID                  stringtext   00933
__end_of___awtoft             cinit        0055F
__end_of___bmul               text23       00CFE
__end_of___ftadd              cinit        004AA
__end_of___ftdiv              cinit        003D0
__end_of___ftge               cinit        003FC
__end_of___ftmul              cinit        00506
__end_of___ftpack             cinit        00544
__end_of___ftsub              cinit        00374
__end_of___fttol              cinit        005B4
__end_of___lbtoft             cinit        00359
__end_of___lwtoft             cinit        005C4
__end_of__initialization      cinit        00058
__end_of_isr                  intentry     00013
__end_of_main                 cinit        000AC
__end_of_timer1_init          cinit        0072D
__end_of_timer1_interrupt     text23       00BD9
__initialization              cinit        00015
__pbssBANK0                   bssBANK0     0006A
__pbssBANK1                   bssBANK1     000A0
__pbssBANK2                   bssBANK2     00120
__pbssBANK3                   bssBANK3     001A0
__pbssBIGRAM                  (abs)        0218C
__pbssCOMMON                  bssCOMMON    00076
__pcstackBANK0                cstackBANK0  00020
__pcstackBANK1                cstackBANK1  000E4
__pcstackBANK3                cstackBANK3  001D4
__pcstackCOMMON               cstackCOMMON 00070
__pdataBANK1                  dataBANK1    000EC
__pdataBANK2                  dataBANK2    00166
__pdataCOMMON                 dataCOMMON   0007B
__pidataBANK1                 idataBANK1   00000
__pidataBANK2                 idataBANK2   00000
__pidataCOMMON                idataCOMMON  00000
__pintentry                   intentry     00004
__pmaintext                   cinit        0005B
__pnvBANK2                    nvBANK2      0016E
__pstringtext                 stringtext   0072D
__pswtext1                    swtext1      00933
__ptext1                      cinit        0071F
__ptext10                     cinit        000D4
__ptext11                     cinit        005B4
__ptext12                     cinit        00349
__ptext13                     cinit        0055F
__ptext14                     cinit        00359
__ptext15                     cinit        003FC
__ptext16                     cinit        004AA
__ptext17                     cinit        003D0
__ptext18                     cinit        00374
__ptext19                     cinit        00544
__ptext2                      text3        00DEE
__ptext20                     cinit        00506
__ptext21                     cinit        000AC
__ptext23                     text23       00B51
__ptext24                     text23       00C54
__ptext25                     text23       00CF2
__ptext26                     text23       00BE5
__ptext27                     text23       00BD9
__ptext28                     text3        00F6F
__ptext29                     text29       00A6E
__ptext3                      text3        00D2A
__ptext30                     text30       00A58
__ptext4                      text3        00EFE
__ptext5                      text3        00E88
__ptext6                      text3        00DA1
__ptext7                      text3        00DC0
__ptext8                      text3        00DDF
__ptext9                      text3        00E57
__size_of_ADC_init            (abs)        00000
__size_of_ADC_interrupt       (abs)        00000
__size_of_ADC_loop            (abs)        00000
__size_of_DMX_init            (abs)        00000
__size_of_DMX_interrput       (abs)        00000
__size_of_DMX_loop            (abs)        00000
__size_of_RDM_GET_CC          (abs)        00000
__size_of_RDM_SET_CC          (abs)        00000
__size_of_RDM_TXSTART         (abs)        00000
__size_of_RDM_discovery_CC    (abs)        00000
__size_of_RDM_get_checkSum    (abs)        00000
__size_of_RDM_init            (abs)        00000
__size_of_RDM_rx_loop         (abs)        00000
__size_of_RDM_tx_TimerBreak   (abs)        00000
__size_of_RDM_tx_interrupt    (abs)        00000
__size_of_TX_RDM_Response_Set (abs)        00000
__size_of___awtoft            (abs)        00000
__size_of___bmul              (abs)        00000
__size_of___ftadd             (abs)        00000
__size_of___ftdiv             (abs)        00000
__size_of___ftge              (abs)        00000
__size_of___ftmul             (abs)        00000
__size_of___ftpack            (abs)        00000
__size_of___ftsub             (abs)        00000
__size_of___fttol             (abs)        00000
__size_of___lbtoft            (abs)        00000
__size_of___lwtoft            (abs)        00000
__size_of_isr                 (abs)        00000
__size_of_main                (abs)        00000
__size_of_timer1_init         (abs)        00000
__size_of_timer1_interrupt    (abs)        00000
_checkSum                     bssBANK1     000C6
_i                            bssBANK2     0014C
_isr                          intentry     00004
_main                         cinit        0005B
_preRxData                    bssBANK2     00148
_rxdata                       bssBANK0     0006C
_timer1_init                  cinit        0071F
_timer1_interrupt             text23       00B51
btemp                         (abs)        0007E
clear_ram0                    clrtext      00A62
end_of_initialization         cinit        00058
int$flags                     (abs)        0007E
intlevel0                     functab      00000
intlevel1                     functab      00000
intlevel2                     functab      00000
intlevel3                     functab      00000
intlevel4                     functab      00000
intlevel5                     functab      00000
reset_vec                     reset_vec    00000
stackhi                       (abs)        0218B
stacklo                       (abs)        02128
start                         init         00013
start_initialization          cinit        00015
wtemp0                        (abs)        0007E


FUNCTION INFORMATION:

 *************** function _main *****************
 Defined at:
		line 24 in file "main.c"
 Parameters:    Size  Location     Type
		None
 Auto vars:     Size  Location     Type
		None
 Return value:  Size  Location     Type
                  1    wreg      void 
 Registers used:
		wreg, fsr0l, fsr0h, fsr1l, fsr1h, status,2, status,0, pclath, cstack
 Tracked objects:
		On entry : 
		On exit  : 
		Unchanged: 
 Data sizes:     COMMON   BANK0   BANK1   BANK2   BANK3   BANK4   BANK5   BANK6
      Params:         0       0       0       0       0       0       0       0
      Locals:         0       0       0       0       0       0       0       0
      Temps:          0       0       0       0       0       0       0       0
      Totals:         0       0       0       0       0       0       0       0
Total ram usage:        0 bytes
 Hardware stack levels required when called:    8
 This function calls:
		_ADC_loop
		_DMX_loop
		_RDM_rx_loop
		_timer1_init
 This function is called by:
		Startup code after reset
 This function uses a non-reentrant model


 *************** function _timer1_init *****************
 Defined at:
		line 15 in file "Timer.c"
 Parameters:    Size  Location     Type
		None
 Auto vars:     Size  Location     Type
		None
 Return value:  Size  Location     Type
                  2  112[None  ] int 
 Registers used:
		wreg, status,2
 Tracked objects:
		On entry : 
		On exit  : 
		Unchanged: 
 Data sizes:     COMMON   BANK0   BANK1   BANK2   BANK3   BANK4   BANK5   BANK6
      Params:         0       0       0       0       0       0       0       0
      Locals:         0       0       0       0       0       0       0       0
      Temps:          0       0       0       0       0       0       0       0
      Totals:         0       0       0       0       0       0       0       0
Total ram usage:        0 bytes
 Hardware stack levels used:    1
 Hardware stack levels required when called:    4
 This function calls:
		Nothing
 This function is called by:
		_main
 This function uses a non-reentrant model


 *************** function _RDM_rx_loop *****************
 Defined at:
		line 96 in file "RDM.c"
 Parameters:    Size  Location     Type
		None
 Auto vars:     Size  Location     Type
		None
 Return value:  Size  Location     Type
                  2  118[None  ] int 
 Registers used:
		wreg, fsr0l, fsr0h, fsr1l, fsr1h, status,2, status,0, pclath, cstack
 Tracked objects:
		On entry : 
		On exit  : 
		Unchanged: 
 Data sizes:     COMMON   BANK0   BANK1   BANK2   BANK3   BANK4   BANK5   BANK6
      Params:         0       0       0       0       0       0       0       0
      Locals:         0       0       0       0       0       0       0       0
      Temps:          0       1       0       0       0       0       0       0
      Totals:         0       1       0       0       0       0       0       0
Total ram usage:        1 bytes
 Hardware stack levels used:    1
 Hardware stack levels required when called:    7
 This function calls:
		_RDM_GET_CC
		_RDM_SET_CC
		_RDM_discovery_CC
		_RDM_get_checkSum
 This function is called by:
		_main
 This function uses a non-reentrant model


 *************** function _RDM_discovery_CC *****************
 Defined at:
		line 56 in file "RDM_Read.c"
 Parameters:    Size  Location     Type
		None
 Auto vars:     Size  Location     Type
		None
 Return value:  Size  Location     Type
                  1    wreg      void 
 Registers used:
		wreg, fsr0l, fsr0h, fsr1l, fsr1h, status,2, status,0, pclath, cstack
 Tracked objects:
		On entry : 
		On exit  : 
		Unchanged: 
 Data sizes:     COMMON   BANK0   BANK1   BANK2   BANK3   BANK4   BANK5   BANK6
      Params:         0       0       0       0       0       0       0       0
      Locals:         0       0       0       0       0       0       0       0
      Temps:          0       4       0       0       0       0       0       0
      Totals:         0       4       0       0       0       0       0       0
Total ram usage:        4 bytes
 Hardware stack levels used:    1
 Hardware stack levels required when called:    6
 This function calls:
		_RDM_TXSTART
 This function is called by:
		_RDM_rx_loop
 This function uses a non-reentrant model


 *************** function _RDM_SET_CC *****************
 Defined at:
		line 43 in file "RDM_Read.c"
 Parameters:    Size  Location     Type
		None
 Auto vars:     Size  Location     Type
		None
 Return value:  Size  Location     Type
                  1    wreg      void 
 Registers used:
		wreg, fsr0l, fsr0h, fsr1l, fsr1h, status,2, status,0, pclath, cstack
 Tracked objects:
		On entry : 
		On exit  : 
		Unchanged: 
 Data sizes:     COMMON   BANK0   BANK1   BANK2   BANK3   BANK4   BANK5   BANK6
      Params:         0       0       0       0       0       0       0       0
      Locals:         0       0       0       0       0       0       0       0
      Temps:          0       0       0       0       0       0       0       0
      Totals:         0       0       0       0       0       0       0       0
Total ram usage:        0 bytes
 Hardware stack levels used:    1
 Hardware stack levels required when called:    6
 This function calls:
		_RDM_TXSTART
 This function is called by:
		_RDM_rx_loop
 This function uses a non-reentrant model


 *************** function _RDM_GET_CC *****************
 Defined at:
		line 15 in file "RDM_Read.c"
 Parameters:    Size  Location     Type
		None
 Auto vars:     Size  Location     Type
		None
 Return value:  Size  Location     Type
                  1    wreg      void 
 Registers used:
		wreg, fsr0l, fsr0h, fsr1l, fsr1h, status,2, status,0, pclath, cstack
 Tracked objects:
		On entry : 
		On exit  : 
		Unchanged: 
 Data sizes:     COMMON   BANK0   BANK1   BANK2   BANK3   BANK4   BANK5   BANK6
      Params:         0       0       0       0       0       0       0       0
      Locals:         0       0       0       0       0       0       0       0
      Temps:          0       2       0       0       0       0       0       0
      Totals:         0       2       0       0       0       0       0       0
Total ram usage:        2 bytes
 Hardware stack levels used:    1
 Hardware stack levels required when called:    6
 This function calls:
		_RDM_TXSTART
 This function is called by:
		_RDM_rx_loop
 This function uses a non-reentrant model


 *************** function _RDM_TXSTART *****************
 Defined at:
		line 107 in file "RDM_Read.c"
 Parameters:    Size  Location     Type
		None
 Auto vars:     Size  Location     Type
		None
 Return value:  Size  Location     Type
                  1    wreg      void 
 Registers used:
		wreg, fsr0l, fsr0h, fsr1l, fsr1h, status,2, status,0, pclath, cstack
 Tracked objects:
		On entry : 
		On exit  : 
		Unchanged: 
 Data sizes:     COMMON   BANK0   BANK1   BANK2   BANK3   BANK4   BANK5   BANK6
      Params:         0       0       0       0       0       0       0       0
      Locals:         0       0       0       0       0       0       0       0
      Temps:          0       1       0       0       0       0       0       0
      Totals:         0       1       0       0       0       0       0       0
Total ram usage:        1 bytes
 Hardware stack levels used:    1
 Hardware stack levels required when called:    5
 This function calls:
		_RDM_get_checkSum
		_RDM_tx_TimerBreak
		_TX_RDM_Response_Set
 This function is called by:
		_RDM_GET_CC
		_RDM_SET_CC
		_RDM_discovery_CC
 This function uses a non-reentrant model


 *************** function _TX_RDM_Response_Set *****************
 Defined at:
		line 115 in file "RDM_Read.c"
 Parameters:    Size  Location     Type
		None
 Auto vars:     Size  Location     Type
		None
 Return value:  Size  Location     Type
                  1    wreg      void 
 Registers used:
		wreg, fsr1l, fsr1h, status,2, status,0
 Tracked objects:
		On entry : 
		On exit  : 
		Unchanged: 
 Data sizes:     COMMON   BANK0   BANK1   BANK2   BANK3   BANK4   BANK5   BANK6
      Params:         0       0       0       0       0       0       0       0
      Locals:         0       0       0       0       0       0       0       0
      Temps:          0       0       0       0       0       0       0       0
      Totals:         0       0       0       0       0       0       0       0
Total ram usage:        0 bytes
 Hardware stack levels used:    1
 Hardware stack levels required when called:    4
 This function calls:
		Nothing
 This function is called by:
		_RDM_TXSTART
 This function uses a non-reentrant model


 *************** function _RDM_tx_TimerBreak *****************
 Defined at:
		line 188 in file "RDM.c"
 Parameters:    Size  Location     Type
		None
 Auto vars:     Size  Location     Type
		None
 Return value:  Size  Location     Type
                  1    wreg      void 
 Registers used:
		wreg
 Tracked objects:
		On entry : 
		On exit  : 
		Unchanged: 
 Data sizes:     COMMON   BANK0   BANK1   BANK2   BANK3   BANK4   BANK5   BANK6
      Params:         0       0       0       0       0       0       0       0
      Locals:         0       0       0       0       0       0       0       0
      Temps:          0       0       0       0       0       0       0       0
      Totals:         0       0       0       0       0       0       0       0
Total ram usage:        0 bytes
 Hardware stack levels used:    1
 Hardware stack levels required when called:    4
 This function calls:
		Nothing
 This function is called by:
		_RDM_TXSTART
 This function uses a non-reentrant model


 *************** function _RDM_get_checkSum *****************
 Defined at:
		line 126 in file "RDM_Read.c"
 Parameters:    Size  Location     Type
  Data           24    0[BANK0 ] struct .
  len             1   24[BANK0 ] unsigned char 
 Auto vars:     Size  Location     Type
		None
 Return value:  Size  Location     Type
                  2    0[BANK0 ] unsigned int 
 Registers used:
		wreg, fsr1l, fsr1h, status,2, status,0
 Tracked objects:
		On entry : 
		On exit  : 
		Unchanged: 
 Data sizes:     COMMON   BANK0   BANK1   BANK2   BANK3   BANK4   BANK5   BANK6
      Params:         0      25       0       0       0       0       0       0
      Locals:         0       0       0       0       0       0       0       0
      Temps:          0       0       0       0       0       0       0       0
      Totals:         0      25       0       0       0       0       0       0
Total ram usage:       25 bytes
 Hardware stack levels used:    1
 Hardware stack levels required when called:    4
 This function calls:
		Nothing
 This function is called by:
		_RDM_rx_loop
		_RDM_TXSTART
 This function uses a non-reentrant model


 *************** function _DMX_loop *****************
 Defined at:
		line 59 in file "DMX.c"
 Parameters:    Size  Location     Type
		None
 Auto vars:     Size  Location     Type
  Addr            1    3[BANK3 ] unsigned char 
 Return value:  Size  Location     Type
                  1    wreg      void 
 Registers used:
		wreg, fsr0l, fsr0h, fsr1l, fsr1h, status,2, status,0, pclath, cstack
 Tracked objects:
		On entry : 
		On exit  : 
		Unchanged: 
 Data sizes:     COMMON   BANK0   BANK1   BANK2   BANK3   BANK4   BANK5   BANK6
      Params:         0       0       0       0       0       0       0       0
      Locals:         0       0       0       0       4       0       0       0
      Temps:          0       0       8       0       0       0       0       0
      Totals:         0       0       8       0       4       0       0       0
Total ram usage:       12 bytes
 Hardware stack levels used:    1
 Hardware stack levels required when called:    7
 This function calls:
		___awtoft
		___ftadd
		___ftdiv
		___ftge
		___ftmul
		___ftsub
		___fttol
		___lbtoft
		___lwtoft
 This function is called by:
		_main
 This function uses a non-reentrant model


 *************** function ___lwtoft *****************
 Defined at:
		line 28 in file "C:\Program Files (x86)\Microchip\xc8\v1.41\sources\common\lwtoft.c"
 Parameters:    Size  Location     Type
  c               2    8[BANK0 ] unsigned int 
 Auto vars:     Size  Location     Type
		None
 Return value:  Size  Location     Type
                  3    8[BANK0 ] float 
 Registers used:
		wreg, status,2, status,0, pclath, cstack
 Tracked objects:
		On entry : 
		On exit  : 
		Unchanged: 
 Data sizes:     COMMON   BANK0   BANK1   BANK2   BANK3   BANK4   BANK5   BANK6
      Params:         0       3       0       0       0       0       0       0
      Locals:         0       0       0       0       0       0       0       0
      Temps:          0       0       0       0       0       0       0       0
      Totals:         0       3       0       0       0       0       0       0
Total ram usage:        3 bytes
 Hardware stack levels used:    1
 Hardware stack levels required when called:    5
 This function calls:
		___ftpack
 This function is called by:
		_DMX_loop
 This function uses a non-reentrant model


 *************** function ___lbtoft *****************
 Defined at:
		line 27 in file "C:\Program Files (x86)\Microchip\xc8\v1.41\sources\common\lbtoft.c"
 Parameters:    Size  Location     Type
  c               1    wreg     unsigned char 
 Auto vars:     Size  Location     Type
  c               1   12[BANK0 ] unsigned char 
 Return value:  Size  Location     Type
                  3    8[BANK0 ] float 
 Registers used:
		wreg, status,2, status,0, pclath, cstack
 Tracked objects:
		On entry : 
		On exit  : 
		Unchanged: 
 Data sizes:     COMMON   BANK0   BANK1   BANK2   BANK3   BANK4   BANK5   BANK6
      Params:         0       4       0       0       0       0       0       0
      Locals:         0       1       0       0       0       0       0       0
      Temps:          0       0       0       0       0       0       0       0
      Totals:         0       5       0       0       0       0       0       0
Total ram usage:        5 bytes
 Hardware stack levels used:    1
 Hardware stack levels required when called:    5
 This function calls:
		___ftpack
 This function is called by:
		_DMX_loop
 This function uses a non-reentrant model


 *************** function ___fttol *****************
 Defined at:
		line 44 in file "C:\Program Files (x86)\Microchip\xc8\v1.41\sources\common\fttol.c"
 Parameters:    Size  Location     Type
  f1              3   61[BANK0 ] float 
 Auto vars:     Size  Location     Type
  lval            4   69[BANK0 ] unsigned long 
  exp1            1   73[BANK0 ] unsigned char 
  sign1           1   68[BANK0 ] unsigned char 
 Return value:  Size  Location     Type
                  4   61[BANK0 ] long 
 Registers used:
		wreg, status,2, status,0
 Tracked objects:
		On entry : 
		On exit  : 
		Unchanged: 
 Data sizes:     COMMON   BANK0   BANK1   BANK2   BANK3   BANK4   BANK5   BANK6
      Params:         0       4       0       0       0       0       0       0
      Locals:         0       6       0       0       0       0       0       0
      Temps:          0       3       0       0       0       0       0       0
      Totals:         0      13       0       0       0       0       0       0
Total ram usage:       13 bytes
 Hardware stack levels used:    1
 Hardware stack levels required when called:    4
 This function calls:
		Nothing
 This function is called by:
		_DMX_loop
 This function uses a non-reentrant model


 *************** function ___ftsub *****************
 Defined at:
		line 18 in file "C:\Program Files (x86)\Microchip\xc8\v1.41\sources\common\ftsub.c"
 Parameters:    Size  Location     Type
  f2              3   55[BANK0 ] float 
  f1              3   58[BANK0 ] float 
 Auto vars:     Size  Location     Type
		None
 Return value:  Size  Location     Type
                  3   55[BANK0 ] float 
 Registers used:
		wreg, status,2, status,0, pclath, cstack
 Tracked objects:
		On entry : 
		On exit  : 
		Unchanged: 
 Data sizes:     COMMON   BANK0   BANK1   BANK2   BANK3   BANK4   BANK5   BANK6
      Params:         0       6       0       0       0       0       0       0
      Locals:         0       0       0       0       0       0       0       0
      Temps:          0       0       0       0       0       0       0       0
      Totals:         0       6       0       0       0       0       0       0
Total ram usage:        6 bytes
 Hardware stack levels used:    1
 Hardware stack levels required when called:    6
 This function calls:
		___ftadd
 This function is called by:
		_DMX_loop
 This function uses a non-reentrant model


 *************** function ___ftadd *****************
 Defined at:
		line 86 in file "C:\Program Files (x86)\Microchip\xc8\v1.41\sources\common\ftadd.c"
 Parameters:    Size  Location     Type
  f1              3   43[BANK0 ] float 
  f2              3   46[BANK0 ] float 
 Auto vars:     Size  Location     Type
  exp1            1   54[BANK0 ] unsigned char 
  exp2            1   53[BANK0 ] unsigned char 
  sign            1   52[BANK0 ] unsigned char 
 Return value:  Size  Location     Type
                  3   43[BANK0 ] float 
 Registers used:
		wreg, status,2, status,0, pclath, cstack
 Tracked objects:
		On entry : 
		On exit  : 
		Unchanged: 
 Data sizes:     COMMON   BANK0   BANK1   BANK2   BANK3   BANK4   BANK5   BANK6
      Params:         0       6       0       0       0       0       0       0
      Locals:         0       3       0       0       0       0       0       0
      Temps:          0       3       0       0       0       0       0       0
      Totals:         0      12       0       0       0       0       0       0
Total ram usage:       12 bytes
 Hardware stack levels used:    1
 Hardware stack levels required when called:    5
 This function calls:
		___ftpack
 This function is called by:
		_DMX_loop
		___ftsub
 This function uses a non-reentrant model


 *************** function ___ftmul *****************
 Defined at:
		line 62 in file "C:\Program Files (x86)\Microchip\xc8\v1.41\sources\common\ftmul.c"
 Parameters:    Size  Location     Type
  f1              3   13[BANK0 ] float 
  f2              3   16[BANK0 ] float 
 Auto vars:     Size  Location     Type
  f3_as_produc    3   23[BANK0 ] unsigned um
  sign            1   27[BANK0 ] unsigned char 
  cntr            1   26[BANK0 ] unsigned char 
  exp             1   22[BANK0 ] unsigned char 
 Return value:  Size  Location     Type
                  3   13[BANK0 ] float 
 Registers used:
		wreg, status,2, status,0, pclath, cstack
 Tracked objects:
		On entry : 
		On exit  : 
		Unchanged: 
 Data sizes:     COMMON   BANK0   BANK1   BANK2   BANK3   BANK4   BANK5   BANK6
      Params:         0       6       0       0       0       0       0       0
      Locals:         0       6       0       0       0       0       0       0
      Temps:          0       3       0       0       0       0       0       0
      Totals:         0      15       0       0       0       0       0       0
Total ram usage:       15 bytes
 Hardware stack levels used:    1
 Hardware stack levels required when called:    5
 This function calls:
		___ftpack
 This function is called by:
		_DMX_loop
 This function uses a non-reentrant model


 *************** function ___ftge *****************
 Defined at:
		line 4 in file "C:\Program Files (x86)\Microchip\xc8\v1.41\sources\common\ftge.c"
 Parameters:    Size  Location     Type
  ff1             3   13[BANK0 ] float 
  ff2             3   16[BANK0 ] float 
 Auto vars:     Size  Location     Type
		None
 Return value:  Size  Location     Type
		None               void
 Registers used:
		wreg, status,2, status,0
 Tracked objects:
		On entry : 
		On exit  : 
		Unchanged: 
 Data sizes:     COMMON   BANK0   BANK1   BANK2   BANK3   BANK4   BANK5   BANK6
      Params:         0       6       0       0       0       0       0       0
      Locals:         0       0       0       0       0       0       0       0
      Temps:          0       0       0       0       0       0       0       0
      Totals:         0       6       0       0       0       0       0       0
Total ram usage:        6 bytes
 Hardware stack levels used:    1
 Hardware stack levels required when called:    4
 This function calls:
		Nothing
 This function is called by:
		_DMX_loop
 This function uses a non-reentrant model


 *************** function ___ftdiv *****************
 Defined at:
		line 56 in file "C:\Program Files (x86)\Microchip\xc8\v1.41\sources\common\ftdiv.c"
 Parameters:    Size  Location     Type
  f2              3   28[BANK0 ] float 
  f1              3   31[BANK0 ] float 
 Auto vars:     Size  Location     Type
  f3              3   38[BANK0 ] float 
  sign            1   42[BANK0 ] unsigned char 
  exp             1   41[BANK0 ] unsigned char 
  cntr            1   37[BANK0 ] unsigned char 
 Return value:  Size  Location     Type
                  3   28[BANK0 ] float 
 Registers used:
		wreg, status,2, status,0, pclath, cstack
 Tracked objects:
		On entry : 
		On exit  : 
		Unchanged: 
 Data sizes:     COMMON   BANK0   BANK1   BANK2   BANK3   BANK4   BANK5   BANK6
      Params:         0       6       0       0       0       0       0       0
      Locals:         0       6       0       0       0       0       0       0
      Temps:          0       3       0       0       0       0       0       0
      Totals:         0      15       0       0       0       0       0       0
Total ram usage:       15 bytes
 Hardware stack levels used:    1
 Hardware stack levels required when called:    5
 This function calls:
		___ftpack
 This function is called by:
		_DMX_loop
 This function uses a non-reentrant model


 *************** function ___awtoft *****************
 Defined at:
		line 32 in file "C:\Program Files (x86)\Microchip\xc8\v1.41\sources\common\awtoft.c"
 Parameters:    Size  Location     Type
  c               2    8[BANK0 ] int 
 Auto vars:     Size  Location     Type
  sign            1   11[BANK0 ] unsigned char 
 Return value:  Size  Location     Type
                  3    8[BANK0 ] float 
 Registers used:
		wreg, status,2, status,0, pclath, cstack
 Tracked objects:
		On entry : 
		On exit  : 
		Unchanged: 
 Data sizes:     COMMON   BANK0   BANK1   BANK2   BANK3   BANK4   BANK5   BANK6
      Params:         0       3       0       0       0       0       0       0
      Locals:         0       1       0       0       0       0       0       0
      Temps:          0       0       0       0       0       0       0       0
      Totals:         0       4       0       0       0       0       0       0
Total ram usage:        4 bytes
 Hardware stack levels used:    1
 Hardware stack levels required when called:    5
 This function calls:
		___ftpack
 This function is called by:
		_DMX_loop
 This function uses a non-reentrant model


 *************** function ___ftpack *****************
 Defined at:
		line 62 in file "C:\Program Files (x86)\Microchip\xc8\v1.41\sources\common\float.c"
 Parameters:    Size  Location     Type
  arg             3    0[BANK0 ] unsigned um
  exp             1    3[BANK0 ] unsigned char 
  sign            1    4[BANK0 ] unsigned char 
 Auto vars:     Size  Location     Type
		None
 Return value:  Size  Location     Type
                  3    0[BANK0 ] float 
 Registers used:
		wreg, status,2, status,0
 Tracked objects:
		On entry : 
		On exit  : 
		Unchanged: 
 Data sizes:     COMMON   BANK0   BANK1   BANK2   BANK3   BANK4   BANK5   BANK6
      Params:         0       5       0       0       0       0       0       0
      Locals:         0       0       0       0       0       0       0       0
      Temps:          0       3       0       0       0       0       0       0
      Totals:         0       8       0       0       0       0       0       0
Total ram usage:        8 bytes
 Hardware stack levels used:    1
 Hardware stack levels required when called:    4
 This function calls:
		Nothing
 This function is called by:
		___awtoft
		___ftadd
		___ftdiv
		___ftmul
		___lbtoft
		___lwtoft
 This function uses a non-reentrant model


 *************** function _ADC_loop *****************
 Defined at:
		line 32 in file "ADC.c"
 Parameters:    Size  Location     Type
		None
 Auto vars:     Size  Location     Type
		None
 Return value:  Size  Location     Type
                  2  116[None  ] int 
 Registers used:
		wreg, fsr0l, fsr0h, status,2, status,0, pclath
 Tracked objects:
		On entry : 
		On exit  : 
		Unchanged: 
 Data sizes:     COMMON   BANK0   BANK1   BANK2   BANK3   BANK4   BANK5   BANK6
      Params:         0       0       0       0       0       0       0       0
      Locals:         0       0       0       0       0       0       0       0
      Temps:          0       2       0       0       0       0       0       0
      Totals:         0       2       0       0       0       0       0       0
Total ram usage:        2 bytes
 Hardware stack levels used:    1
 Hardware stack levels required when called:    4
 This function calls:
		Nothing
 This function is called by:
		_main
 This function uses a non-reentrant model


 *************** function _isr *****************
 Defined at:
		line 82 in file "main.c"
 Parameters:    Size  Location     Type
		None
 Auto vars:     Size  Location     Type
		None
 Return value:  Size  Location     Type
                  1    wreg      void 
 Registers used:
		wreg, fsr0l, fsr0h, fsr1l, fsr1h, status,2, status,0, pclath, cstack
 Tracked objects:
		On entry : 
		On exit  : 
		Unchanged: 
 Data sizes:     COMMON   BANK0   BANK1   BANK2   BANK3   BANK4   BANK5   BANK6
      Params:         0       0       0       0       0       0       0       0
      Locals:         0       0       0       0       0       0       0       0
      Temps:          0       0       0       0       0       0       0       0
      Totals:         0       0       0       0       0       0       0       0
Total ram usage:        0 bytes
 Hardware stack levels used:    1
 Hardware stack levels required when called:    3
 This function calls:
		_ADC_interrupt
		_DMX_interrput
		_RDM_tx_interrupt
		_timer1_interrupt
 This function is called by:
		Interrupt level 1
 This function uses a non-reentrant model


 *************** function _timer1_interrupt *****************
 Defined at:
		line 24 in file "Timer.c"
 Parameters:    Size  Location     Type
		None
 Auto vars:     Size  Location     Type
		None
 Return value:  Size  Location     Type
                  2  124[None  ] int 
 Registers used:
		wreg, fsr0l, fsr0h, fsr1l, fsr1h, status,2, status,0, pclath, cstack
 Tracked objects:
		On entry : 
		On exit  : 
		Unchanged: 
 Data sizes:     COMMON   BANK0   BANK1   BANK2   BANK3   BANK4   BANK5   BANK6
      Params:         0       0       0       0       0       0       0       0
      Locals:         0       0       0       0       0       0       0       0
      Temps:          1       0       0       0       0       0       0       0
      Totals:         1       0       0       0       0       0       0       0
Total ram usage:        1 bytes
 Hardware stack levels used:    1
 Hardware stack levels required when called:    2
 This function calls:
		_ADC_init
		_DMX_init
		_RDM_init
 This function is called by:
		_isr
 This function uses a non-reentrant model


 *************** function _RDM_init *****************
 Defined at:
		line 16 in file "RDM.c"
 Parameters:    Size  Location     Type
		None
 Auto vars:     Size  Location     Type
		None
 Return value:  Size  Location     Type
                  1    wreg      void 
 Registers used:
		wreg, fsr0l, fsr0h, fsr1l, fsr1h, status,2, status,0, pclath, cstack
 Tracked objects:
		On entry : 
		On exit  : 
		Unchanged: 
 Data sizes:     COMMON   BANK0   BANK1   BANK2   BANK3   BANK4   BANK5   BANK6
      Params:         0       0       0       0       0       0       0       0
      Locals:         0       0       0       0       0       0       0       0
      Temps:          2       0       0       0       0       0       0       0
      Totals:         2       0       0       0       0       0       0       0
Total ram usage:        2 bytes
 Hardware stack levels used:    1
 Hardware stack levels required when called:    1
 This function calls:
		___bmul
 This function is called by:
		_timer1_interrupt
 This function uses a non-reentrant model


 *************** function ___bmul *****************
 Defined at:
		line 4 in file "C:\Program Files (x86)\Microchip\xc8\v1.41\sources\common\Umul8.c"
 Parameters:    Size  Location     Type
  multiplier      1    wreg     unsigned char 
  multiplicand    1    0[COMMON] unsigned char 
 Auto vars:     Size  Location     Type
  multiplier      1    2[COMMON] unsigned char 
  product         1    1[COMMON] unsigned char 
 Return value:  Size  Location     Type
                  1    wreg      unsigned char 
 Registers used:
		wreg, status,2, status,0
 Tracked objects:
		On entry : 
		On exit  : 
		Unchanged: 
 Data sizes:     COMMON   BANK0   BANK1   BANK2   BANK3   BANK4   BANK5   BANK6
      Params:         1       0       0       0       0       0       0       0
      Locals:         2       0       0       0       0       0       0       0
      Temps:          0       0       0       0       0       0       0       0
      Totals:         3       0       0       0       0       0       0       0
Total ram usage:        3 bytes
 Hardware stack levels used:    1
 This function calls:
		Nothing
 This function is called by:
		_RDM_init
 This function uses a non-reentrant model


 *************** function _DMX_init *****************
 Defined at:
		line 17 in file "DMX.c"
 Parameters:    Size  Location     Type
		None
 Auto vars:     Size  Location     Type
  Addr            1    3[COMMON] unsigned char 
 Return value:  Size  Location     Type
                  1    wreg      void 
 Registers used:
		wreg, fsr0l, fsr0h, fsr1l, fsr1h, status,2, status,0
 Tracked objects:
		On entry : 
		On exit  : 
		Unchanged: 
 Data sizes:     COMMON   BANK0   BANK1   BANK2   BANK3   BANK4   BANK5   BANK6
      Params:         0       0       0       0       0       0       0       0
      Locals:         1       0       0       0       0       0       0       0
      Temps:          3       0       0       0       0       0       0       0
      Totals:         4       0       0       0       0       0       0       0
Total ram usage:        4 bytes
 Hardware stack levels used:    1
 This function calls:
		Nothing
 This function is called by:
		_timer1_interrupt
 This function uses a non-reentrant model


 *************** function _ADC_init *****************
 Defined at:
		line 14 in file "ADC.c"
 Parameters:    Size  Location     Type
		None
 Auto vars:     Size  Location     Type
		None
 Return value:  Size  Location     Type
                  1    wreg      void 
 Registers used:
		wreg
 Tracked objects:
		On entry : 
		On exit  : 
		Unchanged: 
 Data sizes:     COMMON   BANK0   BANK1   BANK2   BANK3   BANK4   BANK5   BANK6
      Params:         0       0       0       0       0       0       0       0
      Locals:         0       0       0       0       0       0       0       0
      Temps:          0       0       0       0       0       0       0       0
      Totals:         0       0       0       0       0       0       0       0
Total ram usage:        0 bytes
 Hardware stack levels used:    1
 This function calls:
		Nothing
 This function is called by:
		_timer1_interrupt
 This function uses a non-reentrant model


 *************** function _RDM_tx_interrupt *****************
 Defined at:
		line 125 in file "RDM.c"
 Parameters:    Size  Location     Type
		None
 Auto vars:     Size  Location     Type
		None
 Return value:  Size  Location     Type
                  2  126[None  ] int 
 Registers used:
		wreg, fsr0l, fsr0h, fsr1l, fsr1h, status,2, status,0
 Tracked objects:
		On entry : 
		On exit  : 
		Unchanged: 
 Data sizes:     COMMON   BANK0   BANK1   BANK2   BANK3   BANK4   BANK5   BANK6
      Params:         0       0       0       0       0       0       0       0
      Locals:         0       0       0       0       0       0       0       0
      Temps:          4       0       0       0       0       0       0       0
      Totals:         4       0       0       0       0       0       0       0
Total ram usage:        4 bytes
 Hardware stack levels used:    1
 This function calls:
		Nothing
 This function is called by:
		_isr
 This function uses a non-reentrant model


 *************** function _DMX_interrput *****************
 Defined at:
		line 167 in file "DMX.c"
 Parameters:    Size  Location     Type
		None
 Auto vars:     Size  Location     Type
  RxDat           1    2[COMMON] volatile unsigned char 
 Return value:  Size  Location     Type
                  2  122[None  ] int 
 Registers used:
		wreg, fsr0l, fsr0h, fsr1l, fsr1h, status,2, status,0
 Tracked objects:
		On entry : 
		On exit  : 
		Unchanged: 
 Data sizes:     COMMON   BANK0   BANK1   BANK2   BANK3   BANK4   BANK5   BANK6
      Params:         0       0       0       0       0       0       0       0
      Locals:         1       0       0       0       0       0       0       0
      Temps:          2       0       0       0       0       0       0       0
      Totals:         3       0       0       0       0       0       0       0
Total ram usage:        3 bytes
 Hardware stack levels used:    1
 This function calls:
		Nothing
 This function is called by:
		_isr
 This function uses a non-reentrant model


 *************** function _ADC_interrupt *****************
 Defined at:
		line 43 in file "ADC.c"
 Parameters:    Size  Location     Type
		None
 Auto vars:     Size  Location     Type
		None
 Return value:  Size  Location     Type
                  2  120[None  ] int 
 Registers used:
		wreg
 Tracked objects:
		On entry : 
		On exit  : 
		Unchanged: 
 Data sizes:     COMMON   BANK0   BANK1   BANK2   BANK3   BANK4   BANK5   BANK6
      Params:         0       0       0       0       0       0       0       0
      Locals:         0       0       0       0       0       0       0       0
      Temps:          0       0       0       0       0       0       0       0
      Totals:         0       0       0       0       0       0       0       0
Total ram usage:        0 bytes
 Hardware stack levels used:    1
 This function calls:
		Nothing
 This function is called by:
		_isr
 This function uses a non-reentrant model



MODULE INFORMATION

Module		Function		Class		Link	Load	Size
RDM_Read.c
		_RDM_discovery_CC		CODE           	0D2A	0000	120
		_RDM_get_checkSum		CODE           	0E57	0000	50
		_RDM_GET_CC    		CODE           	0E88	0000	119
		_TX_RDM_Response_Set		CODE           	0DC0	0000	32
		_RDM_SET_CC    		CODE           	0EFE	0000	24
		_RDM_TXSTART   		CODE           	0DA1	0000	32

RDM_Read.c estimated size: 377

DMX.c
		_DMX_interrput 		CODE           	0A6E	0000	221
		_DMX_loop      		CODE           	00D4	0000	630
		_DMX_init      		CODE           	0BE5	0000	112

DMX.c estimated size: 963

Timer.c
		_timer1_init   		CODE           	071F	0000	15
		_timer1_interrupt		CODE           	0B51	0000	137

Timer.c estimated size: 152

C:\Program Files (x86)\Microchip\xc8\v1.41\sources\common\Umul8.c
		___bmul        		CODE           	0CF2	0000	13

C:\Program Files (x86)\Microchip\xc8\v1.41\sources\common\Umul8.c estimated size: 13

C:\Program Files (x86)\Microchip\xc8\v1.41\sources\common\fttol.c
		___fttol       		CODE           	055F	0000	86

C:\Program Files (x86)\Microchip\xc8\v1.41\sources\common\fttol.c estimated size: 86

RDM.c
		_RDM_init      		CODE           	0C54	0000	159
		_RDM_rx_loop   		CODE           	0DEE	0000	106
		_RDM_tx_TimerBreak		CODE           	0DDF	0000	16
		_RDM_tx_interrupt		CODE           	0F6F	0000	128

RDM.c estimated size: 409

C:\Program Files (x86)\Microchip\xc8\v1.41\sources\common\ftadd.c
		___ftadd       		CODE           	03FC	0000	175

C:\Program Files (x86)\Microchip\xc8\v1.41\sources\common\ftadd.c estimated size: 175

C:\Program Files (x86)\Microchip\xc8\v1.41\sources\common\ftge.c
		___ftge        		CODE           	03D0	0000	45

C:\Program Files (x86)\Microchip\xc8\v1.41\sources\common\ftge.c estimated size: 45

C:\Program Files (x86)\Microchip\xc8\v1.41\sources\common\ftsub.c
		___ftsub       		CODE           	0359	0000	28

C:\Program Files (x86)\Microchip\xc8\v1.41\sources\common\ftsub.c estimated size: 28

C:\Program Files (x86)\Microchip\xc8\v1.41\sources\common\float.c
		___ftpack      		CODE           	0506	0000	63

C:\Program Files (x86)\Microchip\xc8\v1.41\sources\common\float.c estimated size: 63

shared
		PL12           		CODE           	0603	0000	30
		PL50           		CODE           	06A7	0000	10
		PL8            		CODE           	05EE	0000	8
		PL22           		CODE           	0647	0000	17
		PL60           		CODE           	06C9	0000	9
		PL100          		CODE           	070C	0000	7
		PL32           		CODE           	0F2B	0000	15
		PL70           		CODE           	06D8	0000	7
		PL42           		CODE           	0FEE	0000	12
		PL80           		CODE           	06EC	0000	8
		PL110          		CODE           	071B	0000	5
		PL14           		CODE           	0620	0000	24
		PL52           		CODE           	06B0	0000	8
		PL90           		CODE           	0F63	0000	7
		_PWM           		STRCODE        	072D	0000	513
		PL24           		CODE           	0657	0000	7
		PL62           		CODE           	0D0A	0000	9
		PL34           		CODE           	067A	0000	14
		PL72           		CODE           	0D12	0000	8
		PL44           		CODE           	068D	0000	12
		PL82           		CODE           	0FF9	0000	8
		PL16           		CODE           	0F15	0000	23
		PL54           		CODE           	06B7	0000	10
		PL92           		CODE           	0700	0000	7
		PL26           		CODE           	065D	0000	9
		PL64           		CODE           	0F4F	0000	7
		PL102          		CODE           	0D1F	0000	7
		PL36           		CODE           	0F39	0000	14
		PL74           		CODE           	06DE	0000	8
		PL46           		CODE           	0698	0000	8
		PL84           		CODE           	06F3	0000	8
		PL18           		CODE           	0637	0000	9
		PL56           		CODE           	0F46	0000	10
		PL94           		CODE           	0D19	0000	7
		PL28           		CODE           	0665	0000	16
		PL66           		CODE           	06D1	0000	8
		PL38           		CODE           	0CFE	0000	13
		PL76           		CODE           	0F5C	0000	8
		PL48           		CODE           	069F	0000	9
		PL86           		CODE           	0B4A	0000	8
		PL58           		CODE           	06C0	0000	10
		PL96           		CODE           	0F69	0000	7
		PL68           		CODE           	0F55	0000	8
		PL104          		CODE           	0D25	0000	6
		PL78           		CODE           	06E5	0000	8
		PL88           		CODE           	06FA	0000	7
		PL98           		CODE           	0706	0000	7
		_UID           		STRCODE        	092D	0000	7
		__initialization		CODE           	0015	0000	68
		PL106          		CODE           	0712	0000	6
		PL108          		CODE           	0717	0000	5
		PL2            		CODE           	05C4	0000	27
		PL10           		CODE           	05F5	0000	15
		PL4            		CODE           	05DE	0000	7
		PL20           		CODE           	063F	0000	9
		PL30           		CODE           	0674	0000	7
		PL6            		CODE           	05E4	0000	11
		PL40           		CODE           	0687	0000	7

shared estimated size: 1149

ADC.c
		_ADC_interrupt 		CODE           	0A58	0000	11
		_ADC_loop      		CODE           	00AC	0000	41
		_ADC_init      		CODE           	0BD9	0000	13

ADC.c estimated size: 65

C:\Program Files (x86)\Microchip\xc8\v1.41\sources\common\awtoft.c
		___awtoft      		CODE           	0544	0000	28

C:\Program Files (x86)\Microchip\xc8\v1.41\sources\common\awtoft.c estimated size: 28

C:\Program Files (x86)\Microchip\xc8\v1.41\sources\common\lbtoft.c
		___lbtoft      		CODE           	0349	0000	17

C:\Program Files (x86)\Microchip\xc8\v1.41\sources\common\lbtoft.c estimated size: 17

C:\Program Files (x86)\Microchip\xc8\v1.41\sources\common\ftmul.c
		___ftmul       		CODE           	04AA	0000	93

C:\Program Files (x86)\Microchip\xc8\v1.41\sources\common\ftmul.c estimated size: 93

C:\Program Files (x86)\Microchip\xc8\v1.41\sources\common\lwtoft.c
		___lwtoft      		CODE           	05B4	0000	17

C:\Program Files (x86)\Microchip\xc8\v1.41\sources\common\lwtoft.c estimated size: 17

main.c
		_main          		CODE           	005B	0000	82
		_isr           		CODE           	0004	0000	16

main.c estimated size: 98

C:\Program Files (x86)\Microchip\xc8\v1.41\sources\common\ftdiv.c
		___ftdiv       		CODE           	0374	0000	93

C:\Program Files (x86)\Microchip\xc8\v1.41\sources\common\ftdiv.c estimated size: 93

