Microchip MPLAB XC8 Compiler V1.41 ()

Linker command line:

-W-3 --edf=C:\Program Files (x86)\Microchip\xc8\v1.41\dat\en_msgs.txt -cs \
  -h+dist/default/production\PWM.production.sym \
  --cmf=dist/default/production\PWM.production.cmf -z -Q16F1574 \
  -oC:\Users\METEOR\AppData\Local\Temp\sbmg.2 \
  -Mdist/default/production/PWM.production.map -E1 -ver=XC8 \
  -ASTACK=02017h-0202dh -pstack=STACK -ACODE=00h-07FFhx2 \
  -ASTRCODE=00h-0FFFh -ASTRING=00h-0FFhx16 -ACONST=00h-0FFhx16 \
  -AENTRY=00h-0FFhx16 -ACOMMON=070h-07Fh -ABANK0=020h-06Fh \
  -ABANK1=0A0h-0EFh -ABANK2=0120h-016Fh -ABANK3=01A0h-01EFh \
  -ABANK4=0220h-026Fh -ABANK5=02A0h-02EFh -ABANK6=0320h-032Fh \
  -ABIGRAM=02000h-021EFh \
  -ARAM=020h-06Fh,0A0h-0EFh,0120h-016Fh,01A0h-01EFh,0220h-026Fh,02A0h-02EFh,0320h-032Fh \
  -AABS1=020h-07Fh,0A0h-0EFh,0120h-016Fh,01A0h-01EFh,0220h-026Fh,02A0h-02EFh,0320h-032Fh \
  -ASFR0=00h-01Fh -ASFR1=080h-09Fh -ASFR2=0100h-011Fh -ASFR3=0180h-019Fh \
  -ASFR4=0200h-021Fh -ASFR5=0280h-029Fh -ASFR6=0300h-031Fh \
  -ASFR7=0380h-03EFh -ASFR8=0400h-046Fh -ASFR9=0480h-04EFh \
  -ASFR10=0500h-056Fh -ASFR11=0580h-05EFh -ASFR12=0600h-066Fh \
  -ASFR13=0680h-06EFh -ASFR14=0700h-076Fh -ASFR15=0780h-07EFh \
  -ASFR16=0800h-086Fh -ASFR17=0880h-08EFh -ASFR18=0900h-096Fh \
  -ASFR19=0980h-09EFh -ASFR20=0A00h-0A6Fh -ASFR21=0A80h-0AEFh \
  -ASFR22=0B00h-0B6Fh -ASFR23=0B80h-0BEFh -ASFR24=0C00h-0C6Fh \
  -ASFR25=0C80h-0CEFh -ASFR26=0D00h-0D6Fh -ASFR27=0D80h-0DEFh \
  -ASFR28=0E00h-0E6Fh -ASFR29=0E80h-0EEFh -ASFR30=0F00h-0F6Fh \
  -ASFR31=0F80h-0FEFh -preset_vec=00h,intentry=04h,init,end_init \
  -ppowerup=CODE -pcinit=CODE -pfunctab=CODE -ACONFIG=08007h-08008h \
  -pconfig=CONFIG -DCONFIG=2 -AIDLOC=08000h-08003h -pidloc=IDLOC -DIDLOC=2 \
  -DCODE=2 -DSTRCODE=2 -DSTRING=2 -DCONST=2 -DENTRY=2 -k \
  C:\Users\METEOR\AppData\Local\Temp\sbmg.obj \
  dist/default/production\PWM.production.obj 

Object code version is 3.11

Machine type is 16F1574



                Name                               Link     Load   Length Selector   Space Scale
C:\Users\METEOR\AppData\Local\Temp\sbmg.obj
                end_init                              A        A        2        8       0
                reset_vec                             0        0        2        0       0
                config                             8007     8007        2    1000E       0
dist/default/production\PWM.production.obj
                cinit                                 C        C       D5        8       0
                intentry                              4        4        6        8       0
                text2                               2E1      2E1       85      5C2       0
                cstackBANK0                          31       31        4       20       1
                cstackCOMMON                         74       74        4       70       1
                clrtext                             366      366        C      5C2       0
                bssBANK0                             20       20       11       20       1
                dataCOMMON                           78       78        2       70       1
                bssCOMMON                            70       70        4       70       1
                nvBANK0                              35       35        2       20       1
                stringtext                           E1       E1      200      1C2       0

TOTAL           Name                               Link     Load   Length     Space
        CLASS   STACK          

        CLASS   CODE           
                end_init                              A        A        2         0
                cinit                                 C        C       D5         0
                intentry                              4        4        6         0
                reset_vec                             0        0        2         0
                text2                               2E1      2E1       85         0
                clrtext                             366      366        C         0

        CLASS   STRCODE        
                stringtext                           E1       E1      200         0

        CLASS   STRING         

        CLASS   CONST          

        CLASS   ENTRY          

        CLASS   COMMON         
                cstackCOMMON                         74       74        4         1
                dataCOMMON                           78       78        2         1
                bssCOMMON                            70       70        4         1

        CLASS   BANK0          
                cstackBANK0                          31       31        4         1
                bssBANK0                             20       20       11         1
                nvBANK0                              35       35        2         1

        CLASS   BANK1          

        CLASS   BANK2          

        CLASS   BANK3          

        CLASS   BANK4          

        CLASS   BANK5          

        CLASS   BANK6          

        CLASS   BIGRAM         

        CLASS   RAM            

        CLASS   ABS1           
                abs_s1                               4E       4E       22         1
                abs_s1                               7E       7E        2         1
                abs_s1                               A0       A0       50         1
                abs_s1                              120      120       50         1
                abs_s1                              1A0      1A0       50         1
                abs_s1                              220      220       50         1
                abs_s1                              2A0      2A0       50         1
                abs_s1                              320      320       10         1
                abs_s1                             202E     202E        0         1

        CLASS   SFR0           

        CLASS   SFR1           

        CLASS   SFR2           

        CLASS   SFR3           

        CLASS   SFR4           

        CLASS   SFR5           

        CLASS   SFR6           

        CLASS   SFR7           

        CLASS   SFR8           

        CLASS   SFR9           

        CLASS   SFR10          

        CLASS   SFR11          

        CLASS   SFR12          

        CLASS   SFR13          

        CLASS   SFR14          

        CLASS   SFR15          

        CLASS   SFR16          

        CLASS   SFR17          

        CLASS   SFR18          

        CLASS   SFR19          

        CLASS   SFR20          

        CLASS   SFR21          

        CLASS   SFR22          

        CLASS   SFR23          

        CLASS   SFR24          

        CLASS   SFR25          

        CLASS   SFR26          

        CLASS   SFR27          

        CLASS   SFR28          

        CLASS   SFR29          

        CLASS   SFR30          

        CLASS   SFR31          

        CLASS   CONFIG         
                config                             8007     8007        2         0

        CLASS   IDLOC          

        CLASS   BANK31         

        CLASS   BANK30         

        CLASS   BANK29         

        CLASS   BANK28         

        CLASS   BANK27         

        CLASS   BANK26         

        CLASS   BANK25         

        CLASS   BANK24         

        CLASS   BANK23         

        CLASS   BANK22         

        CLASS   BANK21         

        CLASS   BANK20         

        CLASS   BANK19         

        CLASS   BANK18         

        CLASS   BANK17         

        CLASS   BANK16         

        CLASS   BANK15         

        CLASS   BANK14         

        CLASS   BANK13         

        CLASS   BANK12         

        CLASS   BANK11         

        CLASS   BANK10         

        CLASS   BANK9          

        CLASS   BANK8          

        CLASS   BANK7          

        CLASS   EEDATA         



SEGMENTS        Name                           Load    Length   Top    Selector   Space  Class     Delta

                reset_vec                      000000  000002  000002         0       0  CODE        2
                intentry                       000004  0000DD  0000E1         8       0  CODE        2
                bssBANK0                       000020  000017  000037        20       1  BANK0       1
                bssCOMMON                      000070  00000A  00007A        70       1  COMMON      1
                stringtext                     0000E1  000200  0002E1       1C2       0  STRCODE     2
                text2                          0002E1  000091  000372       5C2       0  CODE        2
                config                         008007  000002  008009     1000E       0  CONFIG      2


UNUSED ADDRESS RANGES

        Name                Unused          Largest block    Delta
        BANK0            00037-0004D              17           1
        BIGRAM           02000-021EF             1F0           1
        CODE             00002-00003               2           2
                         00372-00FFF             48E
        COMMON           0007A-0007D               4           1
        CONST            00002-00003               2           2
                         00372-00FFF             100
        ENTRY            00002-00003               2           2
                         00372-00FFF             100
        IDLOC            08000-08003               4           2
        RAM              00037-0004D              17           1
        SFR0             00000-0001F              20           1
        SFR1             00080-0009F              20           1
        SFR10            00500-0056F              70           1
        SFR11            00580-005EF              70           1
        SFR12            00600-0066F              70           1
        SFR13            00680-006EF              70           1
        SFR14            00700-0076F              70           1
        SFR15            00780-007EF              70           1
        SFR16            00800-0086F              70           1
        SFR17            00880-008EF              70           1
        SFR18            00900-0096F              70           1
        SFR19            00980-009EF              70           1
        SFR2             00100-0011F              20           1
        SFR20            00A00-00A6F              70           1
        SFR21            00A80-00AEF              70           1
        SFR22            00B00-00B6F              70           1
        SFR23            00B80-00BEF              70           1
        SFR24            00C00-00C6F              70           1
        SFR25            00C80-00CEF              70           1
        SFR26            00D00-00D6F              70           1
        SFR27            00D80-00DEF              70           1
        SFR28            00E00-00E6F              70           1
        SFR29            00E80-00EEF              70           1
        SFR3             00180-0019F              20           1
        SFR30            00F00-00F6F              70           1
        SFR31            00F80-00FEF              70           1
        SFR4             00200-0021F              20           1
        SFR5             00280-0029F              20           1
        SFR6             00300-0031F              20           1
        SFR7             00380-003EF              70           1
        SFR8             00400-0046F              70           1
        SFR9             00480-004EF              70           1
        STACK            02017-0202D              17           1
        STRCODE          00002-00003               2           2
                         00372-00FFF             C8E
        STRING           00002-00003               2           2
                         00372-00FFF             100

                                  Symbol Table

DMX_interrput@RxDat      cstackCOMMON 00077
PL2                      cinit        000D0
PL4                      cinit        000DB
_ANSA2                   (abs)        00C62
_ANSC0                   (abs)        00C70
_ANSC1                   (abs)        00C71
_ANSC2                   (abs)        00C72
_ANSC3                   (abs)        00C73
_BAUDCON                 (abs)        0019F
_BRGH                    (abs)        00CF2
_DMX_Address             dataCOMMON   00078
_DMX_StartCode           bssBANK0     0002C
_DMX_interrput           text2        002E1
_FERR                    (abs)        00CEA
_Flags                   bssCOMMON    00072
_INTCON                  (abs)        0000B
_OSCCON                  (abs)        00099
_OSCTUNE                 (abs)        00098
_PR2                     (abs)        0001B
_PWM                     stringtext   000E1
_PWM1CLKCON              (abs)        00D9E
_PWM1CON                 (abs)        00D9B
_PWM1DCH                 (abs)        00D94
_PWM1DCL                 (abs)        00D93
_PWM1LDCON               (abs)        00D9F
_PWM1PHH                 (abs)        00D92
_PWM1PHL                 (abs)        00D91
_PWM1PRH                 (abs)        00D96
_PWM1PRL                 (abs)        00D95
_PWM2CLKCON              (abs)        00DAE
_PWM2CON                 (abs)        00DAB
_PWM2DCH                 (abs)        00DA4
_PWM2DCL                 (abs)        00DA3
_PWM2LDCON               (abs)        00DAF
_PWM2PHH                 (abs)        00DA2
_PWM2PHL                 (abs)        00DA1
_PWM2PRH                 (abs)        00DA6
_PWM2PRL                 (abs)        00DA5
_PWM3CLKCON              (abs)        00DBE
_PWM3CON                 (abs)        00DBB
_PWM3DCH                 (abs)        00DB4
_PWM3DCL                 (abs)        00DB3
_PWM3LDCON               (abs)        00DBF
_PWM3PHH                 (abs)        00DB2
_PWM3PHL                 (abs)        00DB1
_PWM3PRH                 (abs)        00DB6
_PWM3PRL                 (abs)        00DB5
_PWM4CLKCON              (abs)        00DCE
_PWM4CON                 (abs)        00DCB
_PWM4DCH                 (abs)        00DC4
_PWM4DCL                 (abs)        00DC3
_PWM4LDCON               (abs)        00DCF
_PWM4PHH                 (abs)        00DC2
_PWM4PHL                 (abs)        00DC1
_PWM4PRH                 (abs)        00DC6
_PWM4PRL                 (abs)        00DC5
_RA2PPS                  (abs)        00E92
_RC0PPS                  (abs)        00EA0
_RC1PPS                  (abs)        00EA1
_RC2PPS                  (abs)        00EA2
_RC3                     (abs)        00073
_RCIE                    (abs)        0048D
_RCIF                    (abs)        0008D
_RCREG                   (abs)        00199
_RCSTA                   (abs)        0019D
_RXPPS                   (abs)        00E15
_RxAddrCount             bssCOMMON    00070
_RxAr                    (abs)        0202E
_RxArPtr                 nvBANK0      00035
_RxData                  bssBANK0     0002D
_RxDataPtr               bssBANK0     0002B
_RxState                 bssCOMMON    00073
_RxTimer                 bssBANK0     00028
_SPBRGH                  (abs)        0019C
_SPBRGL                  (abs)        0019B
_SYNC                    (abs)        00CF4
_T2CON                   (abs)        0001C
_TRISA2                  (abs)        00462
_TRISC0                  (abs)        00470
_TRISC1                  (abs)        00471
_TRISC2                  (abs)        00472
_TRISC3                  (abs)        00473
_TRISC5                  (abs)        00475
_Timer                   bssBANK0     00020
_TimerState              bssBANK0     0002A
__CFG_BOREN$OFF          (abs)        00000
__CFG_CLKOUTEN$OFF       (abs)        00000
__CFG_CP$OFF             (abs)        00000
__CFG_FOSC$INTOSC        (abs)        00000
__CFG_LPBOREN$OFF        (abs)        00000
__CFG_LVP$OFF            (abs)        00000
__CFG_MCLRE$ON           (abs)        00000
__CFG_PLLEN$ON           (abs)        00000
__CFG_PPS1WAY$OFF        (abs)        00000
__CFG_PWRTE$OFF          (abs)        00000
__CFG_STVREN$ON          (abs)        00000
__CFG_WDTE$OFF           (abs)        00000
__CFG_WRT$OFF            (abs)        00000
__Habs1                  abs1         00000
__Hbank0                 bank0        00000
__Hbank1                 bank1        00000
__Hbank10                bank10       00000
__Hbank11                bank11       00000
__Hbank12                bank12       00000
__Hbank13                bank13       00000
__Hbank14                bank14       00000
__Hbank15                bank15       00000
__Hbank16                bank16       00000
__Hbank17                bank17       00000
__Hbank18                bank18       00000
__Hbank19                bank19       00000
__Hbank2                 bank2        00000
__Hbank20                bank20       00000
__Hbank21                bank21       00000
__Hbank22                bank22       00000
__Hbank23                bank23       00000
__Hbank24                bank24       00000
__Hbank25                bank25       00000
__Hbank26                bank26       00000
__Hbank27                bank27       00000
__Hbank28                bank28       00000
__Hbank29                bank29       00000
__Hbank3                 bank3        00000
__Hbank30                bank30       00000
__Hbank31                bank31       00000
__Hbank4                 bank4        00000
__Hbank5                 bank5        00000
__Hbank6                 bank6        00000
__Hbank7                 bank7        00000
__Hbank8                 bank8        00000
__Hbank9                 bank9        00000
__Hbigram                bigram       00000
__HbssBANK0              bssBANK0     00000
__HbssCOMMON             bssCOMMON    00000
__Hcinit                 cinit        000E1
__Hclrtext               clrtext      00000
__Hcode                  code         00000
__Hcommon                common       00000
__Hconfig                config       08009
__HcstackBANK0           cstackBANK0  00000
__HcstackCOMMON          cstackCOMMON 00000
__HdataCOMMON            dataCOMMON   00000
__Heeprom_data           eeprom_data  00000
__Hend_init              end_init     0000C
__Hfunctab               functab      00000
__HidataCOMMON           idataCOMMON  00000
__Hidloc                 idloc        00000
__Hinit                  init         0000A
__Hintentry              intentry     0000A
__Hmaintext              maintext     00000
__HnvBANK0               nvBANK0      00000
__Hpa_nodes0             pa_nodes0    00000
__Hpowerup               powerup      00000
__Hram                   ram          00000
__Hreset_vec             reset_vec    00002
__Hsfr0                  sfr0         00000
__Hsfr1                  sfr1         00000
__Hsfr10                 sfr10        00000
__Hsfr11                 sfr11        00000
__Hsfr12                 sfr12        00000
__Hsfr13                 sfr13        00000
__Hsfr14                 sfr14        00000
__Hsfr15                 sfr15        00000
__Hsfr16                 sfr16        00000
__Hsfr17                 sfr17        00000
__Hsfr18                 sfr18        00000
__Hsfr19                 sfr19        00000
__Hsfr2                  sfr2         00000
__Hsfr20                 sfr20        00000
__Hsfr21                 sfr21        00000
__Hsfr22                 sfr22        00000
__Hsfr23                 sfr23        00000
__Hsfr24                 sfr24        00000
__Hsfr25                 sfr25        00000
__Hsfr26                 sfr26        00000
__Hsfr27                 sfr27        00000
__Hsfr28                 sfr28        00000
__Hsfr29                 sfr29        00000
__Hsfr3                  sfr3         00000
__Hsfr30                 sfr30        00000
__Hsfr31                 sfr31        00000
__Hsfr4                  sfr4         00000
__Hsfr5                  sfr5         00000
__Hsfr6                  sfr6         00000
__Hsfr7                  sfr7         00000
__Hsfr8                  sfr8         00000
__Hsfr9                  sfr9         00000
__Hspace_0               (abs)        08009
__Hspace_1               (abs)        0007A
__Hspace_2               (abs)        00000
__Hspace_3               (abs)        00000
__Hstack                 stack        00000
__Hstrings               strings      00000
__Hstringtext            stringtext   00000
__Htext                  text         00000
__Labs1                  abs1         00000
__Lbank0                 bank0        00000
__Lbank1                 bank1        00000
__Lbank10                bank10       00000
__Lbank11                bank11       00000
__Lbank12                bank12       00000
__Lbank13                bank13       00000
__Lbank14                bank14       00000
__Lbank15                bank15       00000
__Lbank16                bank16       00000
__Lbank17                bank17       00000
__Lbank18                bank18       00000
__Lbank19                bank19       00000
__Lbank2                 bank2        00000
__Lbank20                bank20       00000
__Lbank21                bank21       00000
__Lbank22                bank22       00000
__Lbank23                bank23       00000
__Lbank24                bank24       00000
__Lbank25                bank25       00000
__Lbank26                bank26       00000
__Lbank27                bank27       00000
__Lbank28                bank28       00000
__Lbank29                bank29       00000
__Lbank3                 bank3        00000
__Lbank30                bank30       00000
__Lbank31                bank31       00000
__Lbank4                 bank4        00000
__Lbank5                 bank5        00000
__Lbank6                 bank6        00000
__Lbank7                 bank7        00000
__Lbank8                 bank8        00000
__Lbank9                 bank9        00000
__Lbigram                bigram       00000
__LbssBANK0              bssBANK0     00000
__LbssCOMMON             bssCOMMON    00000
__Lcinit                 cinit        0000C
__Lclrtext               clrtext      00000
__Lcode                  code         00000
__Lcommon                common       00000
__Lconfig                config       08007
__LcstackBANK0           cstackBANK0  00000
__LcstackCOMMON          cstackCOMMON 00000
__LdataCOMMON            dataCOMMON   00000
__Leeprom_data           eeprom_data  00000
__Lend_init              end_init     0000A
__Lfunctab               functab      00000
__LidataCOMMON           idataCOMMON  00000
__Lidloc                 idloc        00000
__Linit                  init         0000A
__Lintentry              intentry     00004
__Lmaintext              maintext     00000
__LnvBANK0               nvBANK0      00000
__Lpa_nodes0             pa_nodes0    00000
__Lpowerup               powerup      00000
__Lram                   ram          00000
__Lreset_vec             reset_vec    00000
__Lsfr0                  sfr0         00000
__Lsfr1                  sfr1         00000
__Lsfr10                 sfr10        00000
__Lsfr11                 sfr11        00000
__Lsfr12                 sfr12        00000
__Lsfr13                 sfr13        00000
__Lsfr14                 sfr14        00000
__Lsfr15                 sfr15        00000
__Lsfr16                 sfr16        00000
__Lsfr17                 sfr17        00000
__Lsfr18                 sfr18        00000
__Lsfr19                 sfr19        00000
__Lsfr2                  sfr2         00000
__Lsfr20                 sfr20        00000
__Lsfr21                 sfr21        00000
__Lsfr22                 sfr22        00000
__Lsfr23                 sfr23        00000
__Lsfr24                 sfr24        00000
__Lsfr25                 sfr25        00000
__Lsfr26                 sfr26        00000
__Lsfr27                 sfr27        00000
__Lsfr28                 sfr28        00000
__Lsfr29                 sfr29        00000
__Lsfr3                  sfr3         00000
__Lsfr30                 sfr30        00000
__Lsfr31                 sfr31        00000
__Lsfr4                  sfr4         00000
__Lsfr5                  sfr5         00000
__Lsfr6                  sfr6         00000
__Lsfr7                  sfr7         00000
__Lsfr8                  sfr8         00000
__Lsfr9                  sfr9         00000
__Lspace_0               (abs)        00000
__Lspace_1               (abs)        00000
__Lspace_2               (abs)        00000
__Lspace_3               (abs)        00000
__Lstack                 stack        00000
__Lstrings               strings      00000
__Lstringtext            stringtext   00000
__Ltext                  text         00000
__S0                     (abs)        08009
__S1                     (abs)        0007A
__S2                     (abs)        00000
___int_sp                stack        00000
___latbits               (abs)        00001
___sp                    stack        00000
__end_ofPL2              cinit        000DB
__end_ofPL4              cinit        000E1
__end_of_DMX_interrput   text2        00366
__end_of_PWM             stringtext   002E1
__end_of__initialization cinit        00028
__end_of_isr             intentry     0000A
__end_of_main            cinit        000D0
__initialization         cinit        0000C
__pbssBANK0              bssBANK0     00020
__pbssBIGRAM             (abs)        0202E
__pbssCOMMON             bssCOMMON    00070
__pcstackBANK0           cstackBANK0  00031
__pcstackCOMMON          cstackCOMMON 00074
__pdataCOMMON            dataCOMMON   00078
__pidataCOMMON           idataCOMMON  00000
__pintentry              intentry     00004
__pmaintext              cinit        0002B
__pnvBANK0               nvBANK0      00035
__pstringtext            stringtext   000E1
__ptext2                 text2        002E1
__size_of_DMX_interrput  (abs)        00000
__size_of_isr            (abs)        00000
__size_of_main           (abs)        00000
_i                       bssBANK0     00026
_isr                     intentry     00004
_main                    cinit        0002B
btemp                    (abs)        0007E
clear_ram0               clrtext      00366
end_of_initialization    cinit        00028
int$flags                (abs)        0007E
intlevel0                functab      00000
intlevel1                functab      00000
intlevel2                functab      00000
intlevel3                functab      00000
intlevel4                functab      00000
intlevel5                functab      00000
reset_vec                reset_vec    00000
stackhi                  (abs)        0202D
stacklo                  (abs)        02017
start                    init         0000A
start_initialization     cinit        0000C
wtemp0                   (abs)        0007E


FUNCTION INFORMATION:

 *************** function _main *****************
 Defined at:
		line 165 in file "main.c"
 Parameters:    Size  Location     Type
		None
 Auto vars:     Size  Location     Type
		None
 Return value:  Size  Location     Type
                  1    wreg      void 
 Registers used:
		wreg, fsr0l, fsr0h, status,2, status,0, pclath
 Tracked objects:
		On entry : 
		On exit  : 
		Unchanged: 
 Data sizes:     COMMON   BANK0   BANK1   BANK2   BANK3   BANK4   BANK5   BANK6
      Params:         0       0       0       0       0       0       0       0
      Locals:         0       0       0       0       0       0       0       0
      Temps:          0       4       0       0       0       0       0       0
      Totals:         0       4       0       0       0       0       0       0
Total ram usage:        4 bytes
 Hardware stack levels required when called:    2
 This function calls:
		Nothing
 This function is called by:
		Startup code after reset
 This function uses a non-reentrant model


 *************** function _isr *****************
 Defined at:
		line 270 in file "main.c"
 Parameters:    Size  Location     Type
		None
 Auto vars:     Size  Location     Type
		None
 Return value:  Size  Location     Type
                  1    wreg      void 
 Registers used:
		wreg, fsr0l, fsr0h, fsr1l, fsr1h, status,2, status,0, pclath, cstack
 Tracked objects:
		On entry : 
		On exit  : 
		Unchanged: 
 Data sizes:     COMMON   BANK0   BANK1   BANK2   BANK3   BANK4   BANK5   BANK6
      Params:         0       0       0       0       0       0       0       0
      Locals:         0       0       0       0       0       0       0       0
      Temps:          0       0       0       0       0       0       0       0
      Totals:         0       0       0       0       0       0       0       0
Total ram usage:        0 bytes
 Hardware stack levels used:    1
 Hardware stack levels required when called:    1
 This function calls:
		_DMX_interrput
 This function is called by:
		Interrupt level 1
 This function uses a non-reentrant model


 *************** function _DMX_interrput *****************
 Defined at:
		line 282 in file "main.c"
 Parameters:    Size  Location     Type
		None
 Auto vars:     Size  Location     Type
  RxDat           1    3[COMMON] volatile unsigned char 
 Return value:  Size  Location     Type
                  1    wreg      void 
 Registers used:
		wreg, fsr0l, fsr0h, fsr1l, fsr1h, status,2, status,0
 Tracked objects:
		On entry : 
		On exit  : 
		Unchanged: 
 Data sizes:     COMMON   BANK0   BANK1   BANK2   BANK3   BANK4   BANK5   BANK6
      Params:         0       0       0       0       0       0       0       0
      Locals:         1       0       0       0       0       0       0       0
      Temps:          3       0       0       0       0       0       0       0
      Totals:         4       0       0       0       0       0       0       0
Total ram usage:        4 bytes
 Hardware stack levels used:    1
 This function calls:
		Nothing
 This function is called by:
		_isr
 This function uses a non-reentrant model



MODULE INFORMATION

Module		Function		Class		Link	Load	Size
shared
		_PWM           		STRCODE        	00E1	0000	513
		__initialization		CODE           	000C	0000	29
		PL2            		CODE           	00D0	0000	12
		PL4            		CODE           	00DB	0000	7

shared estimated size: 561

main.c
		_DMX_interrput 		CODE           	02E1	0000	134
		_main          		CODE           	002B	0000	166
		_isr           		CODE           	0004	0000	7

main.c estimated size: 307

