Microchip MPLAB XC8 Compiler V1.41 ()

Linker command line:

-W-3 --edf=C:\Program Files (x86)\Microchip\xc8\v1.41\dat\en_msgs.txt -cs \
  -h+dist/default/production\PWM_DAVID_14bit.production.sym \
  --cmf=dist/default/production\PWM_DAVID_14bit.production.cmf -z -Q16F1575 \
  -oC:\Users\METEOR\AppData\Local\Temp\sc48.2 \
  -Mdist/default/production/PWM_DAVID_14bit.production.map -E1 -ver=XC8 \
  -ASTACK=02140h-0237bh -pstack=STACK -ACODE=00h-07FFhx4 \
  -ASTRCODE=00h-01FFFh -ASTRING=00h-0FFhx32 -ACONST=00h-0FFhx32 \
  -AENTRY=00h-0FFhx32 -ACOMMON=070h-07Fh -ABANK0=020h-06Fh \
  -ABANK1=0A0h-0EFh -ABANK2=0120h-016Fh -ABANK3=01A0h-01EFh \
  -ABANK4=0220h-026Fh -ABANK5=02A0h-02EFh -ABANK6=0320h-036Fh \
  -ABANK7=03A0h-03EFh -ABANK8=0420h-046Fh -ABANK9=04A0h-04EFh \
  -ABANK10=0520h-056Fh -ABANK11=05A0h-05EFh -ABANK12=0620h-063Fh \
  -ABIGRAM=02000h-023DFh \
  -ARAM=020h-06Fh,0A0h-0EFh,0120h-016Fh,01A0h-01EFh,0220h-026Fh,02A0h-02EFh,0320h-036Fh,03A0h-03EFh,0420h-046Fh,04A0h-04EFh,0520h-056Fh,05A0h-05EFh,0620h-063Fh \
  -AABS1=020h-07Fh,0A0h-0EFh,0120h-016Fh,01A0h-01EFh,0220h-026Fh,02A0h-02EFh,0320h-036Fh,03A0h-03EFh,0420h-046Fh,04A0h-04EFh,0520h-056Fh,05A0h-05EFh,0620h-063Fh \
  -ASFR0=00h-01Fh -ASFR1=080h-09Fh -ASFR2=0100h-011Fh -ASFR3=0180h-019Fh \
  -ASFR4=0200h-021Fh -ASFR5=0280h-029Fh -ASFR6=0300h-031Fh \
  -ASFR7=0380h-039Fh -ASFR8=0400h-041Fh -ASFR9=0480h-049Fh \
  -ASFR10=0500h-051Fh -ASFR11=0580h-059Fh -ASFR12=0600h-061Fh \
  -ASFR13=0680h-06EFh -ASFR14=0700h-076Fh -ASFR15=0780h-07EFh \
  -ASFR16=0800h-086Fh -ASFR17=0880h-08EFh -ASFR18=0900h-096Fh \
  -ASFR19=0980h-09EFh -ASFR20=0A00h-0A6Fh -ASFR21=0A80h-0AEFh \
  -ASFR22=0B00h-0B6Fh -ASFR23=0B80h-0BEFh -ASFR24=0C00h-0C6Fh \
  -ASFR25=0C80h-0CEFh -ASFR26=0D00h-0D6Fh -ASFR27=0D80h-0DEFh \
  -ASFR28=0E00h-0E6Fh -ASFR29=0E80h-0EEFh -ASFR30=0F00h-0F6Fh \
  -ASFR31=0F80h-0FEFh -preset_vec=00h,intentry=04h,init,end_init \
  -ppowerup=CODE -pcinit=CODE -pfunctab=CODE -ACONFIG=08007h-08008h \
  -pconfig=CONFIG -DCONFIG=2 -AIDLOC=08000h-08003h -pidloc=IDLOC -DIDLOC=2 \
  -DCODE=2 -DSTRCODE=2 -DSTRING=2 -DCONST=2 -DENTRY=2 -k \
  C:\Users\METEOR\AppData\Local\Temp\sc48.obj \
  dist/default/production\PWM_DAVID_14bit.production.obj 

Object code version is 3.11

Machine type is 16F1575



                Name                               Link     Load   Length Selector   Space Scale
C:\Users\METEOR\AppData\Local\Temp\sc48.obj
                end_init                             13       13        2        8       0
                reset_vec                             0        0        2        0       0
                config                             8007     8007        2    1000E       0
dist/default/production\PWM_DAVID_14bit.production.obj
                cinit                                15       15      3C2        8       0
                intentry                              4        4        F        8       0
                text33                              762      762        A      EC4       0
                swtext2                             74C      74C        C      E98       0
                text32                              5D4      5D4       DE        8       0
                swtext1                             758      758        A      E98       0
                text31                              6B2      6B2       8E        8       0
                text30                              3D7      3D7      1FD        8       0
                text15                              94F      94F      6B1     129E       0
                cstackBANK0                          20       20       4C       20       1
                cstackCOMMON                         70       70        6       70       1
                cstackBANK3                         1E8      1E8        8      1A0       1
                clrtext                             740      740        C        8       0
                dataBANK3                           1DC      1DC        C      1A0       1
                bssBANK3                            1A0      1A0       3C      1A0       1
                dataBANK2                           164      164        C      120       1
                bssBANK2                            120      120       44      120       1
                dataBANK1                            EB       EB        5       A0       1
                bssBANK1                             A0       A0       4B       A0       1
                bssBANK0                             6C       6C        1       20       1
                bssCOMMON                            76       76        4       70       1
                stringtext                         1000     1000      206     2000       0

TOTAL           Name                               Link     Load   Length     Space
        CLASS   STACK          

        CLASS   CODE           
                end_init                             13       13        2         0
                cinit                                15       15      3C2         0
                intentry                              4        4        F         0
                reset_vec                             0        0        2         0
                text33                              762      762        A         0
                text32                              5D4      5D4       DE         0
                text31                              6B2      6B2       8E         0
                text30                              3D7      3D7      1FD         0
                text15                              94F      94F      6B1         0
                clrtext                             740      740        C         0

        CLASS   STRCODE        
                stringtext                         1000     1000      206         0

        CLASS   STRING         

        CLASS   CONST          
                swtext2                             74C      74C        C         0
                swtext1                             758      758        A         0

        CLASS   ENTRY          

        CLASS   COMMON         
                cstackCOMMON                         70       70        6         1
                bssCOMMON                            76       76        4         1

        CLASS   BANK0          
                cstackBANK0                          20       20       4C         1
                bssBANK0                             6C       6C        1         1

        CLASS   BANK1          
                dataBANK1                            EB       EB        5         1
                bssBANK1                             A0       A0       4B         1

        CLASS   BANK2          
                dataBANK2                           164      164        C         1
                bssBANK2                            120      120       44         1

        CLASS   BANK3          
                cstackBANK3                         1E8      1E8        8         1
                dataBANK3                           1DC      1DC        C         1
                bssBANK3                            1A0      1A0       3C         1

        CLASS   BANK4          

        CLASS   BANK5          

        CLASS   BANK6          

        CLASS   BANK7          

        CLASS   BANK8          

        CLASS   BANK9          

        CLASS   BANK10         

        CLASS   BANK11         

        CLASS   BANK12         

        CLASS   BIGRAM         

        CLASS   RAM            

        CLASS   ABS1           
                abs_s1                               7E       7E        2         1
                abs_s1                              5AC      5AC       44         1
                abs_s1                              620      620       20         1
                abs_s1                             237C     237C        0         1

        CLASS   SFR0           

        CLASS   SFR1           

        CLASS   SFR2           

        CLASS   SFR3           

        CLASS   SFR4           

        CLASS   SFR5           

        CLASS   SFR6           

        CLASS   SFR7           

        CLASS   SFR8           

        CLASS   SFR9           

        CLASS   SFR10          

        CLASS   SFR11          

        CLASS   SFR12          

        CLASS   SFR13          

        CLASS   SFR14          

        CLASS   SFR15          

        CLASS   SFR16          

        CLASS   SFR17          

        CLASS   SFR18          

        CLASS   SFR19          

        CLASS   SFR20          

        CLASS   SFR21          

        CLASS   SFR22          

        CLASS   SFR23          

        CLASS   SFR24          

        CLASS   SFR25          

        CLASS   SFR26          

        CLASS   SFR27          

        CLASS   SFR28          

        CLASS   SFR29          

        CLASS   SFR30          

        CLASS   SFR31          

        CLASS   CONFIG         
                config                             8007     8007        2         0

        CLASS   IDLOC          

        CLASS   BANK31         

        CLASS   BANK30         

        CLASS   BANK29         

        CLASS   BANK28         

        CLASS   BANK27         

        CLASS   BANK26         

        CLASS   BANK25         

        CLASS   BANK24         

        CLASS   BANK23         

        CLASS   BANK22         

        CLASS   BANK21         

        CLASS   BANK20         

        CLASS   BANK19         

        CLASS   BANK18         

        CLASS   BANK17         

        CLASS   BANK16         

        CLASS   BANK15         

        CLASS   BANK14         

        CLASS   BANK13         

        CLASS   EEDATA         



SEGMENTS        Name                           Load    Length   Top    Selector   Space  Class     Delta

                reset_vec                      000000  000002  000002         0       0  CODE        2
                intentry                       000004  000748  00074C         8       0  CODE        2
                cstackBANK0                    000020  00004D  00006D        20       1  BANK0       1
                cstackCOMMON                   000070  00000A  00007A        70       1  COMMON      1
                bssBANK1                       0000A0  000050  0000F0        A0       1  BANK1       1
                bssBANK2                       000120  000050  000170       120       1  BANK2       1
                bssBANK3                       0001A0  000050  0001F0       1A0       1  BANK3       1
                swtext2                        00074C  000016  000762       E98       0  CONST       2
                text33                         000762  00000A  00076C       EC4       0  CODE        2
                text15                         00094F  0006B1  001000      129E       0  CODE        2
                stringtext                     001000  000206  001206      2000       0  STRCODE     2
                config                         008007  000002  008009     1000E       0  CONFIG      2


UNUSED ADDRESS RANGES

        Name                Unused          Largest block    Delta
        BANK0            0006D-0006F               3           1
        BANK10           00520-0056F              50           1
        BANK11           005A0-005AB               C           1
        BANK4            00220-0026F              50           1
        BANK5            002A0-002EF              50           1
        BANK6            00320-0036F              50           1
        BANK7            003A0-003EF              50           1
        BANK8            00420-0046F              50           1
        BANK9            004A0-004EF              50           1
        BIGRAM           02000-023DF             3E0           1
        CODE             00002-00003               2           2
                         0076C-0094E              94
                         01206-01FFF             5FA
        COMMON           0007A-0007D               4           1
        CONST            00002-00003               2           2
                         0076C-0094E             100
                         01206-01FFF             100
        ENTRY            00002-00003               2           2
                         0076C-0094E             100
                         01206-01FFF             100
        IDLOC            08000-08003               4           2
        RAM              0006D-0006F               3           1
                         00220-0026F              50
                         002A0-002EF              50
                         00320-0036F              50
                         003A0-003EF              50
                         00420-0046F              50
                         004A0-004EF              50
                         00520-0056F              50
                         005A0-005AB               C
        SFR0             00000-0001F              20           1
        SFR1             00080-0009F              20           1
        SFR10            00500-0051F              20           1
        SFR11            00580-0059F              20           1
        SFR12            00600-0061F              20           1
        SFR13            00680-006EF              70           1
        SFR14            00700-0076F              70           1
        SFR15            00780-007EF              70           1
        SFR16            00800-0086F              70           1
        SFR17            00880-008EF              70           1
        SFR18            00900-0096F              70           1
        SFR19            00980-009EF              70           1
        SFR2             00100-0011F              20           1
        SFR20            00A00-00A6F              70           1
        SFR21            00A80-00AEF              70           1
        SFR22            00B00-00B6F              70           1
        SFR23            00B80-00BEF              70           1
        SFR24            00C00-00C6F              70           1
        SFR25            00C80-00CEF              70           1
        SFR26            00D00-00D6F              70           1
        SFR27            00D80-00DEF              70           1
        SFR28            00E00-00E6F              70           1
        SFR29            00E80-00EEF              70           1
        SFR3             00180-0019F              20           1
        SFR30            00F00-00F6F              70           1
        SFR31            00F80-00FEF              70           1
        SFR4             00200-0021F              20           1
        SFR5             00280-0029F              20           1
        SFR6             00300-0031F              20           1
        SFR7             00380-0039F              20           1
        SFR8             00400-0041F              20           1
        SFR9             00480-0049F              20           1
        STACK            02140-0237B             23C           1
        STRCODE          00002-00003               2           2
                         0076C-0094E             1E3
                         01206-01FFF             DFA
        STRING           00002-00003               2           2
                         0076C-0094E             100
                         01206-01FFF             100

                                  Symbol Table

?_PFM_Read                    cstackCOMMON 00074
?_RDM_get_checkSum            cstackBANK0  00020
?___awtoft                    cstackBANK0  00028
?___ftadd                     cstackBANK0  0004A
?___ftdiv                     cstackBANK0  0003B
?___ftmul                     cstackBANK0  0002C
?___ftpack                    cstackBANK0  00020
?___ftsub                     cstackBANK0  00056
?___fttol                     cstackBANK0  0005C
?___lbtoft                    cstackBANK0  00028
?___lwtoft                    cstackBANK0  00028
DMX_interrput@RxDat           cstackCOMMON 00072
PFM_Read@AddrPFM              cstackCOMMON 00074
PFM_Write@AddrPFM             cstackBANK0  00020
PFM_Write@Data                cstackBANK0  00022
PL10                          text15       00EDD
PL100                         text15       00FE0
PL102                         text15       00FE6
PL104                         cinit        003BA
PL106                         text15       00FEC
PL108                         text30       005CF
PL110                         text15       00FF2
PL112                         cinit        003C0
PL114                         cinit        003C6
PL116                         text30       0043C
PL118                         cinit        003CC
PL12                          text15       00EF6
PL120                         text15       00FF8
PL122                         text32       006AD
PL124                         text15       00FFC
PL126                         cinit        003D2
PL14                          text30       00571
PL16                          text15       00F0E
PL18                          text15       00F16
PL2                           text15       00E87
PL20                          text15       00F1F
PL22                          text15       00F25
PL24                          text15       00F2C
PL26                          text15       00F33
PL28                          text15       00F42
PL30                          text15       00F4A
PL32                          text30       00587
PL34                          text30       00595
PL36                          text15       00F4F
PL38                          text15       00F5C
PL4                           text15       00E9D
PL40                          cinit        00393
PL42                          text15       00F68
PL44                          text31       0072F
PL46                          text15       00F6F
PL48                          text30       005A2
PL50                          text15       00F76
PL52                          text15       00F7D
PL54                          text30       005AB
PL56                          text15       00F84
PL58                          text15       00F8C
PL6                           text15       00EBA
PL60                          text15       00F93
PL62                          text30       005B4
PL64                          text15       00F9B
PL66                          text15       00FA2
PL68                          text15       00FA9
PL70                          text30       005BA
PL72                          cinit        0039F
PL74                          text30       005C1
PL76                          text15       00FB0
PL78                          cinit        003A6
PL8                           text15       00ED7
PL80                          cinit        003AD
PL82                          cinit        003B3
PL84                          text15       00FB7
PL86                          text15       00FBE
PL88                          text31       0073A
PL90                          text15       00FC4
PL92                          text15       00FCB
PL94                          text30       005C8
PL96                          text15       00FD2
PL98                          text15       00FD9
RDM_get_checkSum@Data         cstackBANK0  00020
RDM_get_checkSum@len          cstackBANK0  00038
_ADCON0                       (abs)        0009D
_ADCON1                       (abs)        0009E
_ADC_Data                     bssBANK1     000DB
_ADC_Flags                    bssBANK1     000DA
_ADC_init                     cinit        000F3
_ADC_interrupt                text33       00762
_ADC_loop                     cinit        000FF
_ADIE                         (abs)        0048E
_ADIF                         (abs)        0008E
_ADON                         (abs)        004E8
_ADRESH                       (abs)        0009C
_ANSA2                        (abs)        00C62
_ANSA4                        (abs)        00C64
_ANSC0                        (abs)        00C70
_ANSC1                        (abs)        00C71
_ANSC2                        (abs)        00C72
_ANSC3                        (abs)        00C73
_Addr                         bssBANK0     0006C
_BAUDCON                      (abs)        0019F
_BRGH                         (abs)        00CF2
_CFGS                         (abs)        00CAE
_CurrentPWM                   bssBANK2     00144
_DISCOVERY_RDM_Data           bssBANK3     001C4
_DMXPeriod                    dataBANK1    000EF
_DMXPeriodConst               bssBANK1     000E4
_DMXPeriodDimming             bssBANK1     000E3
_DMXSign                      bssBANK1     000BF
_DMXStepConst                 bssBANK1     000E2
_DMX_Address                  bssBANK1     000D8
_DMX_CurrentBright            bssBANK1     000AC
_DMX_Flags                    bssCOMMON    00076
_DMX_Repeat                   dataBANK2    00164
_DMX_SpaceBright              bssBANK2     00138
_DMX_TargetBright             bssBANK1     000A0
_DMX_difference               bssBANK1     000C3
_DMX_init                     cinit        00126
_DMX_interrput                text32       005D4
_DMX_loop                     text15       0094F
_DMX_loop$1453                cstackBANK0  00069
_DMX_repeat_hereditary        dataBANK3    001DC
_DMX_repeatcoeff              dataBANK2    0016C
_DMX_sumRepeat                dataBANK1    000EB
_FERR                         (abs)        00CEA
_FREE                         (abs)        00CAC
_GIE                          (abs)        0005F
_GO_nDONE                     (abs)        004E9
_INTCON                       (abs)        0000B
_LATC3                        (abs)        00873
_LATC4                        (abs)        00874
_LWLO                         (abs)        00CAD
_OSCCON                       (abs)        00099
_OSCTUNE                      (abs)        00098
_PD                           (abs)        0237C
_PDCount                      bssCOMMON    00079
_PD_Flag                      bssBANK1     000CA
_PD_ID                        bssBANK1     000CC
_PD_Manu                      bssBANK1     000CE
_PEIE                         (abs)        0005E
_PFM_Read                     cinit        000E5
_PFM_Write                    cinit        0024A
_PMADR                        (abs)        00191
_PMCON2                       (abs)        00196
_PMDAT                        (abs)        00193
_PR2                          (abs)        0001B
_PWM                          stringtext   01000
_PWM1CLKCON                   (abs)        00D9E
_PWM1CON                      (abs)        00D9B
_PWM1DC                       (abs)        00D93
_PWM1DCH                      (abs)        00D94
_PWM1DCL                      (abs)        00D93
_PWM1LDCON                    (abs)        00D9F
_PWM1PHH                      (abs)        00D92
_PWM1PHL                      (abs)        00D91
_PWM1PRH                      (abs)        00D96
_PWM1PRL                      (abs)        00D95
_PWM2CLKCON                   (abs)        00DAE
_PWM2CON                      (abs)        00DAB
_PWM2DCH                      (abs)        00DA4
_PWM2DCL                      (abs)        00DA3
_PWM2LDCON                    (abs)        00DAF
_PWM2PHH                      (abs)        00DA2
_PWM2PHL                      (abs)        00DA1
_PWM2PRH                      (abs)        00DA6
_PWM2PRL                      (abs)        00DA5
_PWM3CLKCON                   (abs)        00DBE
_PWM3CON                      (abs)        00DBB
_PWM3DCH                      (abs)        00DB4
_PWM3DCL                      (abs)        00DB3
_PWM3LDCON                    (abs)        00DBF
_PWM3PHH                      (abs)        00DB2
_PWM3PHL                      (abs)        00DB1
_PWM3PRH                      (abs)        00DB6
_PWM3PRL                      (abs)        00DB5
_PWM4CLKCON                   (abs)        00DCE
_PWM4CON                      (abs)        00DCB
_PWM4DCH                      (abs)        00DC4
_PWM4DCL                      (abs)        00DC3
_PWM4LDCON                    (abs)        00DCF
_PWM4PHH                      (abs)        00DC2
_PWM4PHL                      (abs)        00DC1
_PWM4PRH                      (abs)        00DC6
_PWM4PRL                      (abs)        00DC5
_PWMDCHptr                    bssBANK3     001B0
_PWMDCLptr                    bssBANK3     001B8
_PWMDCptr                     bssBANK3     001A8
_PWMLDCONptr                  bssBANK3     001A0
_PackCount                    bssCOMMON    00078
_RA2                          (abs)        00062
_RA2PPS                       (abs)        00E92
_RA5                          (abs)        00065
_RC0                          (abs)        00070
_RC0PPS                       (abs)        00EA0
_RC1                          (abs)        00071
_RC1PPS                       (abs)        00EA1
_RC2                          (abs)        00072
_RC2PPS                       (abs)        00EA2
_RC3                          (abs)        00073
_RC4PPS                       (abs)        00EA4
_RCIE                         (abs)        0048D
_RCIF                         (abs)        0008D
_RCREG                        (abs)        00199
_RCSTA                        (abs)        0019D
_RD                           (abs)        00CA8
_RDM_GET_CC                   text30       00442
_RDM_SET_CC                   cinit        0035F
_RDM_TXSTART                  text30       00523
_RDM_discovery_CC             text30       004B6
_RDM_get_checkSum             cinit        002EE
_RDM_init                     cinit        0019B
_RDM_rx_loop                  cinit        00285
_RDM_tx_TimerBreak            text30       00562
_RDM_tx_interrupt             text31       006B2
_RXPPS                        (abs)        00E15
_RX_RDM_Data                  bssBANK2     00120
_RxAddrCount                  bssBANK1     000D6
_RxData                       bssBANK1     000E7
_RxDataPtr                    bssBANK1     000E6
_RxState                      bssBANK1     000E5
_RxTimer                      bssBANK1     000D4
_SPBRGH                       (abs)        0019C
_SPBRGL                       (abs)        0019B
_SPEN                         (abs)        00CEF
_SYNC                         (abs)        00CF4
_T1CON                        (abs)        00018
_TMR1                         (abs)        00016
_TMR1IE                       (abs)        00488
_TMR1IF                       (abs)        00088
_TRISA2                       (abs)        00462
_TRISA4                       (abs)        00464
_TRISC0                       (abs)        00470
_TRISC1                       (abs)        00471
_TRISC2                       (abs)        00472
_TRISC3                       (abs)        00473
_TRISC4                       (abs)        00474
_TRISC5                       (abs)        00475
_TX9                          (abs)        00CF6
_TX9D                         (abs)        00CF0
_TXEN                         (abs)        00CF5
_TXIE                         (abs)        0048C
_TXIF                         (abs)        0008C
_TXREG                        (abs)        0019A
_TX_PDCount                   bssBANK1     000DE
_TX_PD_Flag                   bssBANK1     000C8
_TX_RDM_Data                  bssBANK2     0014C
_TX_RDM_Response_Set          text30       00543
_Timer                        bssBANK1     000B8
_TimerState                   bssBANK1     000DD
_Timer_DelayCount             bssBANK1     000DC
_TxByte                       bssBANK1     000E0
_TxCount                      bssBANK1     000D0
_TxState                      bssBANK1     000DF
_UID                          stringtext   01200
_WR                           (abs)        00CA9
_WREN                         (abs)        00CAA
__CFG_BOREN$OFF               (abs)        00000
__CFG_CLKOUTEN$OFF            (abs)        00000
__CFG_CP$OFF                  (abs)        00000
__CFG_FOSC$INTOSC             (abs)        00000
__CFG_LPBOREN$OFF             (abs)        00000
__CFG_LVP$OFF                 (abs)        00000
__CFG_MCLRE$ON                (abs)        00000
__CFG_PLLEN$ON                (abs)        00000
__CFG_PPS1WAY$OFF             (abs)        00000
__CFG_PWRTE$OFF               (abs)        00000
__CFG_STVREN$ON               (abs)        00000
__CFG_WDTE$OFF                (abs)        00000
__CFG_WRT$HALF                (abs)        00000
__Habs1                       abs1         00000
__Hbank0                      bank0        00000
__Hbank1                      bank1        00000
__Hbank10                     bank10       00000
__Hbank11                     bank11       00000
__Hbank12                     bank12       00000
__Hbank13                     bank13       00000
__Hbank14                     bank14       00000
__Hbank15                     bank15       00000
__Hbank16                     bank16       00000
__Hbank17                     bank17       00000
__Hbank18                     bank18       00000
__Hbank19                     bank19       00000
__Hbank2                      bank2        00000
__Hbank20                     bank20       00000
__Hbank21                     bank21       00000
__Hbank22                     bank22       00000
__Hbank23                     bank23       00000
__Hbank24                     bank24       00000
__Hbank25                     bank25       00000
__Hbank26                     bank26       00000
__Hbank27                     bank27       00000
__Hbank28                     bank28       00000
__Hbank29                     bank29       00000
__Hbank3                      bank3        00000
__Hbank30                     bank30       00000
__Hbank31                     bank31       00000
__Hbank4                      bank4        00000
__Hbank5                      bank5        00000
__Hbank6                      bank6        00000
__Hbank7                      bank7        00000
__Hbank8                      bank8        00000
__Hbank9                      bank9        00000
__Hbigram                     bigram       00000
__HbssBANK0                   bssBANK0     00000
__HbssBANK1                   bssBANK1     00000
__HbssBANK2                   bssBANK2     00000
__HbssBANK3                   bssBANK3     00000
__HbssCOMMON                  bssCOMMON    00000
__Hcinit                      cinit        003D7
__Hclrtext                    clrtext      00000
__Hcode                       code         00000
__Hcommon                     common       00000
__Hconfig                     config       08009
__HcstackBANK0                cstackBANK0  00000
__HcstackBANK3                cstackBANK3  00000
__HcstackCOMMON               cstackCOMMON 00000
__HdataBANK1                  dataBANK1    00000
__HdataBANK2                  dataBANK2    00000
__HdataBANK3                  dataBANK3    00000
__Heeprom_data                eeprom_data  00000
__Hend_init                   end_init     00015
__Hfunctab                    functab      00000
__HidataBANK1                 idataBANK1   00000
__HidataBANK2                 idataBANK2   00000
__HidataBANK3                 idataBANK3   00000
__Hidloc                      idloc        00000
__Hinit                       init         00013
__Hintentry                   intentry     00013
__Hmaintext                   maintext     00000
__Hpa_nodes0                  pa_nodes0    00000
__Hpowerup                    powerup      00000
__Hram                        ram          00000
__Hreset_vec                  reset_vec    00002
__Hsfr0                       sfr0         00000
__Hsfr1                       sfr1         00000
__Hsfr10                      sfr10        00000
__Hsfr11                      sfr11        00000
__Hsfr12                      sfr12        00000
__Hsfr13                      sfr13        00000
__Hsfr14                      sfr14        00000
__Hsfr15                      sfr15        00000
__Hsfr16                      sfr16        00000
__Hsfr17                      sfr17        00000
__Hsfr18                      sfr18        00000
__Hsfr19                      sfr19        00000
__Hsfr2                       sfr2         00000
__Hsfr20                      sfr20        00000
__Hsfr21                      sfr21        00000
__Hsfr22                      sfr22        00000
__Hsfr23                      sfr23        00000
__Hsfr24                      sfr24        00000
__Hsfr25                      sfr25        00000
__Hsfr26                      sfr26        00000
__Hsfr27                      sfr27        00000
__Hsfr28                      sfr28        00000
__Hsfr29                      sfr29        00000
__Hsfr3                       sfr3         00000
__Hsfr30                      sfr30        00000
__Hsfr31                      sfr31        00000
__Hsfr4                       sfr4         00000
__Hsfr5                       sfr5         00000
__Hsfr6                       sfr6         00000
__Hsfr7                       sfr7         00000
__Hsfr8                       sfr8         00000
__Hsfr9                       sfr9         00000
__Hspace_0                    (abs)        08009
__Hspace_1                    (abs)        001F0
__Hspace_2                    (abs)        00000
__Hspace_3                    (abs)        00000
__Hstack                      stack        00000
__Hstrings                    strings      00000
__Hstringtext                 stringtext   00000
__Htext                       text         00000
__Labs1                       abs1         00000
__Lbank0                      bank0        00000
__Lbank1                      bank1        00000
__Lbank10                     bank10       00000
__Lbank11                     bank11       00000
__Lbank12                     bank12       00000
__Lbank13                     bank13       00000
__Lbank14                     bank14       00000
__Lbank15                     bank15       00000
__Lbank16                     bank16       00000
__Lbank17                     bank17       00000
__Lbank18                     bank18       00000
__Lbank19                     bank19       00000
__Lbank2                      bank2        00000
__Lbank20                     bank20       00000
__Lbank21                     bank21       00000
__Lbank22                     bank22       00000
__Lbank23                     bank23       00000
__Lbank24                     bank24       00000
__Lbank25                     bank25       00000
__Lbank26                     bank26       00000
__Lbank27                     bank27       00000
__Lbank28                     bank28       00000
__Lbank29                     bank29       00000
__Lbank3                      bank3        00000
__Lbank30                     bank30       00000
__Lbank31                     bank31       00000
__Lbank4                      bank4        00000
__Lbank5                      bank5        00000
__Lbank6                      bank6        00000
__Lbank7                      bank7        00000
__Lbank8                      bank8        00000
__Lbank9                      bank9        00000
__Lbigram                     bigram       00000
__LbssBANK0                   bssBANK0     00000
__LbssBANK1                   bssBANK1     00000
__LbssBANK2                   bssBANK2     00000
__LbssBANK3                   bssBANK3     00000
__LbssCOMMON                  bssCOMMON    00000
__Lcinit                      cinit        00015
__Lclrtext                    clrtext      00000
__Lcode                       code         00000
__Lcommon                     common       00000
__Lconfig                     config       08007
__LcstackBANK0                cstackBANK0  00000
__LcstackBANK3                cstackBANK3  00000
__LcstackCOMMON               cstackCOMMON 00000
__LdataBANK1                  dataBANK1    00000
__LdataBANK2                  dataBANK2    00000
__LdataBANK3                  dataBANK3    00000
__Leeprom_data                eeprom_data  00000
__Lend_init                   end_init     00013
__Lfunctab                    functab      00000
__LidataBANK1                 idataBANK1   00000
__LidataBANK2                 idataBANK2   00000
__LidataBANK3                 idataBANK3   00000
__Lidloc                      idloc        00000
__Linit                       init         00013
__Lintentry                   intentry     00004
__Lmaintext                   maintext     00000
__Lpa_nodes0                  pa_nodes0    00000
__Lpowerup                    powerup      00000
__Lram                        ram          00000
__Lreset_vec                  reset_vec    00000
__Lsfr0                       sfr0         00000
__Lsfr1                       sfr1         00000
__Lsfr10                      sfr10        00000
__Lsfr11                      sfr11        00000
__Lsfr12                      sfr12        00000
__Lsfr13                      sfr13        00000
__Lsfr14                      sfr14        00000
__Lsfr15                      sfr15        00000
__Lsfr16                      sfr16        00000
__Lsfr17                      sfr17        00000
__Lsfr18                      sfr18        00000
__Lsfr19                      sfr19        00000
__Lsfr2                       sfr2         00000
__Lsfr20                      sfr20        00000
__Lsfr21                      sfr21        00000
__Lsfr22                      sfr22        00000
__Lsfr23                      sfr23        00000
__Lsfr24                      sfr24        00000
__Lsfr25                      sfr25        00000
__Lsfr26                      sfr26        00000
__Lsfr27                      sfr27        00000
__Lsfr28                      sfr28        00000
__Lsfr29                      sfr29        00000
__Lsfr3                       sfr3         00000
__Lsfr30                      sfr30        00000
__Lsfr31                      sfr31        00000
__Lsfr4                       sfr4         00000
__Lsfr5                       sfr5         00000
__Lsfr6                       sfr6         00000
__Lsfr7                       sfr7         00000
__Lsfr8                       sfr8         00000
__Lsfr9                       sfr9         00000
__Lspace_0                    (abs)        00000
__Lspace_1                    (abs)        00000
__Lspace_2                    (abs)        00000
__Lspace_3                    (abs)        00000
__Lstack                      stack        00000
__Lstrings                    strings      00000
__Lstringtext                 stringtext   00000
__Ltext                       text         00000
__S0                          (abs)        08009
__S1                          (abs)        001F0
__S2                          (abs)        00000
___awtoft                     text15       00E07
___awtoft@c                   cstackBANK0  00028
___awtoft@sign                cstackCOMMON 00074
___bmul                       cinit        0023D
___bmul@multiplicand          cstackCOMMON 00074
___bmul@multiplier            cstackBANK0  00021
___bmul@product               cstackBANK0  00020
___ftadd                      text15       00CBF
___ftadd@exp1                 cstackBANK0  00055
___ftadd@exp2                 cstackBANK0  00054
___ftadd@f1                   cstackBANK0  0004A
___ftadd@f2                   cstackBANK0  0004D
___ftadd@sign                 cstackBANK0  00053
___ftdiv                      text15       00C63
___ftdiv@cntr                 cstackBANK0  00044
___ftdiv@exp                  cstackBANK0  00048
___ftdiv@f1                   cstackBANK0  0003E
___ftdiv@f2                   cstackBANK0  0003B
___ftdiv@f3                   cstackBANK0  00045
___ftdiv@sign                 cstackBANK0  00049
___ftge                       text15       00C1C
___ftge@ff1                   cstackBANK0  0002C
___ftge@ff2                   cstackBANK0  0002F
___ftmul                      text15       00D6D
___ftmul@cntr                 cstackBANK0  00039
___ftmul@exp                  cstackBANK0  00035
___ftmul@f1                   cstackBANK0  0002C
___ftmul@f2                   cstackBANK0  0002F
___ftmul@f3_as_product        cstackBANK0  00036
___ftmul@sign                 cstackBANK0  0003A
___ftpack                     text15       00DC9
___ftpack@arg                 cstackBANK0  00020
___ftpack@exp                 cstackBANK0  00023
___ftpack@sign                cstackBANK0  00024
___ftsub                      text15       00C48
___ftsub@f1                   cstackBANK0  00059
___ftsub@f2                   cstackBANK0  00056
___fttol                      text15       00E22
___fttol@exp1                 cstackBANK0  00068
___fttol@f1                   cstackBANK0  0005C
___fttol@lval                 cstackBANK0  00064
___fttol@sign1                cstackBANK0  00063
___int_sp                     stack        00000
___latbits                    (abs)        00002
___lbtoft                     text15       00C0C
___lbtoft@c                   cstackCOMMON 00074
___lwtoft                     text15       00E77
___lwtoft@c                   cstackBANK0  00028
___sp                         stack        00000
__end_ofPL10                  text15       00EF6
__end_ofPL100                 text15       00FE6
__end_ofPL102                 text15       00FEC
__end_ofPL104                 cinit        003C0
__end_ofPL106                 text15       00FF2
__end_ofPL108                 text30       005D4
__end_ofPL110                 text15       00FF8
__end_ofPL112                 cinit        003C6
__end_ofPL114                 cinit        003CC
__end_ofPL116                 text30       00442
__end_ofPL118                 cinit        003D2
__end_ofPL12                  text15       00F0E
__end_ofPL120                 text15       00FFC
__end_ofPL122                 text32       006B2
__end_ofPL124                 text15       01000
__end_ofPL126                 cinit        003D7
__end_ofPL14                  text30       00587
__end_ofPL16                  text15       00F16
__end_ofPL18                  text15       00F1F
__end_ofPL2                   text15       00E9D
__end_ofPL20                  text15       00F25
__end_ofPL22                  text15       00F2C
__end_ofPL24                  text15       00F33
__end_ofPL26                  text15       00F42
__end_ofPL28                  text15       00F4A
__end_ofPL30                  text15       00F4F
__end_ofPL32                  text30       00595
__end_ofPL34                  text30       005A2
__end_ofPL36                  text15       00F5C
__end_ofPL38                  text15       00F68
__end_ofPL4                   text15       00EBA
__end_ofPL40                  cinit        0039F
__end_ofPL42                  text15       00F6F
__end_ofPL44                  text31       0073A
__end_ofPL46                  text15       00F76
__end_ofPL48                  text30       005AB
__end_ofPL50                  text15       00F7D
__end_ofPL52                  text15       00F84
__end_ofPL54                  text30       005B4
__end_ofPL56                  text15       00F8C
__end_ofPL58                  text15       00F93
__end_ofPL6                   text15       00ED7
__end_ofPL60                  text15       00F9B
__end_ofPL62                  text30       005BA
__end_ofPL64                  text15       00FA2
__end_ofPL66                  text15       00FA9
__end_ofPL68                  text15       00FB0
__end_ofPL70                  text30       005C1
__end_ofPL72                  cinit        003A6
__end_ofPL74                  text30       005C8
__end_ofPL76                  text15       00FB7
__end_ofPL78                  cinit        003AD
__end_ofPL8                   text15       00EDD
__end_ofPL80                  cinit        003B3
__end_ofPL82                  cinit        003BA
__end_ofPL84                  text15       00FBE
__end_ofPL86                  text15       00FC4
__end_ofPL88                  text31       00740
__end_ofPL90                  text15       00FCB
__end_ofPL92                  text15       00FD2
__end_ofPL94                  text30       005CF
__end_ofPL96                  text15       00FD9
__end_ofPL98                  text15       00FE0
__end_of_ADC_init             cinit        000FF
__end_of_ADC_interrupt        text33       0076C
__end_of_ADC_loop             cinit        00126
__end_of_DMX_init             cinit        0019B
__end_of_DMX_interrput        text32       006AD
__end_of_DMX_loop             text15       00C0C
__end_of_PFM_Read             cinit        000F3
__end_of_PFM_Write            cinit        00285
__end_of_PWM                  stringtext   01200
__end_of_RDM_GET_CC           text30       004B6
__end_of_RDM_SET_CC           cinit        00393
__end_of_RDM_TXSTART          text30       00543
__end_of_RDM_discovery_CC     text30       00523
__end_of_RDM_get_checkSum     cinit        0031D
__end_of_RDM_init             cinit        0023D
__end_of_RDM_rx_loop          cinit        002EE
__end_of_RDM_tx_TimerBreak    text30       00571
__end_of_RDM_tx_interrupt     text31       0072F
__end_of_TX_RDM_Response_Set  text30       00562
__end_of_UID                  stringtext   01206
__end_of___awtoft             text15       00E22
__end_of___bmul               cinit        0024A
__end_of___ftadd              text15       00D6D
__end_of___ftdiv              text15       00CBF
__end_of___ftge               text15       00C48
__end_of___ftmul              text15       00DC9
__end_of___ftpack             text15       00E07
__end_of___ftsub              text15       00C63
__end_of___fttol              text15       00E77
__end_of___lbtoft             text15       00C1C
__end_of___lwtoft             text15       00E87
__end_of__initialization      cinit        00067
__end_of_isr                  intentry     00013
__end_of_main                 cinit        000E5
__end_of_timer1_init          cinit        00323
__end_of_timer1_interrupt     text30       0043C
__end_of_timer1_switch        cinit        0035F
__initialization              cinit        00015
__pbssBANK0                   bssBANK0     0006C
__pbssBANK1                   bssBANK1     000A0
__pbssBANK2                   bssBANK2     00120
__pbssBANK3                   bssBANK3     001A0
__pbssBIGRAM                  (abs)        0237C
__pbssCOMMON                  bssCOMMON    00076
__pcstackBANK0                cstackBANK0  00020
__pcstackBANK3                cstackBANK3  001E8
__pcstackCOMMON               cstackCOMMON 00070
__pdataBANK1                  dataBANK1    000EB
__pdataBANK2                  dataBANK2    00164
__pdataBANK3                  dataBANK3    001DC
__pidataBANK1                 idataBANK1   00000
__pidataBANK2                 idataBANK2   00000
__pidataBANK3                 idataBANK3   00000
__pintentry                   intentry     00004
__pmaintext                   cinit        0006A
__pstringtext                 stringtext   01000
__pswtext1                    swtext1      00758
__pswtext2                    swtext2      0074C
__ptext1                      cinit        00323
__ptext10                     text30       00543
__ptext11                     text30       00562
__ptext12                     cinit        002EE
__ptext13                     cinit        0019B
__ptext14                     cinit        0023D
__ptext15                     text15       0094F
__ptext16                     text15       00E77
__ptext17                     text15       00C0C
__ptext18                     text15       00E22
__ptext19                     text15       00C48
__ptext2                      cinit        0031D
__ptext20                     text15       00CBF
__ptext21                     text15       00D6D
__ptext22                     text15       00C1C
__ptext23                     text15       00C63
__ptext24                     text15       00E07
__ptext25                     text15       00DC9
__ptext26                     cinit        00126
__ptext27                     cinit        000FF
__ptext28                     cinit        000F3
__ptext3                      cinit        00285
__ptext30                     text30       003D7
__ptext31                     text31       006B2
__ptext32                     text32       005D4
__ptext33                     text33       00762
__ptext4                      text30       004B6
__ptext5                      cinit        0035F
__ptext6                      cinit        0024A
__ptext7                      cinit        000E5
__ptext8                      text30       00442
__ptext9                      text30       00523
__size_of_ADC_init            (abs)        00000
__size_of_ADC_interrupt       (abs)        00000
__size_of_ADC_loop            (abs)        00000
__size_of_DMX_init            (abs)        00000
__size_of_DMX_interrput       (abs)        00000
__size_of_DMX_loop            (abs)        00000
__size_of_PFM_Read            (abs)        00000
__size_of_PFM_Write           (abs)        00000
__size_of_RDM_GET_CC          (abs)        00000
__size_of_RDM_SET_CC          (abs)        00000
__size_of_RDM_TXSTART         (abs)        00000
__size_of_RDM_discovery_CC    (abs)        00000
__size_of_RDM_get_checkSum    (abs)        00000
__size_of_RDM_init            (abs)        00000
__size_of_RDM_rx_loop         (abs)        00000
__size_of_RDM_tx_TimerBreak   (abs)        00000
__size_of_RDM_tx_interrupt    (abs)        00000
__size_of_TX_RDM_Response_Set (abs)        00000
__size_of___awtoft            (abs)        00000
__size_of___bmul              (abs)        00000
__size_of___ftadd             (abs)        00000
__size_of___ftdiv             (abs)        00000
__size_of___ftge              (abs)        00000
__size_of___ftmul             (abs)        00000
__size_of___ftpack            (abs)        00000
__size_of___ftsub             (abs)        00000
__size_of___fttol             (abs)        00000
__size_of___lbtoft            (abs)        00000
__size_of___lwtoft            (abs)        00000
__size_of_isr                 (abs)        00000
__size_of_main                (abs)        00000
__size_of_timer1_init         (abs)        00000
__size_of_timer1_interrupt    (abs)        00000
__size_of_timer1_switch       (abs)        00000
_checkSum                     bssBANK1     000C6
_i                            bssBANK1     000D2
_isr                          intentry     00004
_main                         cinit        0006A
_preRxData                    bssBANK3     001C0
_rxdata                       bssBANK1     000E1
_timer1_init                  cinit        0031D
_timer1_interrupt             text30       003D7
_timer1_switch                cinit        00323
btemp                         (abs)        0007E
clear_ram0                    clrtext      00740
end_of_initialization         cinit        00067
int$flags                     (abs)        0007E
intlevel0                     functab      00000
intlevel1                     functab      00000
intlevel2                     functab      00000
intlevel3                     functab      00000
intlevel4                     functab      00000
intlevel5                     functab      00000
reset_vec                     reset_vec    00000
stackhi                       (abs)        0237B
stacklo                       (abs)        02140
start                         init         00013
start_initialization          cinit        00015
timer1_switch@RxDat2          cstackCOMMON 00074
wtemp0                        (abs)        0007E


FUNCTION INFORMATION:

 *************** function _main *****************
 Defined at:
		line 24 in file "main.c"
 Parameters:    Size  Location     Type
		None
 Auto vars:     Size  Location     Type
		None
 Return value:  Size  Location     Type
                  1    wreg      void 
 Registers used:
		wreg, fsr0l, fsr0h, fsr1l, fsr1h, status,2, status,0, pclath, cstack
 Tracked objects:
		On entry : 
		On exit  : 
		Unchanged: 
 Data sizes:     COMMON   BANK0   BANK1   BANK2   BANK3   BANK4   BANK5   BANK6   BANK7   BANK8   BANK9  BANK10  BANK11  BANK12
      Params:         0       0       0       0       0       0       0       0       0       0       0       0       0       0
      Locals:         0       0       0       0       0       0       0       0       0       0       0       0       0       0
      Temps:          0       0       0       0       0       0       0       0       0       0       0       0       0       0
      Totals:         0       0       0       0       0       0       0       0       0       0       0       0       0       0
Total ram usage:        0 bytes
 Hardware stack levels required when called:    6
 This function calls:
		_ADC_init
		_ADC_loop
		_DMX_init
		_DMX_loop
		_PFM_Read
		_PFM_Write
		_RDM_init
		_RDM_rx_loop
		_timer1_init
		_timer1_switch
 This function is called by:
		Startup code after reset
 This function uses a non-reentrant model


 *************** function _timer1_switch *****************
 Defined at:
		line 121 in file "Timer.c"
 Parameters:    Size  Location     Type
		None
 Auto vars:     Size  Location     Type
  RxDat2          1    4[COMMON] volatile unsigned char 
 Return value:  Size  Location     Type
                  2  134[None  ] int 
 Registers used:
		wreg
 Tracked objects:
		On entry : 
		On exit  : 
		Unchanged: 
 Data sizes:     COMMON   BANK0   BANK1   BANK2   BANK3   BANK4   BANK5   BANK6   BANK7   BANK8   BANK9  BANK10  BANK11  BANK12
      Params:         0       0       0       0       0       0       0       0       0       0       0       0       0       0
      Locals:         1       0       0       0       0       0       0       0       0       0       0       0       0       0
      Temps:          0       0       0       0       0       0       0       0       0       0       0       0       0       0
      Totals:         1       0       0       0       0       0       0       0       0       0       0       0       0       0
Total ram usage:        1 bytes
 Hardware stack levels used:    1
 Hardware stack levels required when called:    2
 This function calls:
		Nothing
 This function is called by:
		_main
 This function uses a non-reentrant model


 *************** function _timer1_init *****************
 Defined at:
		line 15 in file "Timer.c"
 Parameters:    Size  Location     Type
		None
 Auto vars:     Size  Location     Type
		None
 Return value:  Size  Location     Type
                  2  110[None  ] int 
 Registers used:
		wreg
 Tracked objects:
		On entry : 
		On exit  : 
		Unchanged: 
 Data sizes:     COMMON   BANK0   BANK1   BANK2   BANK3   BANK4   BANK5   BANK6   BANK7   BANK8   BANK9  BANK10  BANK11  BANK12
      Params:         0       0       0       0       0       0       0       0       0       0       0       0       0       0
      Locals:         0       0       0       0       0       0       0       0       0       0       0       0       0       0
      Temps:          0       0       0       0       0       0       0       0       0       0       0       0       0       0
      Totals:         0       0       0       0       0       0       0       0       0       0       0       0       0       0
Total ram usage:        0 bytes
 Hardware stack levels used:    1
 Hardware stack levels required when called:    2
 This function calls:
		Nothing
 This function is called by:
		_main
 This function uses a non-reentrant model


 *************** function _RDM_rx_loop *****************
 Defined at:
		line 98 in file "RDM.c"
 Parameters:    Size  Location     Type
		None
 Auto vars:     Size  Location     Type
		None
 Return value:  Size  Location     Type
                  2  136[None  ] int 
 Registers used:
		wreg, fsr0l, fsr0h, fsr1l, fsr1h, status,2, status,0, pclath, cstack
 Tracked objects:
		On entry : 
		On exit  : 
		Unchanged: 
 Data sizes:     COMMON   BANK0   BANK1   BANK2   BANK3   BANK4   BANK5   BANK6   BANK7   BANK8   BANK9  BANK10  BANK11  BANK12
      Params:         0       0       0       0       0       0       0       0       0       0       0       0       0       0
      Locals:         0       0       0       0       0       0       0       0       0       0       0       0       0       0
      Temps:          0       1       0       0       0       0       0       0       0       0       0       0       0       0
      Totals:         0       1       0       0       0       0       0       0       0       0       0       0       0       0
Total ram usage:        1 bytes
 Hardware stack levels used:    1
 Hardware stack levels required when called:    5
 This function calls:
		_RDM_GET_CC
		_RDM_SET_CC
		_RDM_discovery_CC
		_RDM_get_checkSum
 This function is called by:
		_main
 This function uses a non-reentrant model


 *************** function _RDM_discovery_CC *****************
 Defined at:
		line 60 in file "RDM_Read.c"
 Parameters:    Size  Location     Type
		None
 Auto vars:     Size  Location     Type
		None
 Return value:  Size  Location     Type
                  1    wreg      void 
 Registers used:
		wreg, fsr0l, fsr0h, fsr1l, fsr1h, status,2, status,0, pclath, cstack
 Tracked objects:
		On entry : 
		On exit  : 
		Unchanged: 
 Data sizes:     COMMON   BANK0   BANK1   BANK2   BANK3   BANK4   BANK5   BANK6   BANK7   BANK8   BANK9  BANK10  BANK11  BANK12
      Params:         0       0       0       0       0       0       0       0       0       0       0       0       0       0
      Locals:         0       0       0       0       0       0       0       0       0       0       0       0       0       0
      Temps:          0       4       0       0       0       0       0       0       0       0       0       0       0       0
      Totals:         0       4       0       0       0       0       0       0       0       0       0       0       0       0
Total ram usage:        4 bytes
 Hardware stack levels used:    1
 Hardware stack levels required when called:    4
 This function calls:
		_RDM_TXSTART
 This function is called by:
		_RDM_rx_loop
 This function uses a non-reentrant model


 *************** function _RDM_SET_CC *****************
 Defined at:
		line 44 in file "RDM_Read.c"
 Parameters:    Size  Location     Type
		None
 Auto vars:     Size  Location     Type
		None
 Return value:  Size  Location     Type
                  1    wreg      void 
 Registers used:
		wreg, fsr0l, fsr0h, fsr1l, fsr1h, status,2, status,0, pclath, cstack
 Tracked objects:
		On entry : 
		On exit  : 
		Unchanged: 
 Data sizes:     COMMON   BANK0   BANK1   BANK2   BANK3   BANK4   BANK5   BANK6   BANK7   BANK8   BANK9  BANK10  BANK11  BANK12
      Params:         0       0       0       0       0       0       0       0       0       0       0       0       0       0
      Locals:         0       0       0       0       0       0       0       0       0       0       0       0       0       0
      Temps:          0       0       0       0       0       0       0       0       0       0       0       0       0       0
      Totals:         0       0       0       0       0       0       0       0       0       0       0       0       0       0
Total ram usage:        0 bytes
 Hardware stack levels used:    1
 Hardware stack levels required when called:    4
 This function calls:
		_PFM_Write
		_RDM_TXSTART
 This function is called by:
		_RDM_rx_loop
 This function uses a non-reentrant model


 *************** function _PFM_Write *****************
 Defined at:
		line 23 in file "PFM.c"
 Parameters:    Size  Location     Type
  AddrPFM         2    0[BANK0 ] unsigned int 
  Data            2    2[BANK0 ] unsigned int 
 Auto vars:     Size  Location     Type
		None
 Return value:  Size  Location     Type
                  1    wreg      void 
 Registers used:
		wreg, pclath, cstack
 Tracked objects:
		On entry : 
		On exit  : 
		Unchanged: 
 Data sizes:     COMMON   BANK0   BANK1   BANK2   BANK3   BANK4   BANK5   BANK6   BANK7   BANK8   BANK9  BANK10  BANK11  BANK12
      Params:         0       4       0       0       0       0       0       0       0       0       0       0       0       0
      Locals:         0       0       0       0       0       0       0       0       0       0       0       0       0       0
      Temps:          0       0       0       0       0       0       0       0       0       0       0       0       0       0
      Totals:         0       4       0       0       0       0       0       0       0       0       0       0       0       0
Total ram usage:        4 bytes
 Hardware stack levels used:    1
 Hardware stack levels required when called:    3
 This function calls:
		_PFM_Read
 This function is called by:
		_main
		_RDM_SET_CC
 This function uses a non-reentrant model


 *************** function _PFM_Read *****************
 Defined at:
		line 13 in file "PFM.c"
 Parameters:    Size  Location     Type
  AddrPFM         2    4[COMMON] unsigned int 
 Auto vars:     Size  Location     Type
		None
 Return value:  Size  Location     Type
                  2    4[COMMON] unsigned int 
 Registers used:
		wreg
 Tracked objects:
		On entry : 
		On exit  : 
		Unchanged: 
 Data sizes:     COMMON   BANK0   BANK1   BANK2   BANK3   BANK4   BANK5   BANK6   BANK7   BANK8   BANK9  BANK10  BANK11  BANK12
      Params:         2       0       0       0       0       0       0       0       0       0       0       0       0       0
      Locals:         0       0       0       0       0       0       0       0       0       0       0       0       0       0
      Temps:          0       0       0       0       0       0       0       0       0       0       0       0       0       0
      Totals:         2       0       0       0       0       0       0       0       0       0       0       0       0       0
Total ram usage:        2 bytes
 Hardware stack levels used:    1
 Hardware stack levels required when called:    2
 This function calls:
		Nothing
 This function is called by:
		_main
		_PFM_Write
 This function uses a non-reentrant model


 *************** function _RDM_GET_CC *****************
 Defined at:
		line 16 in file "RDM_Read.c"
 Parameters:    Size  Location     Type
		None
 Auto vars:     Size  Location     Type
		None
 Return value:  Size  Location     Type
                  1    wreg      void 
 Registers used:
		wreg, fsr0l, fsr0h, fsr1l, fsr1h, status,2, status,0, pclath, cstack
 Tracked objects:
		On entry : 
		On exit  : 
		Unchanged: 
 Data sizes:     COMMON   BANK0   BANK1   BANK2   BANK3   BANK4   BANK5   BANK6   BANK7   BANK8   BANK9  BANK10  BANK11  BANK12
      Params:         0       0       0       0       0       0       0       0       0       0       0       0       0       0
      Locals:         0       0       0       0       0       0       0       0       0       0       0       0       0       0
      Temps:          0       2       0       0       0       0       0       0       0       0       0       0       0       0
      Totals:         0       2       0       0       0       0       0       0       0       0       0       0       0       0
Total ram usage:        2 bytes
 Hardware stack levels used:    1
 Hardware stack levels required when called:    4
 This function calls:
		_RDM_TXSTART
 This function is called by:
		_RDM_rx_loop
 This function uses a non-reentrant model


 *************** function _RDM_TXSTART *****************
 Defined at:
		line 117 in file "RDM_Read.c"
 Parameters:    Size  Location     Type
		None
 Auto vars:     Size  Location     Type
		None
 Return value:  Size  Location     Type
                  1    wreg      void 
 Registers used:
		wreg, fsr0l, fsr0h, fsr1l, fsr1h, status,2, status,0, pclath, cstack
 Tracked objects:
		On entry : 
		On exit  : 
		Unchanged: 
 Data sizes:     COMMON   BANK0   BANK1   BANK2   BANK3   BANK4   BANK5   BANK6   BANK7   BANK8   BANK9  BANK10  BANK11  BANK12
      Params:         0       0       0       0       0       0       0       0       0       0       0       0       0       0
      Locals:         0       0       0       0       0       0       0       0       0       0       0       0       0       0
      Temps:          1       0       0       0       0       0       0       0       0       0       0       0       0       0
      Totals:         1       0       0       0       0       0       0       0       0       0       0       0       0       0
Total ram usage:        1 bytes
 Hardware stack levels used:    1
 Hardware stack levels required when called:    3
 This function calls:
		_RDM_get_checkSum
		_RDM_tx_TimerBreak
		_TX_RDM_Response_Set
 This function is called by:
		_RDM_GET_CC
		_RDM_SET_CC
		_RDM_discovery_CC
 This function uses a non-reentrant model


 *************** function _TX_RDM_Response_Set *****************
 Defined at:
		line 125 in file "RDM_Read.c"
 Parameters:    Size  Location     Type
		None
 Auto vars:     Size  Location     Type
		None
 Return value:  Size  Location     Type
                  1    wreg      void 
 Registers used:
		wreg, fsr1l, fsr1h, status,2, status,0
 Tracked objects:
		On entry : 
		On exit  : 
		Unchanged: 
 Data sizes:     COMMON   BANK0   BANK1   BANK2   BANK3   BANK4   BANK5   BANK6   BANK7   BANK8   BANK9  BANK10  BANK11  BANK12
      Params:         0       0       0       0       0       0       0       0       0       0       0       0       0       0
      Locals:         0       0       0       0       0       0       0       0       0       0       0       0       0       0
      Temps:          0       0       0       0       0       0       0       0       0       0       0       0       0       0
      Totals:         0       0       0       0       0       0       0       0       0       0       0       0       0       0
Total ram usage:        0 bytes
 Hardware stack levels used:    1
 Hardware stack levels required when called:    2
 This function calls:
		Nothing
 This function is called by:
		_RDM_TXSTART
 This function uses a non-reentrant model


 *************** function _RDM_tx_TimerBreak *****************
 Defined at:
		line 193 in file "RDM.c"
 Parameters:    Size  Location     Type
		None
 Auto vars:     Size  Location     Type
		None
 Return value:  Size  Location     Type
                  1    wreg      void 
 Registers used:
		wreg
 Tracked objects:
		On entry : 
		On exit  : 
		Unchanged: 
 Data sizes:     COMMON   BANK0   BANK1   BANK2   BANK3   BANK4   BANK5   BANK6   BANK7   BANK8   BANK9  BANK10  BANK11  BANK12
      Params:         0       0       0       0       0       0       0       0       0       0       0       0       0       0
      Locals:         0       0       0       0       0       0       0       0       0       0       0       0       0       0
      Temps:          0       0       0       0       0       0       0       0       0       0       0       0       0       0
      Totals:         0       0       0       0       0       0       0       0       0       0       0       0       0       0
Total ram usage:        0 bytes
 Hardware stack levels used:    1
 Hardware stack levels required when called:    2
 This function calls:
		Nothing
 This function is called by:
		_RDM_TXSTART
 This function uses a non-reentrant model


 *************** function _RDM_get_checkSum *****************
 Defined at:
		line 136 in file "RDM_Read.c"
 Parameters:    Size  Location     Type
  Data           24    0[BANK0 ] struct .
  len             1   24[BANK0 ] unsigned char 
 Auto vars:     Size  Location     Type
		None
 Return value:  Size  Location     Type
                  2    0[BANK0 ] unsigned int 
 Registers used:
		wreg, fsr1l, fsr1h, status,2, status,0
 Tracked objects:
		On entry : 
		On exit  : 
		Unchanged: 
 Data sizes:     COMMON   BANK0   BANK1   BANK2   BANK3   BANK4   BANK5   BANK6   BANK7   BANK8   BANK9  BANK10  BANK11  BANK12
      Params:         0      25       0       0       0       0       0       0       0       0       0       0       0       0
      Locals:         0       0       0       0       0       0       0       0       0       0       0       0       0       0
      Temps:          0       0       0       0       0       0       0       0       0       0       0       0       0       0
      Totals:         0      25       0       0       0       0       0       0       0       0       0       0       0       0
Total ram usage:       25 bytes
 Hardware stack levels used:    1
 Hardware stack levels required when called:    2
 This function calls:
		Nothing
 This function is called by:
		_RDM_rx_loop
		_RDM_TXSTART
 This function uses a non-reentrant model


 *************** function _RDM_init *****************
 Defined at:
		line 16 in file "RDM.c"
 Parameters:    Size  Location     Type
		None
 Auto vars:     Size  Location     Type
		None
 Return value:  Size  Location     Type
                  2  116[None  ] int 
 Registers used:
		wreg, fsr0l, fsr0h, fsr1l, fsr1h, status,2, status,0, pclath, cstack
 Tracked objects:
		On entry : 
		On exit  : 
		Unchanged: 
 Data sizes:     COMMON   BANK0   BANK1   BANK2   BANK3   BANK4   BANK5   BANK6   BANK7   BANK8   BANK9  BANK10  BANK11  BANK12
      Params:         0       0       0       0       0       0       0       0       0       0       0       0       0       0
      Locals:         0       0       0       0       0       0       0       0       0       0       0       0       0       0
      Temps:          0       2       0       0       0       0       0       0       0       0       0       0       0       0
      Totals:         0       2       0       0       0       0       0       0       0       0       0       0       0       0
Total ram usage:        2 bytes
 Hardware stack levels used:    1
 Hardware stack levels required when called:    3
 This function calls:
		___bmul
 This function is called by:
		_main
 This function uses a non-reentrant model


 *************** function ___bmul *****************
 Defined at:
		line 4 in file "C:\Program Files (x86)\Microchip\xc8\v1.41\sources\common\Umul8.c"
 Parameters:    Size  Location     Type
  multiplier      1    wreg     unsigned char 
  multiplicand    1    4[COMMON] unsigned char 
 Auto vars:     Size  Location     Type
  multiplier      1    1[BANK0 ] unsigned char 
  product         1    0[BANK0 ] unsigned char 
 Return value:  Size  Location     Type
                  1    wreg      unsigned char 
 Registers used:
		wreg, status,2, status,0
 Tracked objects:
		On entry : 
		On exit  : 
		Unchanged: 
 Data sizes:     COMMON   BANK0   BANK1   BANK2   BANK3   BANK4   BANK5   BANK6   BANK7   BANK8   BANK9  BANK10  BANK11  BANK12
      Params:         1       0       0       0       0       0       0       0       0       0       0       0       0       0
      Locals:         0       2       0       0       0       0       0       0       0       0       0       0       0       0
      Temps:          0       0       0       0       0       0       0       0       0       0       0       0       0       0
      Totals:         1       2       0       0       0       0       0       0       0       0       0       0       0       0
Total ram usage:        3 bytes
 Hardware stack levels used:    1
 Hardware stack levels required when called:    2
 This function calls:
		Nothing
 This function is called by:
		_RDM_init
 This function uses a non-reentrant model


 *************** function _DMX_loop *****************
 Defined at:
		line 68 in file "DMX.c"
 Parameters:    Size  Location     Type
		None
 Auto vars:     Size  Location     Type
		None
 Return value:  Size  Location     Type
                  1    wreg      void 
 Registers used:
		wreg, fsr0l, fsr0h, fsr1l, fsr1h, status,2, status,0, pclath, cstack
 Tracked objects:
		On entry : 
		On exit  : 
		Unchanged: 
 Data sizes:     COMMON   BANK0   BANK1   BANK2   BANK3   BANK4   BANK5   BANK6   BANK7   BANK8   BANK9  BANK10  BANK11  BANK12
      Params:         0       0       0       0       0       0       0       0       0       0       0       0       0       0
      Locals:         0       3       0       0       0       0       0       0       0       0       0       0       0       0
      Temps:          0       0       0       0       8       0       0       0       0       0       0       0       0       0
      Totals:         0       3       0       0       8       0       0       0       0       0       0       0       0       0
Total ram usage:       11 bytes
 Hardware stack levels used:    1
 Hardware stack levels required when called:    5
 This function calls:
		___awtoft
		___ftadd
		___ftdiv
		___ftge
		___ftmul
		___ftsub
		___fttol
		___lbtoft
		___lwtoft
 This function is called by:
		_main
 This function uses a non-reentrant model


 *************** function ___lwtoft *****************
 Defined at:
		line 28 in file "C:\Program Files (x86)\Microchip\xc8\v1.41\sources\common\lwtoft.c"
 Parameters:    Size  Location     Type
  c               2    8[BANK0 ] unsigned int 
 Auto vars:     Size  Location     Type
		None
 Return value:  Size  Location     Type
                  3    8[BANK0 ] float 
 Registers used:
		wreg, status,2, status,0, pclath, cstack
 Tracked objects:
		On entry : 
		On exit  : 
		Unchanged: 
 Data sizes:     COMMON   BANK0   BANK1   BANK2   BANK3   BANK4   BANK5   BANK6   BANK7   BANK8   BANK9  BANK10  BANK11  BANK12
      Params:         0       3       0       0       0       0       0       0       0       0       0       0       0       0
      Locals:         0       0       0       0       0       0       0       0       0       0       0       0       0       0
      Temps:          0       0       0       0       0       0       0       0       0       0       0       0       0       0
      Totals:         0       3       0       0       0       0       0       0       0       0       0       0       0       0
Total ram usage:        3 bytes
 Hardware stack levels used:    1
 Hardware stack levels required when called:    3
 This function calls:
		___ftpack
 This function is called by:
		_DMX_loop
 This function uses a non-reentrant model


 *************** function ___lbtoft *****************
 Defined at:
		line 27 in file "C:\Program Files (x86)\Microchip\xc8\v1.41\sources\common\lbtoft.c"
 Parameters:    Size  Location     Type
  c               1    wreg     unsigned char 
 Auto vars:     Size  Location     Type
  c               1    4[COMMON] unsigned char 
 Return value:  Size  Location     Type
                  3    8[BANK0 ] float 
 Registers used:
		wreg, status,2, status,0, pclath, cstack
 Tracked objects:
		On entry : 
		On exit  : 
		Unchanged: 
 Data sizes:     COMMON   BANK0   BANK1   BANK2   BANK3   BANK4   BANK5   BANK6   BANK7   BANK8   BANK9  BANK10  BANK11  BANK12
      Params:         0       4       0       0       0       0       0       0       0       0       0       0       0       0
      Locals:         1       0       0       0       0       0       0       0       0       0       0       0       0       0
      Temps:          0       0       0       0       0       0       0       0       0       0       0       0       0       0
      Totals:         1       4       0       0       0       0       0       0       0       0       0       0       0       0
Total ram usage:        5 bytes
 Hardware stack levels used:    1
 Hardware stack levels required when called:    3
 This function calls:
		___ftpack
 This function is called by:
		_DMX_loop
 This function uses a non-reentrant model


 *************** function ___fttol *****************
 Defined at:
		line 44 in file "C:\Program Files (x86)\Microchip\xc8\v1.41\sources\common\fttol.c"
 Parameters:    Size  Location     Type
  f1              3   60[BANK0 ] float 
 Auto vars:     Size  Location     Type
  lval            4   68[BANK0 ] unsigned long 
  exp1            1   72[BANK0 ] unsigned char 
  sign1           1   67[BANK0 ] unsigned char 
 Return value:  Size  Location     Type
                  4   60[BANK0 ] long 
 Registers used:
		wreg, status,2, status,0
 Tracked objects:
		On entry : 
		On exit  : 
		Unchanged: 
 Data sizes:     COMMON   BANK0   BANK1   BANK2   BANK3   BANK4   BANK5   BANK6   BANK7   BANK8   BANK9  BANK10  BANK11  BANK12
      Params:         0       4       0       0       0       0       0       0       0       0       0       0       0       0
      Locals:         0       6       0       0       0       0       0       0       0       0       0       0       0       0
      Temps:          0       3       0       0       0       0       0       0       0       0       0       0       0       0
      Totals:         0      13       0       0       0       0       0       0       0       0       0       0       0       0
Total ram usage:       13 bytes
 Hardware stack levels used:    1
 Hardware stack levels required when called:    2
 This function calls:
		Nothing
 This function is called by:
		_DMX_loop
 This function uses a non-reentrant model


 *************** function ___ftsub *****************
 Defined at:
		line 18 in file "C:\Program Files (x86)\Microchip\xc8\v1.41\sources\common\ftsub.c"
 Parameters:    Size  Location     Type
  f2              3   54[BANK0 ] float 
  f1              3   57[BANK0 ] float 
 Auto vars:     Size  Location     Type
		None
 Return value:  Size  Location     Type
                  3   54[BANK0 ] float 
 Registers used:
		wreg, status,2, status,0, pclath, cstack
 Tracked objects:
		On entry : 
		On exit  : 
		Unchanged: 
 Data sizes:     COMMON   BANK0   BANK1   BANK2   BANK3   BANK4   BANK5   BANK6   BANK7   BANK8   BANK9  BANK10  BANK11  BANK12
      Params:         0       6       0       0       0       0       0       0       0       0       0       0       0       0
      Locals:         0       0       0       0       0       0       0       0       0       0       0       0       0       0
      Temps:          0       0       0       0       0       0       0       0       0       0       0       0       0       0
      Totals:         0       6       0       0       0       0       0       0       0       0       0       0       0       0
Total ram usage:        6 bytes
 Hardware stack levels used:    1
 Hardware stack levels required when called:    4
 This function calls:
		___ftadd
 This function is called by:
		_DMX_loop
 This function uses a non-reentrant model


 *************** function ___ftadd *****************
 Defined at:
		line 86 in file "C:\Program Files (x86)\Microchip\xc8\v1.41\sources\common\ftadd.c"
 Parameters:    Size  Location     Type
  f1              3   42[BANK0 ] float 
  f2              3   45[BANK0 ] float 
 Auto vars:     Size  Location     Type
  exp1            1   53[BANK0 ] unsigned char 
  exp2            1   52[BANK0 ] unsigned char 
  sign            1   51[BANK0 ] unsigned char 
 Return value:  Size  Location     Type
                  3   42[BANK0 ] float 
 Registers used:
		wreg, status,2, status,0, pclath, cstack
 Tracked objects:
		On entry : 
		On exit  : 
		Unchanged: 
 Data sizes:     COMMON   BANK0   BANK1   BANK2   BANK3   BANK4   BANK5   BANK6   BANK7   BANK8   BANK9  BANK10  BANK11  BANK12
      Params:         0       6       0       0       0       0       0       0       0       0       0       0       0       0
      Locals:         0       3       0       0       0       0       0       0       0       0       0       0       0       0
      Temps:          0       3       0       0       0       0       0       0       0       0       0       0       0       0
      Totals:         0      12       0       0       0       0       0       0       0       0       0       0       0       0
[...]
Total ram usage:       15 bytes
 Hardware stack levels used:    1
 Hardware stack levels required when called:    3
 This function calls:
		___ftpack
 This function is called by:
		_DMX_loop
 This function uses a non-reentrant model


 *************** function ___awtoft *****************
 Defined at:
		line 32 in file "C:\Program Files (x86)\Microchip\xc8\v1.41\sources\common\awtoft.c"
 Parameters:    Size  Location     Type
  c               2    8[BANK0 ] int 
 Auto vars:     Size  Location     Type
  sign            1    4[COMMON] unsigned char 
 Return value:  Size  Location     Type
                  3    8[BANK0 ] float 
 Registers used:
		wreg, status,2, status,0, pclath, cstack
 Tracked objects:
		On entry : 
		On exit  : 
		Unchanged: 
 Data sizes:     COMMON   BANK0   BANK1   BANK2   BANK3   BANK4   BANK5   BANK6   BANK7   BANK8   BANK9  BANK10  BANK11  BANK12
      Params:         0       3       0       0       0       0       0       0       0       0       0       0       0       0
      Locals:         1       0       0       0       0       0       0       0       0       0       0       0       0       0
      Temps:          0       0       0       0       0       0       0       0       0       0       0       0       0       0
      Totals:         1       3       0       0       0       0       0       0       0       0       0       0       0       0
Total ram usage:        4 bytes
 Hardware stack levels used:    1
 Hardware stack levels required when called:    3
 This function calls:
		___ftpack
 This function is called by:
		_DMX_loop
 This function uses a non-reentrant model


 *************** function ___ftpack *****************
 Defined at:
		line 62 in file "C:\Program Files (x86)\Microchip\xc8\v1.41\sources\common\float.c"
 Parameters:    Size  Location     Type
  arg             3    0[BANK0 ] unsigned um
  exp             1    3[BANK0 ] unsigned char 
  sign            1    4[BANK0 ] unsigned char 
 Auto vars:     Size  Location     Type
		None
 Return value:  Size  Location     Type
                  3    0[BANK0 ] float 
 Registers used:
		wreg, status,2, status,0
 Tracked objects:
		On entry : 
		On exit  : 
		Unchanged: 
 Data sizes:     COMMON   BANK0   BANK1   BANK2   BANK3   BANK4   BANK5   BANK6   BANK7   BANK8   BANK9  BANK10  BANK11  BANK12
      Params:         0       5       0       0       0       0       0       0       0       0       0       0       0       0
      Locals:         0       0       0       0       0       0       0       0       0       0       0       0       0       0
      Temps:          0       3       0       0       0       0       0       0       0       0       0       0       0       0
      Totals:         0       8       0       0       0       0       0       0       0       0       0       0       0       0
Total ram usage:        8 bytes
 Hardware stack levels used:    1
 Hardware stack levels required when called:    2
 This function calls:
		Nothing
 This function is called by:
		___awtoft
		___ftadd
		___ftdiv
		___ftmul
		___lbtoft
		___lwtoft
 This function uses a non-reentrant model


 *************** function _DMX_init *****************
 Defined at:
		line 17 in file "DMX.c"
 Parameters:    Size  Location     Type
		None
 Auto vars:     Size  Location     Type
		None
 Return value:  Size  Location     Type
                  1    wreg      void 
 Registers used:
		wreg, fsr0l, fsr0h, fsr1l, fsr1h, status,2, status,0
 Tracked objects:
		On entry : 
		On exit  : 
		Unchanged: 
 Data sizes:     COMMON   BANK0   BANK1   BANK2   BANK3   BANK4   BANK5   BANK6   BANK7   BANK8   BANK9  BANK10  BANK11  BANK12
      Params:         0       0       0       0       0       0       0       0       0       0       0       0       0       0
      Locals:         0       0       0       0       0       0       0       0       0       0       0       0       0       0
      Temps:          0       3       0       0       0       0       0       0       0       0       0       0       0       0
      Totals:         0       3       0       0       0       0       0       0       0       0       0       0       0       0
Total ram usage:        3 bytes
 Hardware stack levels used:    1
 Hardware stack levels required when called:    2
 This function calls:
		Nothing
 This function is called by:
		_main
 This function uses a non-reentrant model


 *************** function _ADC_loop *****************
 Defined at:
		line 32 in file "ADC.c"
 Parameters:    Size  Location     Type
		None
 Auto vars:     Size  Location     Type
		None
 Return value:  Size  Location     Type
                  2  132[None  ] int 
 Registers used:
		wreg, fsr0l, fsr0h, status,2, status,0, pclath
 Tracked objects:
		On entry : 
		On exit  : 
		Unchanged: 
 Data sizes:     COMMON   BANK0   BANK1   BANK2   BANK3   BANK4   BANK5   BANK6   BANK7   BANK8   BANK9  BANK10  BANK11  BANK12
      Params:         0       0       0       0       0       0       0       0       0       0       0       0       0       0
      Locals:         0       0       0       0       0       0       0       0       0       0       0       0       0       0
      Temps:          2       0       0       0       0       0       0       0       0       0       0       0       0       0
      Totals:         2       0       0       0       0       0       0       0       0       0       0       0       0       0
Total ram usage:        2 bytes
 Hardware stack levels used:    1
 Hardware stack levels required when called:    2
 This function calls:
		Nothing
 This function is called by:
		_main
 This function uses a non-reentrant model


 *************** function _ADC_init *****************
 Defined at:
		line 14 in file "ADC.c"
 Parameters:    Size  Location     Type
		None
 Auto vars:     Size  Location     Type
		None
 Return value:  Size  Location     Type
                  2  112[None  ] int 
 Registers used:
		wreg
 Tracked objects:
		On entry : 
		On exit  : 
		Unchanged: 
 Data sizes:     COMMON   BANK0   BANK1   BANK2   BANK3   BANK4   BANK5   BANK6   BANK7   BANK8   BANK9  BANK10  BANK11  BANK12
      Params:         0       0       0       0       0       0       0       0       0       0       0       0       0       0
      Locals:         0       0       0       0       0       0       0       0       0       0       0       0       0       0
      Temps:          0       0       0       0       0       0       0       0       0       0       0       0       0       0
      Totals:         0       0       0       0       0       0       0       0       0       0       0       0       0       0
Total ram usage:        0 bytes
 Hardware stack levels used:    1
 Hardware stack levels required when called:    2
 This function calls:
		Nothing
 This function is called by:
		_main
 This function uses a non-reentrant model


 *************** function _isr *****************
 Defined at:
		line 87 in file "main.c"
 Parameters:    Size  Location     Type
		None
 Auto vars:     Size  Location     Type
		None
 Return value:  Size  Location     Type
                  1    wreg      void 
 Registers used:
		wreg, fsr0l, fsr0h, fsr1l, fsr1h, status,2, status,0, pclath, cstack
 Tracked objects:
		On entry : 
		On exit  : 
		Unchanged: 
 Data sizes:     COMMON   BANK0   BANK1   BANK2   BANK3   BANK4   BANK5   BANK6   BANK7   BANK8   BANK9  BANK10  BANK11  BANK12
      Params:         0       0       0       0       0       0       0       0       0       0       0       0       0       0
      Locals:         0       0       0       0       0       0       0       0       0       0       0       0       0       0
      Temps:          0       0       0       0       0       0       0       0       0       0       0       0       0       0
      Totals:         0       0       0       0       0       0       0       0       0       0       0       0       0       0
Total ram usage:        0 bytes
 Hardware stack levels used:    1
 Hardware stack levels required when called:    1
 This function calls:
		_ADC_interrupt
		_DMX_interrput
		_RDM_tx_interrupt
		_timer1_interrupt
 This function is called by:
		Interrupt level 1
 This function uses a non-reentrant model


 *************** function _timer1_interrupt *****************
 Defined at:
		line 24 in file "Timer.c"
 Parameters:    Size  Location     Type
		None
 Auto vars:     Size  Location     Type
		None
 Return value:  Size  Location     Type
                  2  142[None  ] int 
 Registers used:
		wreg, fsr0l, fsr0h, status,2, status,0
 Tracked objects:
		On entry : 
		On exit  : 
		Unchanged: 
 Data sizes:     COMMON   BANK0   BANK1   BANK2   BANK3   BANK4   BANK5   BANK6   BANK7   BANK8   BANK9  BANK10  BANK11  BANK12
      Params:         0       0       0       0       0       0       0       0       0       0       0       0       0       0
      Locals:         0       0       0       0       0       0       0       0       0       0       0       0       0       0
      Temps:          1       0       0       0       0       0       0       0       0       0       0       0       0       0
      Totals:         1       0       0       0       0       0       0       0       0       0       0       0       0       0
Total ram usage:        1 bytes
 Hardware stack levels used:    1
 This function calls:
		Nothing
 This function is called by:
		_isr
 This function uses a non-reentrant model


 *************** function _RDM_tx_interrupt *****************
 Defined at:
		line 127 in file "RDM.c"
 Parameters:    Size  Location     Type
		None
 Auto vars:     Size  Location     Type
		None
 Return value:  Size  Location     Type
                  2  144[None  ] int 
 Registers used:
		wreg, fsr0l, fsr0h, fsr1l, fsr1h, status,2, status,0
 Tracked objects:
		On entry : 
		On exit  : 
		Unchanged: 
 Data sizes:     COMMON   BANK0   BANK1   BANK2   BANK3   BANK4   BANK5   BANK6   BANK7   BANK8   BANK9  BANK10  BANK11  BANK12
      Params:         0       0       0       0       0       0       0       0       0       0       0       0       0       0
      Locals:         0       0       0       0       0       0       0       0       0       0       0       0       0       0
      Temps:          4       0       0       0       0       0       0       0       0       0       0       0       0       0
      Totals:         4       0       0       0       0       0       0       0       0       0       0       0       0       0
Total ram usage:        4 bytes
 Hardware stack levels used:    1
 This function calls:
		Nothing
 This function is called by:
		_isr
 This function uses a non-reentrant model


 *************** function _DMX_interrput *****************
 Defined at:
		line 192 in file "DMX.c"
 Parameters:    Size  Location     Type
		None
 Auto vars:     Size  Location     Type
  RxDat           1    2[COMMON] volatile unsigned char 
 Return value:  Size  Location     Type
                  2  140[None  ] int 
 Registers used:
		wreg, fsr0l, fsr0h, fsr1l, fsr1h, status,2, status,0
 Tracked objects:
		On entry : 
		On exit  : 
		Unchanged: 
 Data sizes:     COMMON   BANK0   BANK1   BANK2   BANK3   BANK4   BANK5   BANK6   BANK7   BANK8   BANK9  BANK10  BANK11  BANK12
      Params:         0       0       0       0       0       0       0       0       0       0       0       0       0       0
      Locals:         1       0       0       0       0       0       0       0       0       0       0       0       0       0
      Temps:          2       0       0       0       0       0       0       0       0       0       0       0       0       0
      Totals:         3       0       0       0       0       0       0       0       0       0       0       0       0       0
Total ram usage:        3 bytes
 Hardware stack levels used:    1
 This function calls:
		Nothing
 This function is called by:
		_isr
 This function uses a non-reentrant model


 *************** function _ADC_interrupt *****************
 Defined at:
		line 43 in file "ADC.c"
 Parameters:    Size  Location     Type
		None
 Auto vars:     Size  Location     Type
		None
 Return value:  Size  Location     Type
                  2  138[None  ] int 
 Registers used:
		wreg
 Tracked objects:
		On entry : 
		On exit  : 
		Unchanged: 
 Data sizes:     COMMON   BANK0   BANK1   BANK2   BANK3   BANK4   BANK5   BANK6   BANK7   BANK8   BANK9  BANK10  BANK11  BANK12
      Params:         0       0       0       0       0       0       0       0       0       0       0       0       0       0
      Locals:         0       0       0       0       0       0       0       0       0       0       0       0       0       0
      Temps:          0       0       0       0       0       0       0       0       0       0       0       0       0       0
      Totals:         0       0       0       0       0       0       0       0       0       0       0       0       0       0
Total ram usage:        0 bytes
 Hardware stack levels used:    1
 This function calls:
		Nothing
 This function is called by:
		_isr
 This function uses a non-reentrant model



MODULE INFORMATION

Module		Function		Class		Link	Load	Size
RDM_Read.c
		_RDM_discovery_CC		CODE           	04B6	0000	110
		_RDM_get_checkSum		CODE           	02EE	0000	48
		_RDM_GET_CC    		CODE           	0442	0000	117
		_TX_RDM_Response_Set		CODE           	0543	0000	32
		_RDM_SET_CC    		CODE           	035F	0000	53
		_RDM_TXSTART   		CODE           	0523	0000	33

RDM_Read.c estimated size: 393

DMX.c
		_DMX_interrput 		CODE           	05D4	0000	218
		_DMX_loop      		CODE           	094F	0000	702
		_DMX_init      		CODE           	0126	0000	118

DMX.c estimated size: 1038

Timer.c
		_timer1_init   		CODE           	031D	0000	7
		_timer1_switch 		CODE           	0323	0000	61
		_timer1_interrupt		CODE           	03D7	0000	102

Timer.c estimated size: 170

C:\Program Files (x86)\Microchip\xc8\v1.41\sources\common\Umul8.c
		___bmul        		CODE           	023D	0000	14

C:\Program Files (x86)\Microchip\xc8\v1.41\sources\common\Umul8.c estimated size: 14

C:\Program Files (x86)\Microchip\xc8\v1.41\sources\common\fttol.c
		___fttol       		CODE           	0E22	0000	86

C:\Program Files (x86)\Microchip\xc8\v1.41\sources\common\fttol.c estimated size: 86

RDM.c
		_RDM_init      		CODE           	019B	0000	163
		_RDM_rx_loop   		CODE           	0285	0000	106
		_RDM_tx_TimerBreak		CODE           	0562	0000	16
		_RDM_tx_interrupt		CODE           	06B2	0000	126

RDM.c estimated size: 411

C:\Program Files (x86)\Microchip\xc8\v1.41\sources\common\ftadd.c
		___ftadd       		CODE           	0CBF	0000	175

C:\Program Files (x86)\Microchip\xc8\v1.41\sources\common\ftadd.c estimated size: 175

C:\Program Files (x86)\Microchip\xc8\v1.41\sources\common\ftge.c
		___ftge        		CODE           	0C1C	0000	45

C:\Program Files (x86)\Microchip\xc8\v1.41\sources\common\ftge.c estimated size: 45

C:\Program Files (x86)\Microchip\xc8\v1.41\sources\common\ftsub.c
		___ftsub       		CODE           	0C48	0000	28

C:\Program Files (x86)\Microchip\xc8\v1.41\sources\common\ftsub.c estimated size: 28

C:\Program Files (x86)\Microchip\xc8\v1.41\sources\common\float.c
		___ftpack      		CODE           	0DC9	0000	63

C:\Program Files (x86)\Microchip\xc8\v1.41\sources\common\float.c estimated size: 63

PFM.c
		_PFM_Write     		CODE           	024A	0000	60
		_PFM_Read      		CODE           	00E5	0000	15

PFM.c estimated size: 75

shared
		PL12           		CODE           	0EF6	0000	25
		PL50           		CODE           	0F76	0000	8
		PL8            		CODE           	0ED7	0000	7
		PL22           		CODE           	0F25	0000	8
		PL60           		CODE           	0F93	0000	9
		PL100          		CODE           	0FE0	0000	7
		PL32           		CODE           	0587	0000	15
		PL70           		CODE           	05BA	0000	8
		PL42           		CODE           	0F68	0000	8
		PL80           		CODE           	03AD	0000	7
		PL110          		CODE           	0FF2	0000	7
		PL14           		CODE           	0571	0000	23
		PL52           		CODE           	0F7D	0000	8
		PL90           		CODE           	0FC4	0000	8
		_PWM           		STRCODE        	1000	0000	513
		PL24           		CODE           	0F2C	0000	8
		PL62           		CODE           	05B4	0000	7
		PL120          		CODE           	0FF8	0000	5
		PL34           		CODE           	0595	0000	14
		PL72           		CODE           	039F	0000	8
		PL44           		CODE           	072F	0000	12
		PL82           		CODE           	03B3	0000	8
		PL16           		CODE           	0F0E	0000	9
		PL54           		CODE           	05AB	0000	10
		PL92           		CODE           	0FCB	0000	8
		PL26           		CODE           	0F33	0000	16
		PL64           		CODE           	0F9B	0000	8
		PL102          		CODE           	0FE6	0000	7
		PL36           		CODE           	0F4F	0000	14
		PL74           		CODE           	05C1	0000	8
		PL46           		CODE           	0F6F	0000	8
		PL84           		CODE           	0FB7	0000	8
		PL112          		CODE           	03C0	0000	7
		PL18           		CODE           	0F16	0000	10
		PL56           		CODE           	0F84	0000	9
		PL94           		CODE           	05C8	0000	8
		PL28           		CODE           	0F42	0000	9
		PL66           		CODE           	0FA2	0000	8
		PL122          		CODE           	06AD	0000	6
		PL38           		CODE           	0F5C	0000	13
		PL76           		CODE           	0FB0	0000	8
		PL48           		CODE           	05A2	0000	10
		PL86           		CODE           	0FBE	0000	7
		PL58           		CODE           	0F8C	0000	8
		PL96           		CODE           	0FD2	0000	8
		PL68           		CODE           	0FA9	0000	8
		PL104          		CODE           	03BA	0000	7
		PL78           		CODE           	03A6	0000	8
		PL88           		CODE           	073A	0000	7
		PL114          		CODE           	03C6	0000	7
		PL98           		CODE           	0FD9	0000	8
		_UID           		STRCODE        	1200	0000	7
		PL124          		CODE           	0FFC	0000	5
		__initialization		CODE           	0015	0000	83
		PL106          		CODE           	0FEC	0000	7
		PL116          		CODE           	043C	0000	7
		PL126          		CODE           	03D2	0000	6
		PL108          		CODE           	05CF	0000	6
		PL118          		CODE           	03CC	0000	7
		PL2            		CODE           	0E87	0000	23
		PL10           		CODE           	0EDD	0000	26
		PL4            		CODE           	0E9D	0000	30
		PL20           		CODE           	0F1F	0000	7
		PL30           		CODE           	0F4A	0000	6
		PL6            		CODE           	0EBA	0000	30
		PL40           		CODE           	0393	0000	13

shared estimated size: 1238

ADC.c
		_ADC_interrupt 		CODE           	0762	0000	11
		_ADC_loop      		CODE           	00FF	0000	40
		_ADC_init      		CODE           	00F3	0000	13

ADC.c estimated size: 64

C:\Program Files (x86)\Microchip\xc8\v1.41\sources\common\awtoft.c
		___awtoft      		CODE           	0E07	0000	28

C:\Program Files (x86)\Microchip\xc8\v1.41\sources\common\awtoft.c estimated size: 28

C:\Program Files (x86)\Microchip\xc8\v1.41\sources\common\lbtoft.c
		___lbtoft      		CODE           	0C0C	0000	17

C:\Program Files (x86)\Microchip\xc8\v1.41\sources\common\lbtoft.c estimated size: 17

C:\Program Files (x86)\Microchip\xc8\v1.41\sources\common\ftmul.c
		___ftmul       		CODE           	0D6D	0000	93

C:\Program Files (x86)\Microchip\xc8\v1.41\sources\common\ftmul.c estimated size: 93

C:\Program Files (x86)\Microchip\xc8\v1.41\sources\common\lwtoft.c
		___lwtoft      		CODE           	0E77	0000	17

C:\Program Files (x86)\Microchip\xc8\v1.41\sources\common\lwtoft.c estimated size: 17

main.c
		_main          		CODE           	006A	0000	124
		_isr           		CODE           	0004	0000	16

main.c estimated size: 140

C:\Program Files (x86)\Microchip\xc8\v1.41\sources\common\ftdiv.c
		___ftdiv       		CODE           	0C63	0000	93

C:\Program Files (x86)\Microchip\xc8\v1.41\sources\common\ftdiv.c estimated size: 93

